C_ACCEPT_CONTRACT = 38370
C_ACCEPT_FRIEND = 41462
C_ACCEPT_GUILD_APPLY = 64998
C_ADD_CRYSTAL_COMBINE_MATERIAL = 52888
C_ADD_FRIEND = 61846
C_ADD_FRIEND_GROUP = 45775
C_ADD_INTER_PARTY_MATCH_POOL = 45941
C_ADD_ITEM_TO_VM_BUY_BASKET = 37741
C_ADD_ITEM_TO_VM_SELL_BASKET = 53707
C_ADD_TELEPORT_TO_POS_LIST = 34962
C_ADD_TRADE_BAG = 57510
C_ADMIN = 36642
C_ADMIN_ADD_CUSTOM_BOOKMARK = 39330
C_ADMIN_CHAT_BAN = 35021
C_ADMIN_CHECK_USERNAME = 21154
C_ADMIN_GET_DUNGEON_USER_LIST = 56770
C_ADMIN_GET_USER_INFO_BY_DBID = 56491
C_ADMIN_GET_USER_INFO_LIST_BY_DISTANCE = 33553
C_ADMIN_GMEVENT_NOTICE = 31087
C_ADMIN_GMEVENT_OFF = 44274
C_ADMIN_GMEVENT_OX_QUIZ_NEXT_QUIZ = 61157
C_ADMIN_GMEVENT_OX_QUIZ_NEXT_REPE_QUIZ = 40119
C_ADMIN_GMEVENT_STATUS = 64831
C_ADMIN_GMEVENT_USER_KICK = 61624
C_ADMIN_GMEVENT_USER_SUMMON = 20460
C_ADMIN_GM_MAPTELEPORT = 31143
C_ADMIN_GM_SKILL = 59288
C_ADMIN_GM_TELEPORT = 60967
C_ADMIN_HOLD_CHARACTER = 65494
C_ADMIN_KILL_NPC = 42556
C_ADMIN_LOBBY = 22953
C_ADMIN_REMOVE_CUSTOM_BOOKMARK = 28337
C_ADMIN_REMOVE_NPC = 24871
C_ADMIN_REQUEST_CUSTOM_BOOKMARK = 25046
C_ADMIN_REQUEST_DEFAULT_BOOKMARK = 41466
C_ADMIN_REQUEST_USERACTION = 55119
C_ADMIN_REQUEST_USERINFO = 25398
C_ADMIN_SPAWN_NPC = 44809
C_ADMIN_VANISH_PET = 45703
C_ADMIN_WARNING_MESSAGE = 53334
C_ANSWER_BANNING_PARTY_MEMBER = 65193
C_ANS_QUEST_SHARE = 45552
C_APPLY_GUILD = 53919
C_APPLY_INVEN_POCKET_SORT = 39339
C_APPLY_PARTY = 24517
C_APPLY_TITLE = 37345
C_ARRIVE_AT_JUMPGEAR_DESTINATION = 59298
C_ASK_HANCOIN_AMOUNT = 61069
C_ASK_INTERACTIVE = 53101
C_AVAILABLE_EVENT_MATCHING_LIST = 37837
C_AWESOMIUM_WEB_COUNTING = 49263
C_BANISH_GUILD_MEMBER = 42042
C_BAN_FROM_GROUP_DUEL = 54571
C_BAN_PARTY_MEMBER = 58548
C_BATTLE_FIELD_BOARD_REQUEST = 22577
C_BATTLE_FIELD_CANCEL_OCCUPATION = 59304
C_BATTLE_FIELD_HELP = 56372
C_BATTLE_FIELD_MAP_ALARM = 42285
C_BATTLE_FIELD_POINT_STORE_BUY_ADD_BASKET = 61366
C_BATTLE_FIELD_POINT_STORE_BUY_DEL_BASKET = 57179
C_BATTLE_FIELD_POINT_STORE_COMMIT = 44622
C_BATTLE_FIELD_REWARD = 47847
C_BATTLE_FIELD_START_OCCUPATION = 37271
C_BETTING_TRY = 51525
C_BIND_ITEM_BEGIN_PROGRESS = 22129
C_BIND_ITEM_EXECUTE = 33670
C_BLOCK_USER = 38733
C_BOARD_ITEM_LIST = 58847
C_BROADCAST_CLIMBING = 58362
C_BUY_INGAMESTORE_MONEYPRODUCT = 47783
C_BUY_INGAMESTORE_TCATPRODUCT = 54997
C_BUY_VILLAGER_BUFF = 26599
C_CANCEL_CHANGE_USER_APPEARANCE = 24204
C_CANCEL_CONTRACT = 21516
C_CANCEL_DELETE_USER = 58849
C_CANCEL_DUNGEON_RETRY = 24346
C_CANCEL_EXIT = 36059
C_CANCEL_FIX_VEHICLE = 28368
C_CANCEL_LOCKON_TARGET = 55224
C_CANCEL_PENDING = 32666
C_CANCEL_PREPARE_CHANGE_USER_APPEARANCE = 28369
C_CANCEL_QUEST = 39642
C_CANCEL_RETURN_TO_LOBBY = 33277
C_CANCEL_REVIVE = 55948
C_CANCEL_SELECT_CHANNEL = 43899
C_CANCEL_SKILL = 33668
C_CAN_CREATE_USER = 41707
C_CAN_LOCKON_TARGET = 63103
C_CAST_FISHING_ROD = 42197
C_CHANGE_CHANNEL_PASSWORD = 37199
C_CHANGE_CHARACTER = 39018
C_CHANGE_EQUIP_PRESET = 51427
C_CHANGE_FRIEND_MEMO = 25689
C_CHANGE_GROUP_DUEL_SETTING = 29663
C_CHANGE_GUILDGROUP = 23551
C_CHANGE_GUILDNAME = 27270
C_CHANGE_GUILD_CHIEF = 21869
C_CHANGE_ITEM_COLORING_POTION = 51167
C_CHANGE_ITEM_PASSIVE_LIST = 37959
C_CHANGE_LOOKS_PREMIUM_TRY = 50818
C_CHANGE_LOOKS_SERVANT = 51043
C_CHANGE_MY_PROFILE = 43955
C_CHANGE_MY_STATE = 61263
C_CHANGE_PARTY_MANAGER = 63290
C_CHANGE_PARTY_MEMBER_AUTHORITY = 62133
C_CHANGE_SERVANT_CONDITIONAL_SKILL = 59106
C_CHANGE_SERVANT_NAME = 49515
C_CHANGE_USER_LOBBY_SLOT_ID = 24933
C_CHANGE_USER_NAME = 24427
C_CHANGE_VM_MODE = 52881
C_CHAT = 31736
C_CHAT_REPORT = 65488
C_CHECK_CHANGE_GUILDNAME = 56557
C_CHECK_EVENT_MATCHING_LIST_CHECKBOX = 27927
C_CHECK_EVENT_SYSTEM_REWARD = 62453
C_CHECK_TO_DECLARE_GUILD_WAR = 57655
C_CHECK_TO_OPPOSITE_DECLARE_GUILD_WAR = 64207
C_CHECK_TO_READY_PARTY = 57341
C_CHECK_TO_READY_PARTY_ANSWER = 59755
C_CHECK_USERNAME = 55454
C_CHECK_VERSION = 19900
C_CITY_WAR_INFO_HISTROY = 42985
C_CITY_WAR_SEASON_HISTROY = 40446
C_CLEAR_SEND_PARCEL = 35324
C_CLOSE_SEND_PARCEL = 61671
C_CLOSE_VM = 26864
C_COLLECTION_PICKEND = 44722
C_COLLECTION_PICKSTART = 35319
C_COMBINE_ITEM = 40779
C_COMMIT_ACCESSORY_TRANSFORM = 53819
C_COMMIT_CHANGE_USER_APPEARANCE = 53843
C_COMMIT_FACE_BONE_DATA = 28787
C_COMMIT_INGAME_CHANGE_USER_APPEARANCE = 51860
C_COMMIT_VM_TRADE = 56595
C_COMPLETE_DAILY_EVENT = 23022
C_COMPLETE_EXTRA_EVENT = 31947
C_COMPLETE_QUEST = 53764
C_CONFIRM_EVENT_SYSTEM = 55267
C_CONFIRM_INVITE_CODE = 50444
C_CONFIRM_SERVANT_AUTO_POTION_INFO = 20018
C_CONFIRM_UPDATE_NOTIFICATION = 26612
C_CREATE_GROUP_DUEL = 29369
C_CREATE_GUILDGROUP = 59873
C_CREATE_PRIVATE_CHANNEL = 64791
C_CREATE_USER = 56202
C_CREST_APPLY = 47986
C_CREST_APPLY_LIST = 49479
C_CREST_DISAPPLY_ALL = 41189
C_CRYSTAL_COMBINE_EXECUTE = 28812
C_CURRENT_CHANNEL = 64920
C_CUSTOM_USER_CUSTOMIZING = 64148
C_DECLARE_GUILD_WAR = 65479
C_DECOMPOSE_REGISTER_ITEM = 55570
C_DECOMPOSE_UNREGISTER_ITEM = 36198
C_DELETE_COUPON = 51011
C_DELETE_FRIEND = 44119
C_DELETE_FRIEND_GROUP = 34720
C_DELETE_PARCEL = 44680
C_DELETE_SERVANT = 57359
C_DELETE_SERVANT_ABILITY = 28730
C_DELETE_TELEPORT_TO_POS_LIST = 48340
C_DELETE_USER = 25289
C_DELIVERY_STORE_ADD_BASKET = 28834
C_DELIVERY_STORE_COMMIT = 26282
C_DELIVERY_STORE_DEL_BASKET = 55816
C_DEL_CRYSTAL_COMBINE_MATERIAL = 42727
C_DEL_INTER_PARTY_MATCH_POOL = 43592
C_DEL_ITEM = 65285
C_DESPAWN_BUILD_OBJECT = 44154
C_DESTROY_GUILD = 35193
C_DIALOG = 65171
C_DIALOG_EVENT = 27796
C_DISMISS_PARTY = 65021
C_DISTRIBUTOR_ANSWER = 33456
C_DUEL_CANCEL = 25057
C_DUNGEON_CLEAR_COUNT_LIST = 25879
C_DUNGEON_COOL_TIME_LIST = 62604
C_DUNGEON_RANK_RECORD_LIST = 44753
C_DUNGEON_RANK_SEASON_LIST = 57211
C_DUNGEON_SUMMON_PARTY = 46694
C_DUNGEON_UI_OPENED = 20716
C_DUNGEON_WORK_ENTER = 53292
C_DUNGEON_WORK_LEAVE = 45558
C_DUNGEON_WORK_POINT_STORE_BUY_ADD_BASKET = 24975
C_DUNGEON_WORK_POINT_STORE_BUY_DEL_BASKET = 46307
C_DUNGEON_WORK_POINT_STORE_COMMIT = 46313
C_DUNGEON_WORK_RETRY = 41487
C_EDIT_BLOCKED_USER_MEMO = 29359
C_EDIT_FRIEND_GROUP = 54862
C_EDIT_PRIVATE_CHANNEL = 26378
C_ENCHANTER_USE = 43731
C_END_CLIMBING = 22414
C_END_CUSTOMIZING_PARTS_SHAPE = 45990
C_END_FISHING_MINIGAME = 29882
C_END_ITEM_BIDDING = 36932
C_END_MOVIE = 31997
C_END_RESTORE_CUSTOMIZING_PARTS_SHAPE = 31633
C_ENTER_BATTLE_FIELD = 44400
C_ENTER_DUNGEON = 36660
C_ENTER_SCENARIO_DUNGEON = 57028
C_ENTER_TELEPORTTERRITORY = 47541
C_EQUIPMENT_ENCHANT_SCROLL_USE = 30444
C_EQUIP_SERVANT_ITEM = 34974
C_EVENT_GUIDE = 39920
C_EVENT_MATCHING_BATTLEFIELD_DETAIL_INFO = 39125
C_EVENT_MATCHING_DUNGEON_DETAIL_INFO = 43127
C_EXIT = 42485
C_EXPAND_INVEN_POCKET = 37456
C_EXTEND_PARTY = 46883
C_FACIAL_ATTACHMENT = 56221
C_FIELD_EVENT_BAN = 39379
C_FINDNAME = 45510
C_FLOATING_CASTLE_PARTS_STORE_BUY_ADD_BASKET = 55906
C_FLOATING_CASTLE_PARTS_STORE_BUY_DEL_BASKET = 54803
C_FLOATING_CASTLE_PARTS_STORE_COMMIT = 46863
C_GACHA_CANCEL = 23404
C_GACHA_TRY = 31776
C_GAMBLE_CANCEL = 34800
C_GAMBLE_CHANGE_BET_ITEM = 53364
C_GAMBLE_GO = 60776
C_GAMBLE_STOP = 27669
C_GAMBLE_TRY = 27971
C_GET_ATTENDANCE_REWARD = 39948
C_GET_EVENT_DETAIL = 50571
C_GET_EVENT_SYSTEM_REWARD = 44689
C_GET_GUILD_HISTORY = 41663
C_GET_GUILD_WARE_HISTORY = 21413
C_GET_IN_SHUTTLE = 29177
C_GET_OUT_SHUTTLE = 60636
C_GET_USER_GUILD_LOGO = 63340
C_GET_USER_LIST = 29012
C_GET_WARE_ITEM = 45656
C_GIVE_UP_GUILD_WAR = 51862
C_GMEVENT_LEAVE_EVENT = 36016
C_GMEVENT_MOVE_TO_STADIUM = 24020
C_GMEVENT_OX_REPE_QUIZ_ANSWER = 47372
C_GROUP_DUEL_ADD_BETTING_ITEM = 55601
C_GROUP_DUEL_BETTING = 58449
C_GROUP_DUEL_BETTING_MONEY = 24085
C_GROUP_DUEL_CHANGE_REPRESENT = 39888
C_GROUP_DUEL_DEL_BETTING_ITEM = 60112
C_GROUP_DUEL_RECORD = 34707
C_GUARD_PK_POLICY = 20960
C_GUILD_APPLY_LIST = 65371
C_GUILD_APPLY_LIST_PAGE = 38856
C_GUILD_STORE_BUY_ADD_BASKET = 49593
C_GUILD_STORE_BUY_DEL_BASKET = 51878
C_GUILD_STORE_COMMIT = 54233
C_HARDWARE_INFO = 51002
C_HIT_USER_PROJECTILE = 49861
C_INGAME_CHANGE_USER_APPEARANCE_CANCEL = 40736
C_INGAME_CHANGE_USER_APPEARANCE_TRY = 21598
C_INVALID_BUILD_VERSION = 23602
C_INVITE_FRIEND_CODE = 32445
C_INVITE_USER_TO_GUILD = 28131
C_ITEMSYNTHESIZER_REQUEST_CANCEL = 60993
C_ITEMSYNTHESIZER_REQUEST_MATERIAL = 29514
C_ITEMSYNTHESIZER_REQUEST_START = 29885
C_ITEM_COLORING_ADD_ITEM = 61118
C_ITEM_COLORING_REMOVE_ITEM = 63520
C_ITEM_COLORING_SET_COLOR = 48265
C_JOIN_GROUP_DUEL = 35386
C_JOIN_PRIVATE_CHANNEL = 53697
C_KICK_CHANNEL_MEMBER = 41919
C_LEARN_EP_PERK = 26663
C_LEAVE_GROUP_DUEL = 49896
C_LEAVE_GUILD = 41072
C_LEAVE_PARTY = 62545
C_LEAVE_PRIVATE_CHANNEL = 38023
C_LEAVE_TELEPORTTERRITORY = 64266
C_LIST_CHANNEL = 65201
C_LIST_PARCEL = 54149
C_LOAD_EP_INFO = 50207
C_LOAD_TOPO_FIN = 49705
C_LOGIN_ARBITER = 58040
C_LORD_CALC_TAX = 59673
C_LORD_CANDIDATE_LIST = 30433
C_LORD_CANDIDATE_PLEDGE = 42858
C_LORD_CHANGE_GREETINGS = 20135
C_LORD_CHANGE_POLICY = 27060
C_LORD_GUARD_INFO = 36625
C_LORD_RANK_INFO = 49858
C_LORD_REGISTER = 49815
C_LORD_REGISTER_INFO = 22066
C_LORD_TAX_SET = 39988
C_LORD_VOTE = 23237
C_LORD_VOTE_CANDIDATE_LIST = 41475
C_MAIN_MENU_COMMAND_EXEC = 45114
C_MEDAL_STORE_BUY_ADD_BASKET = 48772
C_MEDAL_STORE_BUY_DEL_BASKET = 43704
C_MEDAL_STORE_COMMIT = 23525
C_MEET_BOSS_INFO = 37786
C_MERGE_ITEM = 43929
C_MERGE_ITEM_EXECUTE = 22550
C_MERGE_PARTY_TO_RAID = 24778
C_MOUNT_VEHICLE_EX = 46718
C_MOVE_ITEM = 62351
C_MOVE_SLOT_IN_GROUP_DUEL = 63058
C_MOVE_WARE_POS = 29728
C_NOTIFY_LOCATION_IN_ACTION = 33838
C_NOTIFY_LOCATION_IN_DASH = 54652
C_NOTIFY_LOCATION_IN_REACTION = 25374
C_NOTIFY_SPIRIT_LOCATION_IN_ACTION = 59079
C_NOTIMELINE_SKILL = 36645
C_NPCGUILD_LIST = 31782
C_NPC_CONTACT = 61982
C_OPEN_GUILD_WAR_WINDOW = 35825
C_OPPOSITE_DECLARE_GUILD_WAR = 23615
C_OP_COMMAND = 24701
C_PARCEL_REPORT = 25703
C_PARTY_APPLICATION_DENIED = 30339
C_PARTY_LOOTING_METHOD = 44048
C_PARTY_LOOTING_METHOD_VOTE = 60389
C_PARTY_MARKER = 55127
C_PARTY_MATCH_WINDOW_CLOSED = 58240
C_PAY_WAREHOUSE_COMMISION = 35362
C_PETITION_CANCEL = 49498
C_PETITION_CHAT_USER_MESSAGE = 47724
C_PETITION_CHECK_CREATABLE = 56626
C_PETITION_CHECK_SURVEYABLE = 27053
C_PETITION_COMPLETE_CONFIRM = 56104
C_PETITION_CREATE = 49901
C_PETITION_FEEDBACK = 61270
C_PET_EQUIP = 41956
C_PET_INCUBATOR_GET = 31574
C_PET_INCUBATOR_PUT = 27892
C_PET_INCUBATOR_START = 35480
C_PET_INCUBATOR_TAKEALL = 55528
C_PET_LEVEL_UP_ITEM_ADD_TO_LIST = 62207
C_PET_LEVEL_UP_ITEM_REMOVE_FROM_LIST = 43272
C_PET_ORB_ATTACH = 44049
C_PET_ORB_DELETE = 58868
C_PET_REPAIR = 32197
C_PET_UNEQUIP = 36043
C_PLAYER_FLYING_LOCATION = 23733
C_PLAYER_LOCATION = 49634
C_PLAY_TIME = 25905
C_POINT_STORE_BUY_ADD_BASKET = 45815
C_POINT_STORE_BUY_DEL_BASKET = 41496
C_POINT_STORE_COMMIT = 53311
C_POLITICS_POINT_STORE_BUY_ADD_BASKET = 48104
C_POLITICS_POINT_STORE_BUY_DEL_BASKET = 42533
C_POLITICS_POINT_STORE_COMMIT = 28788
C_PONG = 45332
C_PRECONFIRM_INVITE_CODE = 22546
C_PREMIUM_COMPOSE_ADD_ITEM = 46435
C_PREMIUM_COMPOSE_CANCEL = 42244
C_PREMIUM_COMPOSE_DEL_ITEM = 44390
C_PREMIUM_COMPOSE_RESET = 45724
C_PREMIUM_COMPOSE_TRY = 58161
C_PREPARE_WORKOBJECT = 42917
C_PRESS_SKILL = 30559
C_PREVIEW_ITEM = 55533
C_PROMOTION_CANCEL = 53382
C_PROMOTION_INFO = 28481
C_PROMOTION_RESET = 25801
C_PROMOTION_START = 24296
C_PURCHASE_PROD = 49505
C_PUT_INTO_PRISON = 22733
C_PUT_WARE_ITEM = 53862
C_QUERY_COIN = 23528
C_RECEIVE_FREE_STYLE_SHOP_ITEMS = 65202
C_RECEIVE_PLAYTIME_EVENT_REWARD = 65510
C_RECOMMEND_GUILD = 30493
C_RECOMMEND_USER_GUILD = 25808
C_RECV_PARCEL = 33044
C_RECV_PARCEL_ALL = 61910
C_RECV_PARCEL_EX = 44587
C_REGISTER_COMBINE_ITEM = 57217
C_REGISTER_ENCHANT_ITEM = 35818
C_REGISTER_EVOLUTION_ITEM = 39965
C_REGISTER_PARTY_INFO = 33060
C_REGISTER_REPAIR_ITEM = 61389
C_REGISTER_VM_BUY_ITEM = 64584
C_REGISTER_VM_SELL_ITEM = 28049
C_REGIST_CUSTOMIZING_PARTS_SHAPE_ITEM = 40126
C_REIGN_INFO = 56955
C_REJECT_CONTRACT = 33344
C_REJECT_INVITE_USER_TO_GUILD = 60909
C_RELEASE_FROM_PRISON = 22963
C_REMOVE_BLOCKED_USER = 48917
C_REMOVE_COLORING_POTION = 39819
C_REMOVE_GUILDGROUP = 24602
C_REMOVE_ITEM_FROM_VM_BUY_BASKET = 64403
C_REMOVE_ITEM_FROM_VM_SELL_BASKET = 30784
C_RENAME_TELEPORT_TO_POS_LIST = 49864
C_REPLY_INTER_PARTY_MAKE = 43373
C_REPLY_TELEPORT = 63094
C_REPLY_TELEPORT_NEAR_TOWN = 38578
C_REPLY_TELEPORT_WALK_THROUGH = 20318
C_REPLY_THROUGH_ARBITER_CONTRACT = 37167
C_REQUEST_ABILITY_TRANSFER = 55350
C_REQUEST_ACCESSORY_COST_INFO = 25298
C_REQUEST_ACHIEVEMENT_LIST = 46194
C_REQUEST_ARENA_BETTING_INFO = 52217
C_REQUEST_BATTLE_FIELD_CHAT_BAN = 36752
C_REQUEST_BATTLE_FIELD_PARTY_MARKER = 43712
C_REQUEST_BATTLE_FIELD_PARTY_MARKER_CLEAR = 55071
C_REQUEST_BOSS_GAGE_INFO = 53739
C_REQUEST_BUY_VIP_STORE_ITEM = 38003
C_REQUEST_CANCEL_GUILD_QUEST = 29785
C_REQUEST_CANDIDATE_LIST = 58642
C_REQUEST_CHANGE_CHARACTER_NAME = 28623
C_REQUEST_CHANGE_DUAL_OPTION_IDX = 63877
C_REQUEST_CHANGE_LOOKS_SERVANT = 48226
C_REQUEST_CHANGE_PARTY_MATCH_RULE = 27659
C_REQUEST_CITY_WAR_MAP_INFO = 45585
C_REQUEST_CONTRACT = 40944
C_REQUEST_COOLTIME_TO_JOIN_GUILD = 46561
C_REQUEST_COUPON_DATA = 48315
C_REQUEST_COUPON_LIST = 54029
C_REQUEST_DEMOLISH_GUILD_TOWER = 29167
C_REQUEST_DEMOLIST_GUILD_TOWER_POPUP = 53561
C_REQUEST_DESPAWN_SERVANT = 44416
C_REQUEST_DICE_THROW = 60084
C_REQUEST_DUNGEON_WORK_LIST = 23841
C_REQUEST_ENCHANT = 31894
C_REQUEST_ENTER_VIP_DUNGEON = 22014
C_REQUEST_EQUIPMENT_INHERITANCE = 33836
C_REQUEST_EVENT_MATCHING_TELEPORT = 59178
C_REQUEST_EVOLUTION = 48711
C_REQUEST_FIELD_POINT_REWARD = 57643
C_REQUEST_FINISH_GUILD_QUEST = 26058
C_REQUEST_FLOATING_CASTLE_PARTS_COOL_TIME = 57945
C_REQUEST_FLY_MOVE_INFO = 39557
C_REQUEST_GAMESTAT_PING = 31674
C_REQUEST_GUILD_FLAG_IMAGE_DATA = 64221
C_REQUEST_GUILD_INCENTIVE = 26751
C_REQUEST_GUILD_INFO = 24282
C_REQUEST_GUILD_INFO_BEFORE_APPLY_GUILD = 21285
C_REQUEST_GUILD_LEVEL_RANKING = 53211
C_REQUEST_GUILD_LIST = 64943
C_REQUEST_GUILD_LIST_PAGE = 34194
C_REQUEST_GUILD_LIST_SORT = 30002
C_REQUEST_GUILD_PERK_LIST = 45535
C_REQUEST_GUILD_WANTED_WRITING_LIST = 55779
C_REQUEST_GUILD_WANTED_WRITING_LIST_PAGE = 20692
C_REQUEST_GUILD_WAR_PENALTY_INFO = 49748
C_REQUEST_IMAGE_DATA = 32045
C_REQUEST_INGAMESTORE_PRODUCT_DETAIL = 35237
C_REQUEST_INGAMESTORE_PRODUCT_LIST = 53109
C_REQUEST_INVITE_GUILD_LIST = 60088
C_REQUEST_INVITE_GUILD_LIST_PAGE = 43107
C_REQUEST_ITEM_COLORING_VALUE = 61863
C_REQUEST_LATEST_UPDATE_NOTIFICATION = 43554
C_REQUEST_LEARN_GUILD_PERK = 22367
C_REQUEST_MEGAPHONE = 54845
C_REQUEST_MENTO_REWARD = 27085
C_REQUEST_MY_PARTY_MATCH_INFO = 32593
C_REQUEST_NAME_PREEMPTION = 54911
C_REQUEST_NONDB_ITEM_INFO = 60040
C_REQUEST_ONGOING_FIELD_EVENT_LIST = 65431
C_REQUEST_OPEN_DUAL_OPTION = 63062
C_REQUEST_OPEN_DUAL_OPTION_MATERIAL_INFO = 46146
C_REQUEST_PARTY_INFO = 26494
C_REQUEST_PARTY_MATCH_INFO = 23110
C_REQUEST_PARTY_MATCH_INFO_PAGE = 22052
C_REQUEST_PARTY_MATCH_LINK = 60616
C_REQUEST_PET_CONSUME_EXP_ITEM = 36568
C_REQUEST_PLAYTIME = 47721
C_REQUEST_PRIVATE_CHANNEL_INFO = 36147
C_REQUEST_PVE_RANKING = 54325
C_REQUEST_PVP_RANKING = 63869
C_REQUEST_QUEST_BACKUP_ITEM = 43836
C_REQUEST_RECV_DAILY_TOKEN = 39573
C_REQUEST_RENAME_GUILD = 21687
C_REQUEST_RENEW_ALL_PARTS_ITEM = 39045
C_REQUEST_REPAIR_ITEM = 65381
C_REQUEST_REPUTATION_STORE_TELEPORT = 59345
C_REQUEST_RESET_EPPERK = 60510
C_REQUEST_RESET_VIP_STORE = 59275
C_REQUEST_RET_VILLAGE_INFO = 53639
C_REQUEST_RIGHT_ITEM_LIST = 44724
C_REQUEST_ROUND_PVE_SKILL_LIST = 37185
C_REQUEST_SELL_LIST = 23923
C_REQUEST_SEREN_GUIDE = 30641
C_REQUEST_SERVANT_AUTO_POTION_INFO = 64605
C_REQUEST_SERVANT_COMPOSE = 43901
C_REQUEST_SERVANT_EVOLUTION = 33426
C_REQUEST_SERVANT_INFO_LIST = 64449
C_REQUEST_SERVANT_LEVEL_UP = 35840
C_REQUEST_SERVER_ADMINTOOL_AWESOMIUM_URL = 32635
C_REQUEST_SET_GUILD_WANTED_WRITING = 20681
C_REQUEST_SHARE_QUEST = 33348
C_REQUEST_SPAWN_SERVANT = 46557
C_REQUEST_STACK_ATTENDANCE_EVENT_INFO_UPDATE = 46952
C_REQUEST_STACK_ATTENDANCE_EVENT_REWARD = 42249
C_REQUEST_START_GUILD_QUEST = 65327
C_REQUEST_TOKEN_TARGET_ITEM = 41005
C_REQUEST_UPDATE_ANNOUNCE = 28898
C_REQUEST_UPDATE_INTRODUCE = 51618
C_REQUEST_USABLE_CHARACTER_NAME = 27904
C_REQUEST_USABLE_GUILD_NAME = 32414
C_REQUEST_USER_ITEMLEVEL_INFO = 27013
C_REQUEST_USER_PAPERDOLL_INFO = 29903
C_REQUEST_USER_PAPERDOLL_INFO_WITH_GAMEID = 43597
C_REQUEST_VIP_STORE_ITEM_LIST = 40907
C_REQUEST_VIP_SYSTEM_INFO = 54811
C_REQUEST_WRITE_BOARD = 47645
C_RESET_ALL_DUNGEON = 64246
C_RESPONSE_SPAWN_DROPITEM = 53632
C_RETURN_PARCEL = 26620
C_RETURN_TO_LOBBY = 53760
C_RETURN_USER_GIFT = 33381
C_REUQUEST_JOINED_CHANNEL_LIST = 20759
C_REVIVE_NOW = 64132
C_REWRITE_ITEM_STRING = 43983
C_RIDE_PEGASUS = 38971
C_ROLLBACK_QUEST = 28281
C_ROUND_PVE_SKILL_SELECT = 30826
C_RQ_ADD_ITEM_TO_DECOMPOSITION_CONTRACT = 58079
C_RQ_COMMIT_DECOMPOSITION_CONTRACT = 60937
C_RQ_DEL_ITEM_FROM_DECOMPOSITION_CONTRACT = 59684
C_RQ_SKILL_POLISHING_CHANGE_OPTION = 43594
C_RQ_SKILL_POLISHING_EXP_INFO = 21821
C_RQ_SKILL_POLISHING_LIST = 35634
C_RQ_SKILL_POLISHING_UNLOCK_OPTION = 32845
C_RQ_SKILL_POLISHING_UPGRADE_LEVEL = 58612
C_RQ_START_SOCIAL_ON_PROGRESS_DECOMPOSITION = 64410
C_RQ_UPDATE_ITEM_TO_DECOMPOSITION_CONTRACT = 34385
C_SAVE_CLIENT_ACCOUNT_SETTING = 50974
C_SAVE_CLIENT_USER_SETTING = 58610
C_SECOND_PASSWORD_AUTH = 59522
C_SECOND_PASSWORD_REGISTER = 49290
C_SELECT_CHANNEL = 26108
C_SELECT_EVENT_MATCHING = 21475
C_SELECT_USER = 35269
C_SEND_PARCEL = 60478
C_SEND_UI_LOG = 30179
C_SERVANT_ABILITY = 48092
C_SERVER_TIME = 51498
C_SETTLE_UP_BUY_VM = 20778
C_SETTLE_UP_SELL_VM = 43692
C_SET_GUILDGROUP_AUTHORITY = 59049
C_SET_GUILD_JOIN_CONDITION = 23839
C_SET_INVEN_POCKET_GET_FILTER = 24105
C_SET_ITEM_STRING = 48068
C_SET_RECIPE_BOOKMARK = 52383
C_SET_SEND_PARCEL_ITEM = 50598
C_SET_SEND_PARCEL_MONEY = 30448
C_SET_SEND_PARCEL_TYPE = 49626
C_SET_SERVANT_SEQUENCE = 44264
C_SET_TARGET_INFO = 47365
C_SET_VISIBLE_RANGE = 34997
C_SHARE_USER_PING = 63752
C_SHOW_AWESOMIUMWEB_SHOP = 39367
C_SHOW_GUILD_QUEST_LIST = 62344
C_SHOW_ITEMLIST = 43729
C_SHOW_ITEM_TOOLTIP_EX = 56355
C_SHOW_NAME_PLATE_ICON = 56278
C_SHOW_PARCEL_MESSAGE = 57361
C_SHOW_PETMANAGER = 23199
C_SHOW_QUEST_INFO_DIALOG = 31783
C_SHOW_STYLE = 34334
C_SHOW_TRADE_ITEM = 57025
C_SHOW_TRADE_LOG = 35081
C_SIMPLE_TIP_DONT_REPEAT = 22576
C_SIMPLE_TIP_REPEAT_CHECK = 64660
C_SKILL_LEARN_LIST = 46083
C_SKILL_LEARN_REQUEST = 26534
C_SOCIAL = 58146
C_SPAWN_BUILD_OBJECT = 42911
C_START_CLIMBING = 51756
C_START_COMBO_INSTANT_SKILL = 57165
C_START_COMMANDER_SKILL = 47283
C_START_DECOMPOSE = 35318
C_START_ENCHANT = 39133
C_START_EVOLUTION = 46513
C_START_FISHING_MINIGAME = 58810
C_START_FIX_SPIRIT = 50218
C_START_FIX_VEHICLE = 59048
C_START_GUILD_SKILL = 52502
C_START_INSTANCE_SKILL = 25593
C_START_INSTANCE_SKILL_EX = 48788
C_START_PRODUCE = 58034
C_START_REPAIR_ITEM = 63996
C_START_SERVANT_ACTIVE_SKILL = 59968
C_START_SKILL = 57127
C_START_SKILL_BY_VEHICLE_EX = 26643
C_START_TARGETED_SKILL = 64907
C_START_VM_BUY = 49879
C_START_VM_SELL = 29469
C_STOP_FISHING = 23433
C_STOP_VM = 29574
C_STORE_BUY_ADD_BASKET = 21921
C_STORE_BUY_DEL_BASKET = 24036
C_STORE_COMMIT = 50704
C_STORE_SELL_ADD_BASKET = 38065
C_STORE_SELL_DEL_BASKET = 29138
C_STR_EVALUATE_LIST = 27239
C_STYLE_SHOP_BUY_REPUTATION_ITEM = 24336
C_STYLE_SHOP_BUY_TCAT_ITEM = 62464
C_SUGGEST_DARK_RIFT_PARTY_MATCHING = 32226
C_SURVEY_ANSWER = 37097
C_SWAP_PARTY = 60338
C_TELEPORT_DARK_RIFT = 42360
C_TELEPORT_TO_CAMP = 27152
C_TELEPORT_TO_POS = 37579
C_TELEPORT_TO_VILLAGE = 26595
C_TEL_CAMP = 45244
C_TOGGLE_GROUP_DUEL_READY = 62897
C_TOGGLE_GROUP_DUEL_SLOT = 53444
C_TOGGLE_TASK_INFO_WINDOW = 50746
C_TRADE_BAG_CLOSE = 48876
C_TRADE_BAG_DONE = 52654
C_TRADE_BROKER_BOUGHT_ITEM_LIST = 30196
C_TRADE_BROKER_BUY_IT_NOW = 54090
C_TRADE_BROKER_CALC_BOUGHT_ITEM = 52868
C_TRADE_BROKER_CALC_SOLD_ITEM = 45471
C_TRADE_BROKER_CLOSE = 26263
C_TRADE_BROKER_DEAL_CONFIRM = 60778
C_TRADE_BROKER_DEAL_PRICE_UPDATE = 31440
C_TRADE_BROKER_HIGHEST_ITEM_LEVEL = 38034
C_TRADE_BROKER_HISTORY_ITEM_LIST_NEW = 57925
C_TRADE_BROKER_HISTORY_ITEM_LIST_PAGE = 45118
C_TRADE_BROKER_HISTORY_ITEM_LIST_SORT = 56288
C_TRADE_BROKER_INPUT_PRICE = 26011
C_TRADE_BROKER_REGISTERED_ITEM_LIST = 41094
C_TRADE_BROKER_REGISTER_ITEM = 24414
C_TRADE_BROKER_REJECT_SUGGEST = 37505
C_TRADE_BROKER_SOLD_ITEM_LIST = 57456
C_TRADE_BROKER_SUGGEST_DEAL = 57576
C_TRADE_BROKER_UNREGISTER_ITEM = 63444
C_TRADE_BROKER_WAITING_ITEM_LIST_NEW = 39368
C_TRADE_BROKER_WAITING_ITEM_LIST_PAGE = 61407
C_TRADE_BROKER_WAITING_ITEM_LIST_SORT = 32946
C_TRANSFER_VEHICLE_EX = 41695
C_TRY_ITEM_BIDDING = 20118
C_TRY_LOOT_DROPITEM = 50514
C_TRY_NPC_INTERACTION = 27167
C_TRY_TELEPORT_FIELD_EVENT = 39864
C_UNBIND_ITEM = 65134
C_UNEQUIP_ITEM = 26883
C_UNEQUIP_SERVANT_ITEM = 58045
C_UNLOCK_POCKET = 65379
C_UNMOUNT_VEHICLE = 37538
C_UNREGISTER_COMBINE_ITEM = 30073
C_UNREGISTER_ENCHANT_ITEM = 48324
C_UNREGISTER_EVOLUTION_ITEM = 56555
C_UNREGISTER_PARTY_INFO = 52777
C_UNREGISTER_REPAIR_ITEM = 32165
C_UNREGISTER_VM_BUY_ITEM = 49051
C_UNREGISTER_VM_SELL_ITEM = 60121
C_UNREGIST_CUSTOMIZING_PARTS_SHAPE_ITEM = 44387
C_UPDATE_AFK_STATUS = 36475
C_UPDATE_CONTENTS_PLAYTIME = 46124
C_UPDATE_FRIEND_INFO = 22169
C_UPDATE_GUILD_FLAG = 54638
C_UPDATE_GUILD_LOGO = 48049
C_UPDATE_MY_DESCRIPTION = 25409
C_UPDATE_REACTION_POS = 31487
C_UPDATE_SKILL_SCRIPT = 32940
C_USER_AIM = 26483
C_USER_AIM_TO = 48175
C_USER_REPORT = 39241
C_USE_COUPON = 27419
C_USE_ITEM = 57873
C_USE_JUMPGEAR = 25275
C_USE_PREMIUM_SLOT = 37997
C_USE_RIGHT_ITEM = 42531
C_USE_SERVANT_FEED_ITEM = 35793
C_VEHICLEEX_LOCATION = 54912
C_VEHICLE_EX_ARROW_HIT = 55529
C_VIEW_BATTLEFIELD_STORE = 35460
C_VIEW_BATTLE_FIELD_RESULT = 52447
C_VIEW_DUNGEONWORK_STORE = 34616
C_VIEW_GUILD_WAR = 35009
C_VIEW_INTER_PARTY_MATCH_BATTLEFIELD_LIST = 47027
C_VIEW_INTER_PARTY_MATCH_DUNGEON_LIST = 20428
C_VIEW_PARTY_INVITE = 23362
C_VIEW_WARE = 56350
C_VISIT_NEW_SECTION = 46312
C_VOTE_DISMISS_PARTY = 47406
C_VOTE_HISTORY = 59418
C_VOTE_RESET_ALL_DUNGEON = 61164
C_WAREHOUSE_AUTO_SORT = 21486
C_WATCHED_MOVIES = 63687
C_WHISPER = 41565
C_WITHDRAW_GUILD_WAR = 55658
C_WRITE_BOARD = 29374
I_CLOSE_SERVER_CONNECTION = 22
I_GFX_ADMIN_COMMAND = 18
I_GFX_COMMAND = 17
I_INPUT_COMMAND = 19
I_MOVE_KEY = 20
I_SKILL_KEY = 21
I_SPAWN_BARRACK_CHARACTER = 1
I_TELEPORT = 0
R_CAMERA_ROTATE = 4
R_PLAYER_LOCATION = 2
R_TELEPORT_REPLAY_LOCATION = 3
S_ABNORMALITY_BEGIN = 29860
S_ABNORMALITY_DAMAGE_ABSORB = 21417
S_ABNORMALITY_END = 27181
S_ABNORMALITY_EXTRA = 44869
S_ABNORMALITY_FAIL = 62509
S_ABNORMALITY_REFRESH = 61519
S_ABNORMALITY_RESIST = 49177
S_ABNORMALITY_SCALE_UP = 55785
S_ACCEPT_CONTRACT = 45276
S_ACCOMPLISH_ACHIEVEMENT = 46839
S_ACCOUNT_BENEFIT_LIST = 23578
S_ACCOUNT_PACKAGE_LIST = 33819
S_ACTION_END = 64729
S_ACTION_STAGE = 60848
S_ACTIVATE_BATTLE_FIELD_CHAT_BAN = 41649
S_ADD_AWAKEN_CHANGE_DATA = 37138
S_ADD_AWAKEN_ENCHANT_DATA = 21721
S_ADD_BLOCKED_USER = 22045
S_ADD_CRYSTAL_COMBINE_MATERIAL = 60348
S_ADD_FRIEND = 49543
S_ADD_GUILD_GROUP = 29834
S_ADD_GUILD_MEMBER = 28154
S_ADD_INTER_PARTY_MATCH_POOL = 54374
S_ADD_NEW_EVENT_MATCHING_QUEST = 22538
S_ADD_TRADE_BAG = 62621
S_ADMIN_CHECK_USERNAME = 43320
S_ADMIN_CUSTOM_BOOKMARK_LIST = 43703
S_ADMIN_DEFAULT_BOOKMARK_LIST = 53797
S_ADMIN_DELETE_QUEST = 27894
S_ADMIN_GET_DUNGEON_USER_LIST = 32246
S_ADMIN_GET_USERINFO_INVEN = 43037
S_ADMIN_GET_USERINFO_SKILL = 53965
S_ADMIN_GET_USERINFO_WAREHOUSE = 37557
S_ADMIN_GET_USER_INFO_BY_DBID = 45791
S_ADMIN_GET_USER_INFO_LIST_BY_DISTANCE = 27203
S_ADMIN_GMEVENT_STATUS = 51938
S_ADMIN_GM_SKILL = 36819
S_ADMIN_HOLD_CHARACTER = 43087
S_ADMIN_NOTICE = 49562
S_ADMIN_PRIVILEGE = 21504
S_ADMIN_VIP_TEST = 27159
S_ADMIN_WARNING_MESSAGE = 25090
S_AERO = 37570
S_AIR_REACTION_END = 20752
S_ANNOUNCE_MESSAGE = 22372
S_ANNOUNCE_UPDATE_NOTIFICATION = 47567
S_ANSWER_INTERACTIVE = 40099
S_APPLY_TITLE = 41138
S_ARENA_END_FIGHT = 49420
S_ARENA_FIGHTER_CHANGE_HP = 60442
S_ARENA_FIGHT_ABNORMALITY_BEGIN = 26229
S_ARENA_FIGHT_ABNORMALITY_END = 32344
S_ARENA_FIGHT_ABNORMALITY_REFRESH = 40931
S_ARENA_OPTIMIZATION = 55216
S_ARENA_RESULT = 31445
S_ARENA_START_FIGHT = 23182
S_ARRIVE_AT_JUMPGEAR_DESTINATION = 35120
S_ARTISAN_RECIPE_LIST = 54925
S_ARTISAN_SKILL_LIST = 29611
S_ASK_BANNING_PARTY_MEMBER = 60640
S_ASK_BIDDING_RARE_ITEM = 41993
S_ASK_CODE_HASH = 54129
S_ASK_INTER_PARTY_MAKE = 20911
S_ASK_QUEST_SHARE = 20070
S_ASK_TELEPORT = 44813
S_ATTENDANCE_EVENT_REWARD_COUNT = 39236
S_AVAILABLE_EVENT_MATCHING_LIST = 51054
S_AVAILABLE_SOCIAL_LIST = 27105
S_AWAKEN_RESULT = 50438
S_BAN_PARTY = 50765
S_BAN_PARTY_MEMBER = 48491
S_BASE_POINT_BATTLE_FIELD_NODEPOINT_INFO = 37278
S_BATTLE_FIELD_ADD_SCORE = 42354
S_BATTLE_FIELD_CANCEL_OCCUPATION = 38723
S_BATTLE_FIELD_CHANGE_NPC_HP_EVENT = 28660
S_BATTLE_FIELD_CHAT_BAN_INFO = 53838
S_BATTLE_FIELD_END_OCCUPATION = 38144
S_BATTLE_FIELD_ENTRANCE_INFO = 44850
S_BATTLE_FIELD_HELP = 45674
S_BATTLE_FIELD_JACKPOT_EVENT_START = 36017
S_BATTLE_FIELD_MAP_ALARM = 38911
S_BATTLE_FIELD_NODEPOINT_GAUGE_INFO = 63356
S_BATTLE_FIELD_NPC_KILL_EVENT = 44657
S_BATTLE_FIELD_PARTY_MARKER = 27406
S_BATTLE_FIELD_PARTY_MARKER_CLEAR = 38448
S_BATTLE_FIELD_POINT_STORE_BASKET = 48512
S_BATTLE_FIELD_POINT_STORE_SELL_LIST = 24870
S_BATTLE_FIELD_RESULT = 51946
S_BATTLE_FIELD_SCORE = 45199
S_BATTLE_FIELD_START_OCCUPATION = 29209
S_BATTLE_FIELD_STATE = 38976
S_BATTLE_FIELD_STRONGHOLD_EVENT = 32628
S_BATTLE_FIELD_STRONGHOLD_NONE_STATE = 40923
S_BATTLE_FIELD_STRONGHOLD_STATE = 50457
S_BATTLE_FIELD_TEAM_MEMBERS_POS_INFO = 42974
S_BATTLE_FIELD_USER_ASSIST_EVENT = 52996
S_BATTLE_FIELD_USER_KILL_EVENT = 31194
S_BATTLE_FIELD_USER_KILL_MESSAGE = 27641
S_BATTLE_FIELD_USER_LOAD_INFO = 61976
S_BATTLE_FIELD_USER_OCCUPIABLE_ENTER = 65256
S_BATTLE_FIELD_USER_OCCUPIABLE_LEAVE = 39539
S_BEGIN_THROUGH_ARBITER_CONTRACT = 63380
S_BETTING_INFO = 24539
S_BETTING_START = 64440
S_BOARD_ITEM_LIST = 54697
S_BONFIRE_CHARM_ADDED = 45224
S_BONFIRE_CHARM_BURNED = 49494
S_BONFIRE_STATUS = 41501
S_BOSS_BATTLE_INFO = 22471
S_BOSS_GAGE_INFO = 56753
S_BOSS_GAGE_PRIORITY = 30893
S_BOSS_GAGE_STACK_INFO = 53350
S_BREAK_SHIELD = 58998
S_BREAK_SHIELD_END = 37104
S_BROADCAST_CLIMBING = 57138
S_BROADCAST_FLOATING_CASTLE_INFO = 33267
S_BROADCAST_FLOATING_CASTLE_NAMEPLATE = 53675
S_BROCAST_GUILD_FLAG = 37790
S_BROCAST_UPDATE_GUILD_FLAG = 27302
S_BUY_INGAMESTORE_MONEYPRODUCT = 61923
S_BUY_VIP_STORE_ITEM_SUCCESS = 48381
S_BYE_PET = 43915
S_CAMERA_SHAKE = 33335
S_CANCEL_CONTRACT = 61050
S_CANCEL_DELETE_USER = 63804
S_CANCEL_EXIT = 48309
S_CANCEL_PARTY_LOOTING_METHOD_VOTE = 37944
S_CANCEL_PARTY_MATCH_POOL = 57344
S_CANCEL_PARTY_MEMBER_BAN = 49340
S_CANCEL_PREPARE_CHANGE_USER_APPEARANCE = 45670
S_CANCEL_QUEST_SHARE = 64033
S_CANCEL_RETURN_TO_LOBBY = 24949
S_CANCEL_SELECT_CHANNEL = 51781
S_CANCEL_VOTE_DISMISS_PARTY = 64177
S_CANCEL_VOTE_RESET_ALL_DUNGEON = 64383
S_CANNON_BATTLE_FIELD_BOARD = 52463
S_CANNON_BATTLE_FIELD_CRASH_DOOR = 53985
S_CANNON_BATTLE_FIELD_GUARDTOWER_STATUS = 43871
S_CANNON_BATTLE_FIELD_STRONGHOLD_INFO = 28605
S_CANNOT_EQUIP_SAMEKIND = 52155
S_CANNOT_START_SKILL = 54919
S_CANNOT_USE_CHAT_CHANNEL = 56302
S_CANT_FLY_ANYMORE = 53121
S_CAN_CREATE_USER = 61824
S_CAN_DUNGEON_RETRY = 23305
S_CAN_LOCKON_TARGET = 49210
S_CAST_FISHING_ROD = 43910
S_CHANGE_CHARACTER = 45504
S_CHANGE_CITY_WAR_STATE = 42280
S_CHANGE_DESTPOS_PROJECTILE = 46473
S_CHANGE_EP_EXP_DAILY_LIMIT = 59044
S_CHANGE_EP_POINT = 40616
S_CHANGE_EVENT_MATCHING_STATE = 23931
S_CHANGE_FREE_FIGHT_BATTLE_FIELD_RANKING = 21688
S_CHANGE_FRIEND_PROFILE = 36753
S_CHANGE_FRIEND_STATE = 29584
S_CHANGE_GUILDNAME = 49862
S_CHANGE_GUILD_CHIEF = 47948
S_CHANGE_ITEM_PASSIVE_LIST = 36213
S_CHANGE_LOOKS_PREMIUM_RESULT = 50228
S_CHANGE_LOOKS_PREMIUM_START = 20406
S_CHANGE_LOOKS_SERVANT = 28540
S_CHANGE_LOOT_ITEM_AMOUNT = 51420
S_CHANGE_MODE = 43988
S_CHANGE_NAME_STRING = 49939
S_CHANGE_PARTY_MANAGER = 39091
S_CHANGE_PARTY_MEMBER_AUTHORITY = 48241
S_CHANGE_PK_INFO = 51181
S_CHANGE_RELATION = 36469
S_CHANGE_SERVANT_CONDITIONAL_SKILL = 25750
S_CHANGE_SERVANT_ENERGY = 29802
S_CHANGE_SERVANT_NAME = 39829
S_CHANGE_USER_NAME_RESULT = 58925
S_CHANGE_VOICE_USE_QAC = 33927
S_CHAPTERHOUSE_QUEST_LIST = 59820
S_CHAT = 38646
S_CHAT_REPORT = 44447
S_CHECK_CHANGE_GUILDNAME = 34079
S_CHECK_EVENT_SYSTEM_REWARD = 41395
S_CHECK_NEW_GUILDNAME = 20185
S_CHECK_TO_DECLARE_GUILD_WAR = 32188
S_CHECK_TO_OPPOSITE_DECLARE_GUILD_WAR = 30825
S_CHECK_TO_READY_PARTY = 28300
S_CHECK_TO_READY_PARTY_FIN = 26631
S_CHECK_USERNAME = 25908
S_CHECK_VERSION = 19901
S_CITYWAR_WARNING_UNDERATTACK = 22467
S_CITY_WAR_INFO_HISTROY = 22196
S_CITY_WAR_NPC_INFO = 22384
S_CITY_WAR_NPC_KILL = 61500
S_CITY_WAR_SEASON_HISTROY = 33507
S_CLEAR_ALL_HOLDED_ABNORMALITY = 35020
S_CLEAR_QUEST_INFO = 24436
S_CLEAR_WORLD_QUEST_VILLAGER_INFO = 28575
S_CLIENT_COMMAND = 62699
S_CLOSE_VM_SETTING_WINDOW = 53429
S_COLLECTION_PICKEND = 45719
S_COLLECTION_PICKSTART = 62299
S_COMBO_START = 41543
S_COMMAND_HELP = 47500
S_COMMIT_ACCESSORY_TRANSFORM_RESULT = 56480
S_COMPLETED_MISSION_INFO = 42568
S_COMPLETE_CHRONOSCROLL_USE = 37645
S_COMPLETE_EVENT_MATCHING_QUEST = 53156
S_COMPLETE_LOOP_QUEST = 62109
S_COMPLETE_QUEST = 65199
S_COMPLETE_VOTE = 56644
S_CONFIRM_INVITE_CODE = 36515
S_CONFIRM_INVITE_CODE_BUTTON = 50809
S_CONFIRM_SERVANT_AUTO_POTION_INFO = 35327
S_CONNECT_SKILL_ARROW = 59354
S_CONTENTS_TIMER = 34643
S_CONTRACT_PET_LEVEL_UP_ITEM_LIST_UPDATE = 41780
S_CONTROL_DOOR = 56315
S_COUNTDOWN_GROUP_DUEL = 39258
S_COUPON_DATA = 47026
S_COUPON_LIST = 53268
S_COUPON_NOTIFY = 24685
S_CREATE_CHARACTER_RESTRICTION = 39489
S_CREATE_GUILD_RESULT = 39845
S_CREATE_USER = 40298
S_CREATURE_CHANGE_HP = 54463
S_CREATURE_LIFE = 21750
S_CREATURE_ROTATE = 34593
S_CREST_APPLY = 32619
S_CREST_ASK_DISAPPLY_ALL = 55870
S_CREST_CHANGE_FAIL = 32049
S_CREST_INFO = 26503
S_CREST_MESSAGE = 32308
S_CREST_UPGRADE_INFO = 46171
S_CRYSTAL_COMBINE_RESULT = 31112
S_CURRENT_CHANNEL = 56157
S_CURRENT_ELECTION_STATE = 37616
S_CURR_FLY_MOVE_INFO = 42682
S_CUSTOMIZING_PARTS_SHAPE_ITEM_LIST = 42618
S_CUSTOM_MESSAGE = 36125
S_CUSTOM_STYLE_SYSTEM_MESSAGE = 57103
S_DAILY_QUEST_COMPLETE_COUNT = 40681
S_DARK_RIFT_ALL_DESPAWN_WORLD_NOTI = 39307
S_DARK_RIFT_AVAILABLE_QUEST_USER_COUNT = 55739
S_DARK_RIFT_CHANGE_AREA_WORLD_NOTI = 48693
S_DARK_RIFT_CLEAR_MAP_MARKER_WORLD_NOTI = 51260
S_DARK_RIFT_DEFENCE_OBJECT_CHANGE_HP = 31385
S_DARK_RIFT_DEFENCE_OBJECT_INIT = 36343
S_DARK_RIFT_DESPAWN_WORLD_NOTI = 58341
S_DARK_RIFT_DESTORY_OBJECT = 22971
S_DARK_RIFT_JOIN_LIST = 56335
S_DARK_RIFT_MAIN_DEFENCE_CHANGE_HP = 20801
S_DARK_RIFT_PROGRESS_STEP_WORLD_NOTI = 55897
S_DARK_RIFT_QUEST_INFO = 49585
S_DARK_RIFT_REWARD_RESULT = 31287
S_DARK_RIFT_SPAWN_WORLD_NOTI = 46908
S_DARK_RIFT_SYNC_TIME = 52328
S_DEAD_LOCATION = 59585
S_DECOMPOSE_REGISTERED_ITEM = 38805
S_DECREASE_COOLTIME_SKILL = 64110
S_DEFAULT_ANIM_CHANGE = 54721
S_DEFEND_SUCCESS = 27781
S_DELETE_ALL_PRODUCT = 22275
S_DELETE_AWAKEN_CHANGE_DATA = 58032
S_DELETE_AWAKEN_ENCHANT_DATA = 52511
S_DELETE_FRIEND = 44353
S_DELETE_GUILD_TOWER_MY_GUILD = 48573
S_DELETE_NPC_FROM_MAP = 25962
S_DELETE_PARCEL = 34760
S_DELETE_QUEST = 30987
S_DELETE_SERVANT = 46390
S_DELETE_USER = 54443
S_DELIVERY_STORE_BASKET = 33969
S_DELIVERY_STORE_ITEM = 31844
S_DEL_CRYSTAL_COMBINE_MATERIAL = 51057
S_DEL_INTER_PARTY_MATCH_POOL = 20504
S_DEL_TRADE_BAG = 45383
S_DESPAWN_BONFIRE = 26025
S_DESPAWN_BUILD_OBJECT = 20381
S_DESPAWN_COLLECTION = 21302
S_DESPAWN_DOOR = 65010
S_DESPAWN_DROPITEM = 46575
S_DESPAWN_EVENT_SEED = 57511
S_DESPAWN_GAMBLE_BOX = 64218
S_DESPAWN_NPC = 31189
S_DESPAWN_PET = 45548
S_DESPAWN_PROJECTILE = 30833
S_DESPAWN_SHUTTLE = 25852
S_DESPAWN_STATUE = 31084
S_DESPAWN_USER = 37855
S_DESPAWN_WORKOBJECT = 32088
S_DESTROY_GUILD = 32367
S_DESTROY_GUILD_TOWER = 64277
S_DIALOG = 59060
S_DIALOG_CLOSE = 28232
S_DIALOG_EVENT = 52832
S_DIRECTION_WEAKNESS_BEGIN = 48618
S_DIRECTION_WEAKNESS_END = 32260
S_DISTRIBUTOR_DATA = 22423
S_DONE_TEL_CAMP = 54105
S_DUEL_END = 63830
S_DUEL_START = 54454
S_DUEL_TAG = 24735
S_DUEL_TIME = 56711
S_DUNGEON_ADDITIONAL_WORK_UI = 47168
S_DUNGEON_CAMERA_SET = 44215
S_DUNGEON_CHANGE_NPC_ANIM = 48178
S_DUNGEON_CHANGE_NPC_ANIMSET = 27925
S_DUNGEON_CHANGE_NPC_CYLINDER = 49735
S_DUNGEON_CLEAR = 40759
S_DUNGEON_CLEAR_COUNT_LIST = 28931
S_DUNGEON_CONSOLE_EVENT = 60224
S_DUNGEON_COOL_TIME_LIST = 20964
S_DUNGEON_EVENT_GAGE = 37051
S_DUNGEON_EVENT_MESSAGE = 31379
S_DUNGEON_GUIDE_OFF = 43433
S_DUNGEON_GUIDE_ON = 51630
S_DUNGEON_JACKPOT_EVENT_START = 25706
S_DUNGEON_LOOK_AT_NPC = 47310
S_DUNGEON_NEWBIE = 43728
S_DUNGEON_RANK_END_POINT = 37198
S_DUNGEON_RANK_END_TIME = 46419
S_DUNGEON_RANK_MESSAGE = 35776
S_DUNGEON_RANK_RECORD_LIST = 55204
S_DUNGEON_RANK_SEASON_LIST = 23459
S_DUNGEON_RECORD_INFO = 20717
S_DUNGEON_STATUS = 22888
S_DUNGEON_SUMMON_PARTY = 43967
S_DUNGEON_TIMER = 45887
S_DUNGEON_UI_HIGHLIGHT = 45449
S_DUNGEON_VEHICLE_REPAIRABLE = 41806
S_DUNGEON_VISIBLE_BG = 37886
S_DUNGEON_WORK_ENTER = 51676
S_DUNGEON_WORK_LIST = 61839
S_DUNGEON_WORK_POINT_STORE_BASKET = 52582
S_DUNGEON_WORK_POINT_STORE_SELL_LIST = 22507
S_DUNGEON_WORK_RESULT = 29183
S_DUNGEON_WORK_UPDATE = 62963
S_DUNGEON_WORK_UPDATE_MEDAL_COUNT = 22274
S_EACH_SKILL_RESULT = 51460
S_EMITTER = 64223
S_EMITTER_SET_Z = 43223
S_EMPTY_GUILD_WINDOW = 54536
S_ENABLE_DISABLE_SELLABLE_ITEM_LIST = 31146
S_ENCHANT_BOOSTER_DROP_ITEM = 63323
S_ENCHANT_BOOSTER_REGISTER_ITEM = 43502
S_ENCHANT_BOOSTER_STATUS = 46790
S_ENCHANT_BOOSTER_SUCCESS = 58403
S_ENCHANT_SCROLL_RESULT = 44577
S_END_CHANGE_USER_APPEARANCE = 26461
S_END_CHAT_BAN = 43482
S_END_CUSTOMIZING_PARTS_SHAPE = 60846
S_END_DARKRIFT_USER_HP = 50948
S_END_DRIVE_AIRSHIP = 44446
S_END_FIX_SPIRIT = 24191
S_END_FIX_VEHICLE = 46846
S_END_LEVEL_COMPENSATION = 64602
S_END_PEGASUS = 30017
S_END_PRODUCE = 63906
S_END_PRODUCT_SALE_INFO = 58140
S_END_RESTORE_CUSTOMIZING_PARTS_SHAPE = 20838
S_END_STACK_ATTENDANCE_EVENT_INFO = 49727
S_END_STYLE_SHOP_MARK_PRODUCT = 61363
S_END_THROUGH_ARBITER_CONTRACT = 29564
S_END_USER_PROJECTILE = 47992
S_ENEMY_BATTLE_FIELD_COMMANDER_CHANGED = 33594
S_ENTER_CITY_WAR = 46761
S_ENTER_DUNGEON_POP_UP_REOPEN = 30916
S_EP_SYSTEM_DAILY_EVENT_EXP_ON_OFF = 50122
S_EQUIP_SERVANT_ITEM = 22649
S_EVENT_DIALOG = 40076
S_EVENT_GUIDE = 63743
S_EVENT_INFO = 39134
S_EVENT_MATCHING_BATTLEFIELD_DETAIL_INFO = 23426
S_EVENT_MATCHING_DUNGEON_DETAIL_INFO = 65205
S_EVENT_QUEST_SUMMARY = 20231
S_EXIT = 45518
S_F2P_PremiumUser_Permission = 30211
S_FACIAL_ATTACHMENT_BROADCAST = 34376
S_FAIL_ENCHANT = 33353
S_FAIL_GUILD_QUEST = 34538
S_FAIL_LOOT_NON_OWNERSHIP = 48726
S_FATIGABILITY_POINT = 29436
S_FEARMOVE_END = 63700
S_FEARMOVE_STAGE = 30114
S_FESTIVAL_LIST = 59945
S_FEUDAL_LORD_FLAG_INFO = 54256
S_FIELD_EVENT_CHANNEL_FULL_GUIDE = 62234
S_FIELD_EVENT_GUIDE = 41292
S_FIELD_EVENT_ON_ENTER = 26588
S_FIELD_EVENT_ON_LEAVE = 38890
S_FIELD_EVENT_PROGRESS_INFO = 36522
S_FIELD_EVENT_PROGRESS_TIMER = 28332
S_FIELD_EVENT_RANK_LIST = 33794
S_FIELD_POINT_INFO = 26006
S_FIELD_POINT_REWARD_INFO_LIST = 38388
S_FINDNAME = 60450
S_FINISH_GUILD_QUEST = 57214
S_FIN_BASE_POINT_BATTLE_FIELD = 22594
S_FIN_CANNON_BATTLE_FIELD = 36838
S_FIN_FREE_FIGHT_BATTLE_FIELD = 61545
S_FIN_INTER_PARTY_MATCH = 43219
S_FIN_KUMAS_BATTLE_FIELD = 41408
S_FIN_KUMAS_BOSS_BATTLE_FIELD = 33884
S_FIN_ROUND_PVE_BATTLE_FIELD = 58166
S_FIN_ROUND_PVE_ROUND = 24753
S_FIN_ROUND_PVP_BATTLE_FIELD = 28125
S_FIN_SNOW_EVENT_BATTLE_FIELD = 35703
S_FIN_STRONGHOLD_OCCUPATION_BATTLE_FIELD = 39796
S_FIN_WORLD_OF_TANK_BATTLE_FIELD = 39777
S_FISHING_BITE = 20266
S_FISHING_CATCH = 39116
S_FISHING_CATCH_FAIL = 29483
S_FISHING_STOP = 26642
S_FIX_SPIRIT_COMPLETE = 33213
S_FIX_SPIRIT_PROGRESS = 32630
S_FIX_VEHICLE_COMPLETE = 51949
S_FIX_VEHICLE_PROGRESS = 56747
S_FLOATING_CASTLE_PARTS_STORE_BASKET = 55541
S_FLOATING_CASTLE_PARTS_STORE_SELL_LIST = 39401
S_FONT_SWAP_INFO = 44052
S_FREENAMED_STATUS = 22420
S_FREE_FIGHT_BATTLE_FIELD_BOARD = 22596
S_FREE_FIGHT_BATTLE_FIELD_MY_WARPOINT_INFO = 37994
S_FRIEND_GROUP_LIST = 52826
S_FRIEND_LIST = 64873
S_GACHA_END = 42119
S_GACHA_START = 44847
S_GAMBLE_BEGIN = 64649
S_GAMBLE_CHANGE_BET_ITEM = 25282
S_GAMBLE_END = 51642
S_GAMBLE_RESULT = 64019
S_GATE_ATTACK_ALARM = 46494
S_GET_ATTENDANCE_REWARD = 56168
S_GET_EVENT_DETAIL = 39501
S_GET_IN_SHUTTLE = 33810
S_GET_OUT_SHUTTLE = 23497
S_GET_USER_GUILD_LOGO = 44744
S_GET_USER_LIST = 22623
S_GET_WARE_ITEM = 53339
S_GMEVENT_CONFIRM_LEAVE_EVENT = 35089
S_GMEVENT_END_EVENT = 50206
S_GMEVENT_ENTER_EVENT = 48233
S_GMEVENT_GUIDE_MESSAGE = 45772
S_GMEVENT_OFF_GUIDE_MESSAGE = 24305
S_GMEVENT_OX_QUIZ_OPEN = 34586
S_GMEVENT_OX_QUIZ_RESULT = 23591
S_GMEVENT_OX_QUIZ_USER_STATUS = 53529
S_GMEVENT_OX_REPE_QUIZ_OPEN = 54809
S_GMEVENT_OX_REPE_QUIZ_RESULT = 40594
S_GMEVENT_OX_RESURRECT_RESULT = 25120
S_GMEVENT_RECV_REWARD = 36072
S_GMEVENT_START_EVENT = 30720
S_GMEVENT_WRITE_EVENTBOARD = 42155
S_GRANT_SKILL = 55676
S_GROUP_DUEL_CURRENT_BETTING_ITEM = 56653
S_GROUP_DUEL_FIN = 26022
S_GROUP_DUEL_INIT = 53040
S_GROUP_DUEL_RECORD = 34123
S_GROUP_NPC_LOCATION = 30788
S_GUARDTOWER_ATTACK_ALARM = 57550
S_GUARD_PK_POLICY = 63434
S_GUILD_ACCOUNT_LIMIT_INFO_CHANGED = 48939
S_GUILD_ANNOUNCE = 55366
S_GUILD_APPLY_COUNT = 40771
S_GUILD_APPLY_LIST = 39702
S_GUILD_EMBLEM = 31370
S_GUILD_HISTORY = 20457
S_GUILD_INFO = 51482
S_GUILD_LEVEL_INFO_CHANGED = 64934
S_GUILD_LEVEL_RANKING_LIST = 25633
S_GUILD_MEMBER_LIST = 26066
S_GUILD_MONEY_INFO_CHANGED = 22941
S_GUILD_NAME = 59738
S_GUILD_PERK_LIST = 62683
S_GUILD_POINT_INFO_CHANGED = 22366
S_GUILD_QUEST_LIST = 24635
S_GUILD_STORE_BASKET = 52294
S_GUILD_STORE_SELL_LIST = 48518
S_GUILD_TOWER_INFO = 52674
S_GUILD_WARE_HISTORY = 58863
S_GUILD_WAR_PENALTY_INFO = 37962
S_HANCOIN_AMOUNT = 28684
S_HIDE_HP = 26268
S_HIT_COMBO = 45729
S_HOLD_ABNORMALITY_ADD = 22536
S_HOLD_ABNORMALITY_REMOVE = 28945
S_HUDDLE_ADDING = 54797
S_HUNTING_ZONE_EVENT_LIST = 57376
S_IMAGE_DATA = 65438
S_INCREASE_SERVANT_STORAGE_COUNT = 48770
S_INGAMESHOP_CATEGORY_BEGIN = 61478
S_INGAMESHOP_CATEGORY_DATA = 27801
S_INGAMESHOP_CATEGORY_END = 29950
S_INGAMESHOP_PRODUCT_BEGIN = 39578
S_INGAMESHOP_PRODUCT_DATA = 54877
S_INGAMESHOP_PRODUCT_END = 27248
S_INGAMESHOP_PRODUCT_ITEMID = 35128
S_INGAMESHOP_PRODUCT_SUBPROD = 22975
S_INGAMESHOP_PRODUCT_TAG = 31401
S_INGAME_CHANGE_USER_APPEARANCE_CANCEL = 28157
S_INGAME_CHANGE_USER_APPEARANCE_START = 40951
S_INIT_BASE_POINT_BATTLE_FIELD = 53689
S_INIT_CANNON_BATTLE_FIELD = 57767
S_INIT_FREE_FIGHT_BATTLE_FIELD = 57078
S_INIT_KUMAS_BATTLE_FIELD = 25196
S_INIT_KUMAS_BOSS_BATTLE_FIELD = 25645
S_INIT_KUMAS_BOSS_INFO = 23860
S_INIT_ROUND_PVE_BATTLE_FIELD = 53881
S_INIT_ROUND_PVP_BATTLE_FIELD = 55359
S_INIT_SEREN_GUIDE = 50431
S_INIT_SNOW_EVENT_BATTLE_FIELD = 51775
S_INIT_STRONGHOLD_OCCUPATION_BATTLE_FIELD = 37449
S_INIT_WORLD_OF_TANK_BATTLE_FIELD = 38287
S_INSTANCE_ARROW = 29506
S_INSTANT_CATCH = 58786
S_INSTANT_DASH = 34926
S_INSTANT_MOVE = 57613
S_INSTANT_PULL = 41312
S_INSTANT_THROW = 49331
S_INTERACTION_RESULT = 30526
S_INTEREST_INFO = 39649
S_INVALID_BUILD_VERSION = 39346
S_INVEN_CHANGEDSLOT = 30101
S_INVEN_USERDATA = 45768
S_INVITE_CODE_EXPIRE_TIME = 47879
S_INVITE_COMPENSATION_GUIDE = 43879
S_INVITE_FRIEND_CODE = 60921
S_IS_LORD = 31137
S_IS_NOT_LORD = 26682
S_ITEMLIST = 21168
S_ITEMSYNTHESIZER_MATERIAL = 33084
S_ITEMSYNTHESIZER_RESULT = 59314
S_ITEM_COLORING_BAG = 59390
S_ITEM_CUSTOM_STRING = 31074
S_ITEM_DECOMPOSE = 47183
S_ITEM_EXPLOSION_RESULT = 41196
S_ITEM_TRANSFORM_DATA = 62411
S_JOIN_PRIVATE_CHANNEL = 31350
S_KUMAS_BATTLE_FIELD_BOARD = 29412
S_KUMAS_BATTLE_FIELD_LOOT_ITEM = 58561
S_KUMAS_BATTLE_FIELD_RESULT = 35359
S_KUMAS_BOSS_BATTLE_FIELD_BOARD = 56358
S_KUMAS_BOSS_BATTLE_FIELD_RESULT = 22728
S_KUMAS_BOSS_CHANGE_INFO = 64376
S_LEARN_EP_PERK = 53956
S_LEAVE_CITY_WAR = 55167
S_LEAVE_GUILD = 33467
S_LEAVE_PARTY = 65283
S_LEAVE_PARTY_MEMBER = 38775
S_LEAVE_PRIVATE_CHANNEL = 49606
S_LIST_CHANNEL = 32799
S_LIST_PARCEL = 28309
S_LIST_PARCEL_EX = 49975
S_LOADING_SCREEN_CONTROL_INFO = 49888
S_LOAD_ACHIEVEMENT_LIST = 44065
S_LOAD_CLIENT_ACCOUNT_SETTING = 26892
S_LOAD_CLIENT_USER_SETTING = 53269
S_LOAD_DUNGEON_SOUND_HINT = 38408
S_LOAD_EP_INFO = 23792
S_LOAD_HINT = 21002
S_LOAD_SKILL_SCRIPT_LIST = 28311
S_LOAD_TELEPORT_TO_POS_LIST = 42298
S_LOAD_TOPO = 34759
S_LOCKON_ARROW = 63321
S_LOCKON_YOU = 41997
S_LOGIN = 58460
S_LOGIN_ACCOUNT_INFO = 50308
S_LOGIN_ARBITER = 63946
S_LOGOUT_PARTY_MEMBER = 30667
S_LOOT_DROPITEM = 22600
S_LORD_CANDIDATE_LIST = 61409
S_LORD_CANDIDATE_PLEDGE = 45862
S_LORD_GUARD_INFO = 27115
S_LORD_OPEN_CANDIDATE_WINDOW = 62431
S_LORD_OPEN_REGISTER_WINDOW = 34862
S_LORD_OPEN_VOTE_WINDOW = 22439
S_LORD_POLICY_SET = 58451
S_LORD_RANK_INFO = 27544
S_LORD_REGISTER_INFO = 31869
S_LORD_TAX_SET = 46053
S_LORD_VOTE_CANDIDATE_LIST = 36762
S_MAIN_MENU_COMMAND = 39633
S_MASSTIGE_STATUS = 54818
S_MATERIAL_CHANGE = 26858
S_MATERIAL_PARAM_CHANGE = 54654
S_MEDAL_STORE_BASKET = 47952
S_MEDAL_STORE_SELL_LIST = 31389
S_MERGE_PARTY_TO_RAID = 65160
S_MINIGAME_END = 64235
S_MINIGAME_FAIL = 54589
S_MINIGAME_RANK_END_POINT = 55450
S_MINIGAME_START = 49813
S_MINIGAME_WAIT = 62593
S_MODIFY_INTER_PARTY_MATCH_POOL = 50590
S_MOUNT_VEHICLE = 42312
S_MOUNT_VEHICLE_EX = 35532
S_MOVE_DISTANCE_DELTA = 31017
S_MOVE_SHUTTLE = 56649
S_MUTE = 40155
S_MY_DESCRIPTION = 22421
S_MY_PARTY_MATCH_INFO = 63777
S_NAME_PREEMPTION_EVENT_INFO = 32085
S_NEED_WAREHOUSE_COMMISION = 22910
S_NEW_GOLD_RACE_INFO = 52681
S_NOCTAN_VARIATION_INFO = 62652
S_NOTIFY_ACTIVE_BUILD_TERRITORY_STATE = 38534
S_NOTIFY_BATTLE_FIELD_CHAT_BAN = 26261
S_NOTIFY_BATTLE_FIELD_NPC_DESPAWN = 27018
S_NOTIFY_BATTLE_FIELD_NPC_SPAWN = 28949
S_NOTIFY_DISCONNECT_BY_LEVEL_LIMIT = 54009
S_NOTIFY_GUILD_QUEST_URGENT = 46225
S_NOTIFY_GUILD_WAR_INFO = 40924
S_NOTIFY_GUILD_WAR_STATUS_CHANGE = 33844
S_NOTIFY_QUEST_RESTART = 27852
S_NOTIFY_TO_FRIENDS_WALK_INTO_SAME_AREA = 24247
S_NOTIFY_USER_SKILL_POLISHING_LEVEL_UP = 35538
S_NOTIFY_VM_STATUS = 42550
S_NPCGUILD_LIST = 65053
S_NPC_AI_EVENT = 38920
S_NPC_CHANGE_MESH = 33078
S_NPC_INTERACTION_COMBO_INFO = 54540
S_NPC_LOCATION = 58596
S_NPC_MENU_SELECT = 46429
S_NPC_OCCUPIER_INFO = 34598
S_NPC_PARTIAL_DESTRUCT = 63244
S_NPC_PART_BLINK = 64082
S_NPC_PART_BREAK_ACTIVE = 50108
S_NPC_RESPAWN_PLAN_ALARM = 21023
S_NPC_SCALE = 23941
S_NPC_SITUATION = 49820
S_NPC_STATUS = 58594
S_NPC_TARGET_USER = 55011
S_NPC_TRANSLATIONZ = 48407
S_OBTAIN_TOKEN_ITEM = 57304
S_ONGOING_FIELD_EVENT_LIST = 60358
S_ONGOING_LEVEL_EVENT_LIST = 32531
S_OPEN_AWESOMIUM_WEB_URL = 32728
S_OPEN_BOARD = 33765
S_OPEN_CHANGE_CHARACTER_NAME_POPUP = 51687
S_OPEN_CITY_WAR_SEASON_HISTORY = 52340
S_OPEN_DUAL_OPTION_MATERIAL_INFO = 50298
S_OPEN_EPPERK_RESET_POPUP = 58312
S_OPEN_EXPAND_INVEN_WINDOW = 58616
S_OPEN_FLOATING_CASTLE_STORE = 32744
S_OPEN_GUARD_INFO_WINDOW = 26358
S_OPEN_GUILD_FLAG_WINDOW = 57720
S_OPEN_GUILD_LOGO_WINDOW = 65363
S_OPEN_GUILD_WAR_WINDOW = 21282
S_OPEN_RENAME_GUILD_POPUP = 64347
S_OPEN_VM_SELLBUY_WINDOW = 22473
S_OPEN_VM_SETTING_WINDOW = 51611
S_OP_COMMAND = 49507
S_OTHER_USER_APPLY_PARTY = 23474
S_PARCEL_READ_RECV_STATUS = 44472
S_PARCEL_REPORT = 60234
S_PARTY_INFO = 62090
S_PARTY_LOOTING_METHOD = 25382
S_PARTY_LOOTING_METHOD_VOTE = 50435
S_PARTY_MARKER = 62648
S_PARTY_MATCH_LINK = 50739
S_PARTY_MEMBER_ABNORMAL_ADD = 43440
S_PARTY_MEMBER_ABNORMAL_CLEAR = 20667
S_PARTY_MEMBER_ABNORMAL_DEL = 62937
S_PARTY_MEMBER_ABNORMAL_REFRESH = 55977
S_PARTY_MEMBER_BUFF_UPDATE = 63238
S_PARTY_MEMBER_CHANGE_HP = 58418
S_PARTY_MEMBER_CHANGE_MP = 53073
S_PARTY_MEMBER_CHANGE_STAMINA = 62690
S_PARTY_MEMBER_INFO = 59203
S_PARTY_MEMBER_INTERVAL_POS_UPDATE = 23064
S_PARTY_MEMBER_LIST = 24829
S_PARTY_MEMBER_QUEST_DATA = 29706
S_PARTY_MEMBER_STAT_UPDATE = 35626
S_PARTY_NOTIFY_MY_POSITION = 38653
S_PENDING_TRANSFORM_DATA = 61310
S_PETITION_CANCEL = 51981
S_PETITION_CHAT_BEGIN = 64632
S_PETITION_CHAT_END = 56078
S_PETITION_CHAT_GM_MESSAGE = 24393
S_PETITION_CHECK_CREATABLE = 21922
S_PETITION_CHECK_SURVEYABLE = 43708
S_PETITION_COMPLETE = 32762
S_PETITION_CREATE = 28389
S_PETITION_FORCE_CREATE = 63327
S_PETITION_INFO = 46233
S_PET_ATTACKED = 26476
S_PET_DURABILITY_CHANGE = 51923
S_PET_INCUBATOR_INFO_CHANGE = 30777
S_PET_INCUBATOR_PROGRESS = 41465
S_PET_INCUBATOR_SHOW = 47997
S_PET_INFO_CHANGE = 62049
S_PET_INFO_CLEAR = 63933
S_PET_MANAGER_SHOW = 33061
S_PET_STOP_ALERT = 40937
S_PING = 21104
S_PK_END = 41515
S_PK_START = 21307
S_PK_TAG = 45142
S_PLAYER_AUTOPILOT = 62649
S_PLAYER_CHANGE_ACTPOINT = 28453
S_PLAYER_CHANGE_ALL_PROF = 41227
S_PLAYER_CHANGE_DRAIN = 57493
S_PLAYER_CHANGE_EP = 30007
S_PLAYER_CHANGE_EXP = 22007
S_PLAYER_CHANGE_FLIGHT_ENERGY = 24752
S_PLAYER_CHANGE_MP = 31918
S_PLAYER_CHANGE_NOCTAN_COUNT = 26799
S_PLAYER_CHANGE_PROF = 45374
S_PLAYER_CHANGE_STAMINA = 36846
S_PLAYER_LACK_OF_ACTPOINT = 24148
S_PLAYER_RESET_EP = 64696
S_PLAYER_STAT_UPDATE = 53446
S_PLAYER_VEHICLE_EX_STAT_UPDATE = 41839
S_PLAYTIME = 61921
S_PLAYTIME_EVENT_END = 31104
S_PLAYTIME_EVENT_REWARD_DATA = 29304
S_PLAY_ANIMATION = 57806
S_PLAY_EFFECT = 32361
S_PLAY_EVENT_SOUND = 24791
S_PLAY_MAGNETIC = 49476
S_PLAY_MOVIE = 60665
S_PLAY_SOUND = 24590
S_PLAY_SOUND_BYNAME = 37211
S_PLAY_TIME = 57124
S_POINT_STORE_BASKET = 57291
S_POINT_STORE_SELL_LIST = 21214
S_POLITICS_POINT_STORE_BASKET = 31066
S_POLITICS_POINT_STORE_SELL_LIST = 56379
S_POSITION_SWAP = 61525
S_POST_PROCESS = 52414
S_POST_PROCESS_MATERIAL = 34214
S_PRECONFIRM_INVITE_CODE = 25427
S_PREMIUM_COMPOSE_ADD_ITEM = 35071
S_PREMIUM_COMPOSE_DEL_ITEM = 33787
S_PREMIUM_COMPOSE_RESET = 62561
S_PREMIUM_COMPOSE_RESULT = 49500
S_PREMIUM_COMPOSE_START = 54850
S_PREMIUM_COMPOSE_UI_INFO = 23104
S_PREMIUM_SLOT_DATALIST = 47822
S_PREMIUM_SLOT_OFF = 23635
S_PREPARE_CHANGE_USER_APPEARANCE = 48737
S_PREPARE_DONE_WORKOBJECT = 20359
S_PREPARE_EXIT = 45461
S_PREPARE_INGAME_CHANGE_USER_APPEARANCE = 53167
S_PREPARE_RETURN_TO_LOBBY = 30462
S_PREPARE_SELECT_CHANNEL = 26144
S_PREPARE_WORKOBJECT = 27430
S_PREVIEW_ITEM = 44488
S_PRIVATE_CHANNEL_NOTICE = 28112
S_PRIVATE_CHAT = 28801
S_PRODUCE_CRITICAL = 30704
S_PROMOTION_INFO = 22496
S_PROMOTION_PROCESS = 57540
S_PROMOTION_SUCCESS = 45352
S_PROTECT = 23294
S_PURCHASE_PROD = 24550
S_PUSHED_BY_SHIELD = 35868
S_PVE_LEADER_BOARD_INFO = 20905
S_PVE_RANKING_LIST = 25083
S_PVP_LEADER_BOARD_INFO = 34083
S_PVP_RANKING_LIST = 28881
S_QA_SET_ADMIN_LEVEL = 38909
S_QUEST_BALLOON = 34769
S_QUEST_INFO = 38201
S_QUEST_VILLAGER_INFO = 46542
S_RACE_CHANGE_RESTRICTION = 41720
S_RANK_MESSAGE = 26896
S_RANK_POINT_STATUS = 21010
S_READY_PULL = 41454
S_RECEIVE_TOKEN_TARGET_ITEM = 54076
S_RECV_PARCEL = 37115
S_RECV_PARCEL_ALL = 49485
S_RECV_PARCEL_EX = 37311
S_REGISTER_COMBINE_ITEM = 64035
S_REGISTER_ENCHANT_ITEM = 46699
S_REGISTER_EVOLUTION_ITEM = 54072
S_REGISTER_REPAIR_ITEM = 41824
S_REGISTER_SERVANT_RESULT = 41686
S_REIGN_INFO = 51807
S_REJECT_CONTRACT = 39721
S_REMAIN_PLAY_TIME = 52054
S_REMOVE_BLOCKED_USER = 51384
S_REMOVE_EFFECT = 30533
S_REMOVE_EVENT_MATCHING_QUEST = 30275
S_REMOVE_GUILD_GROUP = 21792
S_REMOVE_GUILD_MEMBER = 48033
S_REMOVE_SOUND_BYNAME = 57019
S_RENAME_ITEMSTRING_START = 61596
S_REPLY_GUILD_LIST = 52780
S_REPLY_GUILD_WANTED_WRITING_LIST = 60004
S_REPLY_INVITE_GUILD_LIST = 21955
S_REPLY_NONDB_ITEM_INFO = 30357
S_REPLY_REQUEST_CONTRACT = 55744
S_REPLY_RET_VILLAGE_INFO = 59599
S_REPLY_SET_GUILD_WANTED_WRITING = 62832
S_REQUEST_ABILITY_TRANSFER = 51411
S_REQUEST_CHANGE_LOOKS_SERVANT = 24221
S_REQUEST_CHANGE_PARTY_MATCH_RULE = 58562
S_REQUEST_CITY_WAR_MAP_INFO = 58520
S_REQUEST_CITY_WAR_MAP_INFO_DETAIL = 52440
S_REQUEST_CITY_WAR_MAP_INFO_END = 47637
S_REQUEST_CONTRACT = 39871
S_REQUEST_COOLTIME_TO_JOIN_GUILD = 41962
S_REQUEST_DEMOLIST_GUILD_TOWER_POPUP = 58955
S_REQUEST_DESPAWN_SERVANT = 56966
S_REQUEST_DUNGEON_MATCHING_UI = 42757
S_REQUEST_FLOATING_CASTLE_PARTS_COOL_TIME = 40321
S_REQUEST_GUILD_FLAG_IMAGE_DATA = 41122
S_REQUEST_GUILD_INFO_BEFORE_APPLY_GUILD = 56162
S_REQUEST_INGAMESTORE_PRODUCT_DETAIL = 23753
S_REQUEST_INGAMESTORE_SALE_PRODUCTLIST = 23400
S_REQUEST_INVITE_GUILD_TAG = 37383
S_REQUEST_JOINED_CHANNEL_LIST = 33031
S_REQUEST_JOIN_GUILD_NOTICE = 50624
S_REQUEST_NAME_PREEMPTION = 30020
S_REQUEST_PET_CONSUME_EXP_ITEM = 49490
S_REQUEST_PRIVATE_CHANNEL_INFO = 57135
S_REQUEST_REACTION_POS_TICK = 20600
S_REQUEST_RENEW_ALL_PARTS_ITEM = 31130
S_REQUEST_SECOND_PASSWORD_AUTH = 60399
S_REQUEST_SECOND_PASSWORD_REGISTER = 35146
S_REQUEST_SERVANT_AUTO_POTION_INFO = 38210
S_REQUEST_SERVANT_COMPOSE = 51857
S_REQUEST_SERVANT_EVOLUTION = 49396
S_REQUEST_SERVANT_INFO_LIST = 33221
S_REQUEST_SERVANT_LEVEL_UP = 51222
S_REQUEST_SPAWN_SERVANT = 55235
S_REQUEST_STYLE_SHOP_MARK_PRODUCTLIST = 62064
S_REQUEST_UPDATE_CUSTOM_USER_CUSTOMIZING = 59094
S_REQUEST_WRITE_BOARD_RESULT = 64471
S_RESET_ALL_PRODUCT_MARK_EVENT = 41940
S_RESET_EP_PERK = 26252
S_RESET_GUILD_PERK = 53755
S_RESET_SKILL = 39773
S_RESPONSE_ACCESSORY_COST_INFO = 32389
S_RESPONSE_GAMESTAT_PONG = 30775
S_RESPONSE_SERVER_ADMINTOOL_AWESOMIUM_URL = 22547
S_RESPONSE_USE_PREMIUM_SLOT = 64879
S_RESULT_BATTLE_FIELD_CHAT_BAN = 64955
S_RESULT_BIDDING_DICE_THROW = 29911
S_RESULT_CHANGE_CHARACTER_NAME = 52329
S_RESULT_CHANGE_DUAL_OPTION_IDX = 59469
S_RESULT_CHANGE_FRIEND_MEMO = 31178
S_RESULT_CHANGE_MY_PROFILE = 29677
S_RESULT_COMBINE_ITEM = 54720
S_RESULT_ENCHANT = 26289
S_RESULT_EQUIPMENT_INHERITANCE = 33359
S_RESULT_EVENT_SEED = 32028
S_RESULT_EVOLUTION = 55324
S_RESULT_GROUP_DUEL_MSG = 42549
S_RESULT_ITEM_BIDDING = 30633
S_RESULT_ITEM_COLORING = 53975
S_RESULT_LEARN_GUILD_PERK = 35285
S_RESULT_MATERIAL_AWAKEN = 24756
S_RESULT_OPEN_DUAL_OPTION = 55317
S_RESULT_RENAME_GUILD = 40216
S_RESULT_REPAIR_ITEM = 58632
S_RESULT_SEREN_GUIDE = 54087
S_RESULT_USABLE_CHARACTER_NAME = 58360
S_RESULT_USABLE_GUILD_NAME = 30842
S_RETURN_PARCEL = 33251
S_RETURN_TO_LOBBY = 55546
S_RETURN_USER = 40990
S_RETURN_USER_REWARD_END = 43783
S_REWARDNPC_SPAWN_ALARM = 60698
S_REWRITE_ITEM_STRING = 39407
S_RIGHT_ITEM_LIST = 21316
S_ROUND_PVE_BATTLE_FIELD_BOARD = 55488
S_ROUND_PVE_CLOSE_SKILL_UI = 42631
S_ROUND_PVE_OPEN_SKILL_UI = 52829
S_ROUND_PVE_SCORE = 25453
S_ROUND_PVP_BATTLE_FIELD_BOARD = 52390
S_ROUND_RESULT = 23186
S_ROUND_START = 35063
S_RP_ADD_ITEM_TO_DECOMPOSITION_CONTRACT = 34024
S_RP_COMMIT_DECOMPOSITION_CONTRACT = 30085
S_RP_DEL_ITEM_FROM_DECOMPOSITION_CONTRACT = 62297
S_RP_SKILL_POLISHING_CHANGE_OPTION = 52162
S_RP_SKILL_POLISHING_EXP_INFO = 24647
S_RP_SKILL_POLISHING_LIST = 37058
S_RP_SKILL_POLISHING_UNLOCK_OPTION = 51215
S_RP_SKILL_POLISHING_UPGRADE_LEVEL = 22303
S_RP_START_SOCIAL_ON_PROGRESS_DECOMPOSITION = 21272
S_RP_UPDATE_ITEM_TO_DECOMPOSITION_CONTRACT = 45266
S_SCENARIO_DUNGEON_UI = 44214
S_SECOND_PASSWORD_AUTH_RESULT = 38325
S_SECOND_PASSWORD_REGISTER_RESULT = 40030
S_SELECT_CHANNEL = 25525
S_SELECT_EVENT_MATCHING = 44129
S_SELECT_USER = 21797
S_SEND_CHANGE_REPUTATION_EXP = 22996
S_SEND_CHANGE_REPUTATION_POINT = 48452
S_SEND_PARCEL = 60885
S_SEND_PARCEL_TAX = 48458
S_SEND_QUEST_ITEM_INFO = 31197
S_SEND_ROUND_PVE_SKILL_LIST = 58459
S_SEND_USER_PLAY_TIME = 45092
S_SEND_VIP_SYSTEM_INFO = 55402
S_SERVANT_ABILITY = 21629
S_SERVER_TIME = 26908
S_SET_AWESOMIUM_WEB_URL = 59448
S_SET_FLY_MOVE_INFO = 29268
S_SET_GUILD_JOIN_CONDITION = 20609
S_SET_ITEM_BIDDING_FLAG = 29416
S_SET_ITEM_STRING = 57630
S_SET_KUMAS_BATTLE_FIELD_TREASURE_SCORE = 36768
S_SET_NEW_TERA_USER = 35230
S_SET_POS = 24992
S_SET_RECIPE_BOOKMARK = 42511
S_SET_SEND_PARCEL_ITEM = 48240
S_SET_SEND_PARCEL_MONEY = 37856
S_SET_VISIBLE = 48492
S_SET_WORKOBJECT = 46801
S_SHARE_USER_PING = 27771
S_SHORTCUT_CHANGE = 39542
S_SHOW_ARTISAN_MENU = 52211
S_SHOW_AWESOMIUMWEB_SHOP = 38411
S_SHOW_CANDIDATE_LIST = 49545
S_SHOW_CHANGE_CHARACTER_UI = 47581
S_SHOW_CREST_LEARN = 38803
S_SHOW_DARKRIFT_USER_HP = 53503
S_SHOW_DEAD_CITY_WAR_UI = 54409
S_SHOW_DEAD_UI = 45435
S_SHOW_DUNGEON_RETRY_UI = 37753
S_SHOW_GAGE = 32065
S_SHOW_GUILD_QUEST_LIST = 29104
S_SHOW_HP = 22655
S_SHOW_ITEM_TOOLTIP = 43392
S_SHOW_NAME_PLATE_ICON = 27835
S_SHOW_NPC_TO_MAP = 38946
S_SHOW_PARCEL_MESSAGE = 39225
S_SHOW_PARTY_MATCH_INFO = 27798
S_SHOW_PEGASUS_MAP = 62507
S_SHOW_REVIVE_UI = 50317
S_SHOW_TEMPER_WINDOW = 47344
S_SHOW_TRADE_ITEM = 43092
S_SHOW_TRADE_LOG = 48800
S_SHOW_USER_EP_INFO = 22723
S_SIMPLE_TIP_REPEAT_CHECK = 61789
S_SKILL_ATTENTION_TARGET = 53725
S_SKILL_CATEGORY = 29566
S_SKILL_CHASE_EFFECT_TARGET = 56619
S_SKILL_FORGET = 24289
S_SKILL_LEARN_LIST = 64775
S_SKILL_LEARN_RESULT = 42771
S_SKILL_LIST = 45543
S_SKILL_PERIOD = 55117
S_SKILL_TARGETING_AREA = 27666
S_SNOW_EVENT_BATTLE_FIELD_BOARD = 44568
S_SNOW_EVENT_BATTLE_FIELD_SPAWN_USER = 45981
S_SOCIAL = 32731
S_SOCIAL_CANCEL = 41977
S_SOCIAL_FORGET = 27671
S_SOCIAL_LEARN_RESULT = 42560
S_SPAWN_BONFIRE = 22535
S_SPAWN_BUILD_OBJECT = 40850
S_SPAWN_COLLECTION = 63369
S_SPAWN_DOOR = 58559
S_SPAWN_DROPITEM = 37239
S_SPAWN_EVENT_SEED = 52811
S_SPAWN_GAMBLE_BOX = 35208
S_SPAWN_ME = 34543
S_SPAWN_NPC = 46865
S_SPAWN_PET = 56611
S_SPAWN_PROJECTILE = 60824
S_SPAWN_REMOTE_PROJECTILE = 37866
S_SPAWN_SHUTTLE = 61429
S_SPAWN_STATUE = 52488
S_SPAWN_USER = 27603
S_SPAWN_WORKOBJECT = 63472
S_STAGE_RESULT = 24152
S_START_ACTION_SCRIPT = 21339
S_START_CHANGE_USER_APPEARANCE = 26597
S_START_CHAT_BAN = 40335
S_START_CHAT_BAN_INFINITY = 37642
S_START_CLIENT_CUSTOM_SKILL = 27628
S_START_CLIMBING = 63851
S_START_COMMANDER_SKILL = 50302
S_START_COOLTIME_ITEM = 32683
S_START_COOLTIME_SERVANT_SKILL = 52864
S_START_COOLTIME_SKILL = 35517
S_START_DRIVE_AIRSHIP = 35670
S_START_FISHING_CHARGE = 61885
S_START_FISHING_MINIGAME = 29522
S_START_FIX_SPIRIT = 43338
S_START_FIX_VEHICLE = 52587
S_START_GUILD_QUEST = 35413
S_START_GUILD_WAR = 51567
S_START_INVERSE_CAPTURE = 45821
S_START_LEVEL_COMPENSATION = 35066
S_START_PEGASUS = 22402
S_START_PRODUCE = 44122
S_START_ROUND_PVE_ROUND = 39422
S_START_STACK_ATTENDANCE_EVENT_INFO = 26082
S_START_USER_PROJECTILE = 29600
S_START_VM_BUY = 25516
S_START_VM_SELL = 38051
S_STEER_DEBUG_COMMAND = 42085
S_STICK_TO_USER_END = 25982
S_STICK_TO_USER_START = 31030
S_STOP_VM = 63847
S_STORE_BASKET = 34432
S_STORE_SELL_LIST = 24486
S_STRONGHOLD_OCCUPATION_BATTLE_FIELD_BOARD = 56697
S_STRONGHOLD_OCCUPATION_BATTLE_FIELD_STRONGHOLD_INFO = 20358
S_STR_EVALUATE_LIST = 33231
S_STYLE_SHOP_BUY_TCAT_ITEM = 53801
S_SUCCESS_COUNTER = 20208
S_SUCCESS_STYLE_SHOP_BUY_REPUTATION_ITEM = 21529
S_SUGGEST_DARK_RIFT_PARTY_MATCHING = 23884
S_SURVEY_QUESTION = 50254
S_SWITCH_INFO = 32631
S_SYNC_PEGASUS_TIME = 21635
S_SYSTEM_MESSAGE = 57012
S_SYSTEM_MESSAGE_CUSTOM = 50638
S_SYSTEM_MESSAGE_LOOT_ITEM = 25154
S_SYSTEM_MESSAGE_LOOT_SPECIAL_ITEM = 38766
S_SYSTEM_REWARD_MESSAGE = 50401
S_SYS_PARTY_INFO = 58835
S_TARGET_INFO = 28120
S_TASK_INFO_GUARD = 32204
S_TAX_INFO = 37705
S_TELEPORT_TO_CAMP = 39130
S_TEMPER_MATERIALS = 38840
S_TEMPER_RESULT = 63558
S_TERRITORY_STEP_ENTER = 24502
S_TERRITORY_STEP_LEAVE = 49291
S_TERRITORY_STEP_PROGRESS = 60201
S_TIMEOVER_CONTRACT = 40230
S_TOGGLE_TASK_INFO_WINDOW = 45917
S_TOKEN_POINT_STATUS = 41522
S_TOTAL_GUILD_WAR_DATA = 24708
S_TRADE_ACCEPT = 54966
S_TRADE_BAG_CLOSE = 36901
S_TRADE_BAG_DONE = 54060
S_TRADE_BOX = 58287
S_TRADE_BROKER_BOUGHT_ITEM_LIST = 28422
S_TRADE_BROKER_BUY_IT_NOW = 41288
S_TRADE_BROKER_CALC_NOTIFY = 29425
S_TRADE_BROKER_DEAL_INFO_UPDATE = 51832
S_TRADE_BROKER_DEAL_SUGGESTED = 20651
S_TRADE_BROKER_HIGHEST_ITEM_LEVEL = 56247
S_TRADE_BROKER_HISTORY_ITEM_LIST = 59330
S_TRADE_BROKER_INPUT_PRICE = 64213
S_TRADE_BROKER_REGISTERED_ITEM_LIST = 31133
S_TRADE_BROKER_REQUEST_DEAL_RESULT = 23717
S_TRADE_BROKER_SOLD_ITEM_LIST = 61268
S_TRADE_BROKER_SUGGEST_DEAL = 45958
S_TRADE_BROKER_WAITING_ITEM_LIST = 50174
S_TRADE_MESSAGE = 30241
S_TRANSFER_KUMAS_BATTLE_FIELD_TREASURE = 36033
S_TUTORIAL_PLAY_FINISHED = 35536
S_UNEQUIP_SERVANT_ITEM = 27435
S_UNICAST_FLOATING_CASTLE_INFO = 58808
S_UNICAST_FLOATING_CASTLE_NAMEPLATE = 27158
S_UNICAST_TRANSFORM_DATA = 31769
S_UNMOUNT_VEHICLE = 31242
S_UNMOUNT_VEHICLE_EX = 59402
S_UNREGISTER_COMBINE_ITEM = 37076
S_UNREGISTER_ENCHANT_ITEM = 58597
S_UNREGISTER_EVOLUTION_ITEM = 44009
S_UNREGISTER_REPAIR_ITEM = 47437
S_UPDATE_ACHIEVEMENT_PROGRESS = 57072
S_UPDATE_BIDDING_COUNT = 43949
S_UPDATE_CONTENTS_ON_OFF = 61396
S_UPDATE_EVENT_MATCHING_BONUS_INFO = 47498
S_UPDATE_EVENT_SEED_STATE = 52239
S_UPDATE_EVENT_SYSTEM = 26016
S_UPDATE_FRIENDSHIP_GAGE = 29808
S_UPDATE_FRIEND_INFO = 53845
S_UPDATE_GAMBLE_BOX_STATE = 34697
S_UPDATE_GUILD_ANNOUNCE = 57757
S_UPDATE_GUILD_FLAG = 62911
S_UPDATE_GUILD_GROUP = 25561
S_UPDATE_GUILD_MEMBER = 25468
S_UPDATE_GUILD_QUEST_STATUS = 20988
S_UPDATE_GUILD_TOWER_INFO = 27165
S_UPDATE_KUMAS_BATTLE_FIELD_TREASURE_INFO = 25914
S_UPDATE_KUMAS_BOSS_POS = 42376
S_UPDATE_NPCGUILD = 42557
S_UPDATE_PARTY_MEMBER_QUEST_DATA = 24013
S_UPDATE_QUEST = 40994
S_UPDATE_SERVANT_INFO = 22409
S_UPDATE_STACK_ATTENDANCE_EVENT_INFO = 33511
S_UPDATE_STACK_ATTENDANCE_EVENT_RESET_TIME = 42664
S_UPDATE_STYLE_SHOP_MARK_PRODUCT = 41775
S_UPDATE_USER_AWAKEN_GRADE = 48706
S_UPDATE_VM_SELLBUY_WINDOW = 53285
S_UPDATE_VM_SETTING_WINDOW = 50838
S_UPDATE_VM_STATUS = 20725
S_USER_AIM = 24604
S_USER_AIM_TO = 63314
S_USER_APPEARANCE_CHANGE = 63360
S_USER_BLOCK_LIST = 35622
S_USER_CHANGE_FACE_CUSTOM = 42589
S_USER_CHANGE_NAME = 47604
S_USER_DEATH = 37969
S_USER_EFFECT = 40688
S_USER_EXTERNAL_CHANGE = 62973
S_USER_FLYING_LOCATION = 51568
S_USER_ITEMLEVEL_INFO = 59239
S_USER_ITEM_EQUIP_CHANGER = 45466
S_USER_LEVELUP = 55430
S_USER_LOCATION = 29424
S_USER_LOCATION_IN_ACTION = 61656
S_USER_MOVETYPE = 31912
S_USER_PAPERDOLL_INFO = 39926
S_USER_PVE_RANKING = 33828
S_USER_PVP_RANKING = 51853
S_USER_REPORT = 54612
S_USER_SITUATION = 55134
S_USER_STATUS = 38212
S_USER_WEAPON_APPEARANCE_CHANGE = 23038
S_USE_CHRONOSCROLL_RESULT = 43654
S_USE_COUPON = 24493
S_USE_JUMPGEAR = 44972
S_USE_RIGHT_ITEM = 45017
S_VEHICLE_EX_ARROW = 64371
S_VERSION_INFO = 26853
S_VIEW_BATTLE_FIELD_RESULT = 53826
S_VIEW_GUILD_WAR = 50334
S_VIEW_INTER_PARTY_MATCH_BATTLEFIELD_LIST = 60597
S_VIEW_INTER_PARTY_MATCH_DUNGOEN_LIST = 48153
S_VIEW_PARTY_INVITE = 64249
S_VIEW_VM_SETTING_WINDOW = 55241
S_VIEW_WARE = 42193
S_VIEW_WARE_EX = 58313
S_VILLAGER_BUFF_INFO = 36256
S_VILLAGER_POPUP_DIALOG = 32527
S_VILLAGE_LIST_TO_TELEPORT = 62660
S_VIP_STORE_ITEM_LIST = 21701
S_VISITED_SECTION_LIST = 37921
S_VISIT_NEW_SECTION = 44529
S_VISIT_NEW_TEL_CAMP = 23310
S_VM_BUY_BASKET_INFO = 57385
S_VM_SELL_BASKET_INFO = 20088
S_VOID_GUARD_INFO = 49267
S_VOTE_DISMISS_PARTY = 57398
S_VOTE_HISTORY = 62718
S_VOTE_RESET_ALL_DUNGEON = 62336
S_VOTE_TO_DUNGEON_MENTO = 34967
S_WAITING_LIST = 41779
S_WATCHED_MOVIES = 48822
S_WEAK_POINT = 49013
S_WELCOME_PET_OWNER = 57009
S_WHISPER = 65385
S_WORK_WORKOBJECT = 48094
S_WORLD_OF_TANK_BATTLE_FIELD_BOARD = 26760
S_WORLD_OF_TANK_BATTLE_FIELD_RESULT = 30210
S_WORLD_QUEST_VILLAGER_INFO = 24178
