C_ACCEPT_CONTRACT = 46257
C_ACCEPT_FRIEND = 25284
C_ACCEPT_GUILD_APPLY = 20356
C_ADD_CRYSTAL_COMBINE_MATERIAL = 23940
C_ADD_FRIEND = 34776
C_ADD_FRIEND_GROUP = 21555
C_ADD_INTER_PARTY_MATCH_POOL = 36306
C_ADD_ITEM_TO_VM_BUY_BASKET = 50361
C_ADD_ITEM_TO_VM_SELL_BASKET = 27626
C_ADD_TELEPORT_TO_POS_LIST = 34425
C_ADD_TRADE_BAG = 37628
C_ADMIN = 46862
C_ADMIN_ADD_CUSTOM_BOOKMARK = 46180
C_ADMIN_CHAT_BAN = 62946
C_ADMIN_CHECK_USERNAME = 48459
C_ADMIN_GET_DUNGEON_USER_LIST = 53144
C_ADMIN_GET_USER_INFO_BY_DBID = 50170
C_ADMIN_GET_USER_INFO_LIST_BY_DISTANCE = 26968
C_ADMIN_GMEVENT_NOTICE = 27853
C_ADMIN_GMEVENT_OFF = 48907
C_ADMIN_GMEVENT_OX_QUIZ_NEXT_QUIZ = 23152
C_ADMIN_GMEVENT_OX_QUIZ_NEXT_REPE_QUIZ = 30866
C_ADMIN_GMEVENT_STATUS = 24284
C_ADMIN_GMEVENT_USER_KICK = 37566
C_ADMIN_GMEVENT_USER_SUMMON = 62270
C_ADMIN_GM_MAPTELEPORT = 42420
C_ADMIN_GM_SKILL = 50210
C_ADMIN_GM_TELEPORT = 45113
C_ADMIN_HOLD_CHARACTER = 25195
C_ADMIN_KILL_NPC = 52603
C_ADMIN_LOBBY = 33028
C_ADMIN_REMOVE_CUSTOM_BOOKMARK = 38383
C_ADMIN_REMOVE_NPC = 31470
C_ADMIN_REQUEST_CUSTOM_BOOKMARK = 44249
C_ADMIN_REQUEST_DEFAULT_BOOKMARK = 48626
C_ADMIN_REQUEST_USERACTION = 47585
C_ADMIN_REQUEST_USERINFO = 23381
C_ADMIN_SPAWN_NPC = 63268
C_ADMIN_VANISH_PET = 58550
C_ADMIN_WARNING_MESSAGE = 61054
C_ANSWER_BANNING_PARTY_MEMBER = 51132
C_ANS_QUEST_SHARE = 37661
C_APPLY_GUILD = 41999
C_APPLY_PARTY = 37547
C_APPLY_TITLE = 31327
C_ARRIVE_AT_JUMPGEAR_DESTINATION = 23698
C_ASK_HANCOIN_AMOUNT = 38741
C_ASK_INTERACTIVE = 58069
C_AVAILABLE_EVENT_MATCHING_LIST = 53462
C_AWESOMIUM_WEB_COUNTING = 48791
C_BANISH_GUILD_MEMBER = 28049
C_BAN_FROM_GROUP_DUEL = 54937
C_BAN_PARTY_MEMBER = 50233
C_BATTLE_FIELD_BOARD_REQUEST = 26139
C_BATTLE_FIELD_CANCEL_OCCUPATION = 27973
C_BATTLE_FIELD_HELP = 44375
C_BATTLE_FIELD_MAP_ALARM = 51226
C_BATTLE_FIELD_POINT_STORE_BUY_ADD_BASKET = 21412
C_BATTLE_FIELD_POINT_STORE_BUY_DEL_BASKET = 40399
C_BATTLE_FIELD_POINT_STORE_COMMIT = 33159
C_BATTLE_FIELD_REWARD = 32686
C_BATTLE_FIELD_START_OCCUPATION = 57632
C_BETTING_TRY = 48568
C_BIND_ITEM_BEGIN_PROGRESS = 49525
C_BIND_ITEM_EXECUTE = 23386
C_BLOCK_USER = 56107
C_BOARD_ITEM_LIST = 47656
C_BROADCAST_CLIMBING = 48088
C_BUY_INGAMESTORE_MONEYPRODUCT = 28536
C_BUY_INGAMESTORE_TCATPRODUCT = 45706
C_BUY_VILLAGER_BUFF = 62354
C_CANCEL_CHANGE_USER_APPEARANCE = 39444
C_CANCEL_CONTRACT = 31405
C_CANCEL_DELETE_USER = 65225
C_CANCEL_DUNGEON_RETRY = 25462
C_CANCEL_EXIT = 49352
C_CANCEL_FIX_VEHICLE = 61582
C_CANCEL_LOCKON_TARGET = 39546
C_CANCEL_PENDING = 46823
C_CANCEL_PREPARE_CHANGE_USER_APPEARANCE = 48043
C_CANCEL_QUEST = 35809
C_CANCEL_RETURN_TO_LOBBY = 51342
C_CANCEL_REVIVE = 61949
C_CANCEL_SELECT_CHANNEL = 27655
C_CANCEL_SKILL = 52096
C_CAN_CREATE_USER = 22213
C_CAN_LOCKON_TARGET = 36346
C_CAST_FISHING_ROD = 49144
C_CHANGE_CHANNEL_PASSWORD = 51555
C_CHANGE_CHARACTER = 51704
C_CHANGE_EQUIP_PRESET = 59222
C_CHANGE_FRIEND_MEMO = 24625
C_CHANGE_GROUP_DUEL_SETTING = 62675
C_CHANGE_GUILDGROUP = 60668
C_CHANGE_GUILDNAME = 59090
C_CHANGE_GUILD_CHIEF = 29427
C_CHANGE_ITEM_COLORING_POTION = 32618
C_CHANGE_ITEM_PASSIVE_LIST = 45988
C_CHANGE_LOOKS_PREMIUM_TRY = 50622
C_CHANGE_MY_PROFILE = 31035
C_CHANGE_MY_STATE = 21495
C_CHANGE_PARTY_MANAGER = 64023
C_CHANGE_PARTY_MEMBER_AUTHORITY = 60371
C_CHANGE_SERVANT_CONDITIONAL_SKILL = 35470
C_CHANGE_SERVANT_NAME = 40605
C_CHANGE_USER_LOBBY_SLOT_ID = 34324
C_CHANGE_USER_NAME = 53074
C_CHANGE_VM_MODE = 60307
C_CHAT = 22321
C_CHAT_REPORT = 37802
C_CHECK_CHANGE_GUILDNAME = 61680
C_CHECK_EVENT_MATCHING_LIST_CHECKBOX = 62561
C_CHECK_EVENT_SYSTEM_REWARD = 57564
C_CHECK_TO_DECLARE_GUILD_WAR = 21300
C_CHECK_TO_OPPOSITE_DECLARE_GUILD_WAR = 49146
C_CHECK_TO_READY_PARTY = 37798
C_CHECK_TO_READY_PARTY_ANSWER = 48215
C_CHECK_USERNAME = 62441
C_CHECK_VERSION = 19900
C_CITY_WAR_INFO_HISTROY = 25871
C_CITY_WAR_SEASON_HISTROY = 64587
C_CLEAR_SEND_PARCEL = 26604
C_CLOSE_SEND_PARCEL = 64446
C_CLOSE_VM = 42424
C_COLLECTION_PICKEND = 42668
C_COLLECTION_PICKSTART = 32084
C_COMBINE_ITEM = 34218
C_COMMIT_ACCESSORY_TRANSFORM = 38743
C_COMMIT_CHANGE_USER_APPEARANCE = 42502
C_COMMIT_FACE_BONE_DATA = 63314
C_COMMIT_INGAME_CHANGE_USER_APPEARANCE = 32480
C_COMMIT_VM_TRADE = 57054
C_COMPLETE_DAILY_EVENT = 28035
C_COMPLETE_EXTRA_EVENT = 46367
C_COMPLETE_QUEST = 39498
C_CONFIRM_EVENT_SYSTEM = 46880
C_CONFIRM_INVITE_CODE = 55980
C_CONFIRM_SERVANT_AUTO_POTION_INFO = 59076
C_CONFIRM_UPDATE_NOTIFICATION = 22627
C_CREATE_GROUP_DUEL = 58585
C_CREATE_GUILDGROUP = 26051
C_CREATE_PRIVATE_CHANNEL = 51156
C_CREATE_USER = 54055
C_CREST_APPLY = 53309
C_CREST_APPLY_LIST = 64067
C_CREST_DISAPPLY_ALL = 31485
C_CRYSTAL_COMBINE_EXECUTE = 63126
C_CURRENT_CHANNEL = 59546
C_CUSTOM_USER_CUSTOMIZING = 44816
C_DECLARE_GUILD_WAR = 50100
C_DECOMPOSE_REGISTER_ITEM = 53623
C_DECOMPOSE_UNREGISTER_ITEM = 42962
C_DELETE_COUPON = 49032
C_DELETE_FRIEND = 56341
C_DELETE_FRIEND_GROUP = 53326
C_DELETE_PARCEL = 40678
C_DELETE_SERVANT = 32528
C_DELETE_SERVANT_ABILITY = 24279
C_DELETE_TELEPORT_TO_POS_LIST = 23219
C_DELETE_USER = 58629
C_DELIVERY_STORE_ADD_BASKET = 54665
C_DELIVERY_STORE_COMMIT = 63006
C_DELIVERY_STORE_DEL_BASKET = 27537
C_DEL_CRYSTAL_COMBINE_MATERIAL = 41056
C_DEL_INTER_PARTY_MATCH_POOL = 30068
C_DEL_ITEM = 25550
C_DESPAWN_BUILD_OBJECT = 46822
C_DESTROY_GUILD = 26152
C_DIALOG = 30668
C_DIALOG_EVENT = 56246
C_DISMISS_PARTY = 60293
C_DISTRIBUTOR_ANSWER = 28673
C_DUEL_CANCEL = 44995
C_DUNGEON_CLEAR_COUNT_LIST = 29616
C_DUNGEON_COOL_TIME_LIST = 62027
C_DUNGEON_RANK_RECORD_LIST = 40996
C_DUNGEON_RANK_SEASON_LIST = 43731
C_DUNGEON_SUMMON_PARTY = 40984
C_DUNGEON_UI_OPENED = 63191
C_DUNGEON_WORK_ENTER = 31717
C_DUNGEON_WORK_LEAVE = 27057
C_DUNGEON_WORK_POINT_STORE_BUY_ADD_BASKET = 25882
C_DUNGEON_WORK_POINT_STORE_BUY_DEL_BASKET = 30707
C_DUNGEON_WORK_POINT_STORE_COMMIT = 34429
C_DUNGEON_WORK_RETRY = 50201
C_EDIT_BLOCKED_USER_MEMO = 44854
C_EDIT_FRIEND_GROUP = 46501
C_EDIT_PRIVATE_CHANNEL = 30395
C_ENCHANTER_USE = 65281
C_END_CLIMBING = 56966
C_END_CUSTOMIZING_PARTS_SHAPE = 64273
C_END_FISHING_MINIGAME = 61382
C_END_ITEM_BIDDING = 51047
C_END_MOVIE = 40825
C_END_RESTORE_CUSTOMIZING_PARTS_SHAPE = 56467
C_ENTER_BATTLE_FIELD = 29512
C_ENTER_DUNGEON = 33703
C_ENTER_SCENARIO_DUNGEON = 50723
C_ENTER_TELEPORTTERRITORY = 26598
C_EQUIPMENT_ENCHANT_SCROLL_USE = 61562
C_EQUIP_ITEM = 46349
C_EQUIP_SERVANT_ITEM = 56935
C_EVENT_GUIDE = 49842
C_EVENT_MATCHING_BATTLEFIELD_DETAIL_INFO = 31950
C_EVENT_MATCHING_DUNGEON_DETAIL_INFO = 55647
C_EXIT = 54080
C_EXPAND_INVEN_SIZE = 21061
C_EXTEND_PARTY = 60549
C_FACIAL_ATTACHMENT = 24247
C_FIELD_EVENT_BAN = 48922
C_FINDNAME = 27485
C_FLOATING_CASTLE_PARTS_STORE_BUY_ADD_BASKET = 59482
C_FLOATING_CASTLE_PARTS_STORE_BUY_DEL_BASKET = 21491
C_FLOATING_CASTLE_PARTS_STORE_COMMIT = 58592
C_GACHA_CANCEL = 64049
C_GACHA_TRY = 29025
C_GAMBLE_CANCEL = 47886
C_GAMBLE_CHANGE_BET_ITEM = 29312
C_GAMBLE_GO = 28376
C_GAMBLE_STOP = 39556
C_GAMBLE_TRY = 43420
C_GET_ATTENDANCE_REWARD = 21559
C_GET_EVENT_DETAIL = 24355
C_GET_EVENT_SYSTEM_REWARD = 52144
C_GET_GUILD_HISTORY = 54463
C_GET_GUILD_WARE_HISTORY = 45723
C_GET_IN_SHUTTLE = 60207
C_GET_OUT_SHUTTLE = 33351
C_GET_USER_GUILD_LOGO = 43121
C_GET_USER_LIST = 21404
C_GET_WARE_ITEM = 50027
C_GIVE_UP_GUILD_WAR = 35752
C_GMEVENT_LEAVE_EVENT = 45272
C_GMEVENT_MOVE_TO_STADIUM = 45943
C_GMEVENT_OX_REPE_QUIZ_ANSWER = 28510
C_GROUP_DUEL_ADD_BETTING_ITEM = 21335
C_GROUP_DUEL_BETTING = 26377
C_GROUP_DUEL_BETTING_MONEY = 25404
C_GROUP_DUEL_CHANGE_REPRESENT = 45216
C_GROUP_DUEL_DEL_BETTING_ITEM = 25467
C_GROUP_DUEL_RECORD = 26291
C_GUARD_PK_POLICY = 57676
C_GUILD_APPLY_LIST = 32833
C_GUILD_APPLY_LIST_PAGE = 23024
C_GUILD_STORE_BUY_ADD_BASKET = 58624
C_GUILD_STORE_BUY_DEL_BASKET = 31971
C_GUILD_STORE_COMMIT = 20771
C_HARDWARE_INFO = 49611
C_HIT_USER_PROJECTILE = 53722
C_INGAME_CHANGE_USER_APPEARANCE_CANCEL = 52320
C_INGAME_CHANGE_USER_APPEARANCE_TRY = 26449
C_INVALID_BUILD_VERSION = 35144
C_INVENTORY_AUTO_SORT = 47518
C_INVITE_FRIEND_CODE = 41081
C_INVITE_USER_TO_GUILD = 60282
C_ITEMSYNTHESIZER_REQUEST_CANCEL = 37785
C_ITEMSYNTHESIZER_REQUEST_MATERIAL = 32302
C_ITEMSYNTHESIZER_REQUEST_START = 40034
C_ITEM_COLORING_ADD_ITEM = 43006
C_ITEM_COLORING_REMOVE_ITEM = 64654
C_ITEM_COLORING_SET_COLOR = 33955
C_JOIN_GROUP_DUEL = 20027
C_JOIN_PRIVATE_CHANNEL = 43823
C_KICK_CHANNEL_MEMBER = 28547
C_LEARN_EP_PERK = 42644
C_LEAVE_GROUP_DUEL = 35776
C_LEAVE_GUILD = 33821
C_LEAVE_PARTY = 57345
C_LEAVE_PRIVATE_CHANNEL = 44408
C_LEAVE_TELEPORTTERRITORY = 57449
C_LIST_CHANNEL = 30313
C_LIST_PARCEL = 62059
C_LOAD_EP_INFO = 21522
C_LOAD_TOPO_FIN = 63869
C_LOGIN_ARBITER = 49503
C_LORD_CALC_TAX = 23123
C_LORD_CANDIDATE_LIST = 22683
C_LORD_CANDIDATE_PLEDGE = 38137
C_LORD_CHANGE_GREETINGS = 54582
C_LORD_CHANGE_POLICY = 24275
C_LORD_GUARD_INFO = 48453
C_LORD_RANK_INFO = 31532
C_LORD_REGISTER = 31072
C_LORD_REGISTER_INFO = 44891
C_LORD_TAX_SET = 21025
C_LORD_VOTE = 53502
C_LORD_VOTE_CANDIDATE_LIST = 57669
C_MAIN_MENU_COMMAND_EXEC = 21066
C_MEDAL_STORE_BUY_ADD_BASKET = 57478
C_MEDAL_STORE_BUY_DEL_BASKET = 29408
C_MEDAL_STORE_COMMIT = 51720
C_MEET_BOSS_INFO = 53708
C_MERGE_ITEM = 65477
C_MERGE_ITEM_EXECUTE = 33959
C_MERGE_PARTY_TO_RAID = 64354
C_MOUNT_VEHICLE_EX = 36460
C_MOVE_INVEN_POS = 45289
C_MOVE_SLOT_IN_GROUP_DUEL = 63142
C_MOVE_WARE_POS = 29244
C_NOTIFY_LOCATION_IN_ACTION = 41549
C_NOTIFY_LOCATION_IN_DASH = 58809
C_NOTIFY_LOCATION_IN_REACTION = 37377
C_NOTIFY_SPIRIT_LOCATION_IN_ACTION = 57278
C_NOTIMELINE_SKILL = 53152
C_NPCGUILD_LIST = 33905
C_NPC_CONTACT = 62140
C_OPEN_GUILD_WAR_WINDOW = 41734
C_OPPOSITE_DECLARE_GUILD_WAR = 32228
C_OP_COMMAND = 50443
C_PARCEL_REPORT = 47850
C_PARTY_APPLICATION_DENIED = 20357
C_PARTY_LOOTING_METHOD = 35587
C_PARTY_LOOTING_METHOD_VOTE = 49830
C_PARTY_MARKER = 45162
C_PARTY_MATCH_WINDOW_CLOSED = 48958
C_PAY_WAREHOUSE_COMMISION = 26868
C_PETITION_CANCEL = 52071
C_PETITION_CHAT_USER_MESSAGE = 32039
C_PETITION_CHECK_CREATABLE = 53579
C_PETITION_CHECK_SURVEYABLE = 60116
C_PETITION_COMPLETE_CONFIRM = 57516
C_PETITION_CREATE = 26081
C_PETITION_FEEDBACK = 42924
C_PET_EQUIP = 41037
C_PET_INCUBATOR_GET = 45802
C_PET_INCUBATOR_PUT = 62863
C_PET_INCUBATOR_START = 51168
C_PET_INCUBATOR_TAKEALL = 38172
C_PET_LEVEL_UP_ITEM_ADD_TO_LIST = 45030
C_PET_LEVEL_UP_ITEM_REMOVE_FROM_LIST = 28131
C_PET_ORB_ATTACH = 50628
C_PET_ORB_DELETE = 45950
C_PET_REPAIR = 60929
C_PET_UNEQUIP = 32520
C_PLAYER_FLYING_LOCATION = 63248
C_PLAYER_LOCATION = 42116
C_PLAY_TIME = 50568
C_POINT_STORE_BUY_ADD_BASKET = 49780
C_POINT_STORE_BUY_DEL_BASKET = 23243
C_POINT_STORE_COMMIT = 24248
C_POLITICS_POINT_STORE_BUY_ADD_BASKET = 28757
C_POLITICS_POINT_STORE_BUY_DEL_BASKET = 42649
C_POLITICS_POINT_STORE_COMMIT = 33429
C_PONG = 43497
C_PRECONFIRM_INVITE_CODE = 51657
C_PREMIUM_COMPOSE_ADD_ITEM = 30282
C_PREMIUM_COMPOSE_CANCEL = 41926
C_PREMIUM_COMPOSE_DEL_ITEM = 52905
C_PREMIUM_COMPOSE_RESET = 32074
C_PREMIUM_COMPOSE_TRY = 33158
C_PREPARE_WORKOBJECT = 32476
C_PRESS_SKILL = 21077
C_PREVIEW_ITEM = 55274
C_PROMOTION_CANCEL = 44436
C_PROMOTION_INFO = 59409
C_PROMOTION_RESET = 56184
C_PROMOTION_START = 27013
C_PURCHASE_PROD = 31481
C_PUT_INTO_PRISON = 63323
C_PUT_WARE_ITEM = 42110
C_QUERY_COIN = 22979
C_RECEIVE_FREE_STYLE_SHOP_ITEMS = 47622
C_RECEIVE_PLAYTIME_EVENT_REWARD = 51457
C_RECOMMEND_GUILD = 33236
C_RECOMMEND_USER_GUILD = 63401
C_RECV_PARCEL = 61762
C_REGISTER_COMBINE_ITEM = 35451
C_REGISTER_ENCHANT_ITEM = 26318
C_REGISTER_EVOLUTION_ITEM = 45364
C_REGISTER_PARTY_INFO = 21949
C_REGISTER_REPAIR_ITEM = 31790
C_REGISTER_VM_BUY_ITEM = 28545
C_REGISTER_VM_SELL_ITEM = 62100
C_REGIST_CUSTOMIZING_PARTS_SHAPE_ITEM = 31302
C_REIGN_INFO = 45469
C_REJECT_CONTRACT = 26181
C_REJECT_INVITE_USER_TO_GUILD = 47092
C_RELEASE_FROM_PRISON = 46733
C_REMOVE_BLOCKED_USER = 42058
C_REMOVE_COLORING_POTION = 29300
C_REMOVE_GUILDGROUP = 35582
C_REMOVE_ITEM_FROM_VM_BUY_BASKET = 48566
C_REMOVE_ITEM_FROM_VM_SELL_BASKET = 37806
C_RENAME_TELEPORT_TO_POS_LIST = 36763
C_REPLY_INTER_PARTY_MAKE = 43221
C_REPLY_TELEPORT = 54923
C_REPLY_TELEPORT_NEAR_TOWN = 33517
C_REPLY_TELEPORT_WALK_THROUGH = 41303
C_REPLY_THROUGH_ARBITER_CONTRACT = 41002
C_REQUEST_ABILITY_TRANSFER = 45519
C_REQUEST_ACCESSORY_COST_INFO = 21206
C_REQUEST_ACHIEVEMENT_LIST = 63778
C_REQUEST_ARENA_BETTING_INFO = 25828
C_REQUEST_BATTLE_FIELD_CHAT_BAN = 20719
C_REQUEST_BATTLE_FIELD_PARTY_MARKER = 37882
C_REQUEST_BATTLE_FIELD_PARTY_MARKER_CLEAR = 58286
C_REQUEST_BOSS_GAGE_INFO = 42356
C_REQUEST_BUY_VIP_STORE_ITEM = 41444
C_REQUEST_CANCEL_GUILD_QUEST = 57582
C_REQUEST_CANDIDATE_LIST = 54723
C_REQUEST_CHANGE_CHARACTER_NAME = 22873
C_REQUEST_CHANGE_DUAL_OPTION_IDX = 40354
C_REQUEST_CHANGE_PARTY_MATCH_RULE = 24540
C_REQUEST_CITY_WAR_MAP_INFO = 52219
C_REQUEST_CONTRACT = 63450
C_REQUEST_COOLTIME_TO_JOIN_GUILD = 51678
C_REQUEST_COUPON_DATA = 26981
C_REQUEST_COUPON_LIST = 32445
C_REQUEST_DEMOLISH_GUILD_TOWER = 34910
C_REQUEST_DEMOLIST_GUILD_TOWER_POPUP = 51522
C_REQUEST_DESPAWN_SERVANT = 32100
C_REQUEST_DICE_THROW = 63280
C_REQUEST_DUNGEON_WORK_LIST = 52241
C_REQUEST_ENCHANT = 21701
C_REQUEST_ENTER_VIP_DUNGEON = 44098
C_REQUEST_EQUIPMENT_INHERITANCE = 57004
C_REQUEST_EVENT_MATCHING_TELEPORT = 33030
C_REQUEST_EVOLUTION = 54536
C_REQUEST_FIELD_POINT_REWARD = 57776
C_REQUEST_FINISH_GUILD_QUEST = 36126
C_REQUEST_FLOATING_CASTLE_PARTS_COOL_TIME = 63930
C_REQUEST_FLY_MOVE_INFO = 51251
C_REQUEST_GAMESTAT_PING = 33750
C_REQUEST_GUILD_FLAG_IMAGE_DATA = 43967
C_REQUEST_GUILD_INCENTIVE = 24283
C_REQUEST_GUILD_INFO = 48202
C_REQUEST_GUILD_INFO_BEFORE_APPLY_GUILD = 32286
C_REQUEST_GUILD_LEVEL_RANKING = 54702
C_REQUEST_GUILD_LIST = 52971
C_REQUEST_GUILD_LIST_PAGE = 35743
C_REQUEST_GUILD_LIST_SORT = 37765
C_REQUEST_GUILD_PERK_LIST = 46993
C_REQUEST_GUILD_WANTED_WRITING_LIST = 51625
C_REQUEST_GUILD_WANTED_WRITING_LIST_PAGE = 58718
C_REQUEST_GUILD_WAR_PENALTY_INFO = 65161
C_REQUEST_IMAGE_DATA = 57893
C_REQUEST_INGAMESTORE_PRODUCT_DETAIL = 22589
C_REQUEST_INGAMESTORE_PRODUCT_LIST = 62545
C_REQUEST_INVITE_GUILD_LIST = 25422
C_REQUEST_INVITE_GUILD_LIST_PAGE = 37396
C_REQUEST_ITEM_COLORING_VALUE = 26082
C_REQUEST_LATEST_UPDATE_NOTIFICATION = 41725
C_REQUEST_LEARN_GUILD_PERK = 49556
C_REQUEST_MEGAPHONE = 30795
C_REQUEST_MENTO_REWARD = 42933
C_REQUEST_MY_PARTY_MATCH_INFO = 27344
C_REQUEST_NAME_PREEMPTION = 27640
C_REQUEST_NONDB_ITEM_INFO = 56457
C_REQUEST_ONGOING_FIELD_EVENT_LIST = 36872
C_REQUEST_OPEN_DUAL_OPTION = 41589
C_REQUEST_OPEN_DUAL_OPTION_MATERIAL_INFO = 34701
C_REQUEST_PARTY_INFO = 48696
C_REQUEST_PARTY_MATCH_INFO = 31465
C_REQUEST_PARTY_MATCH_INFO_PAGE = 24538
C_REQUEST_PARTY_MATCH_LINK = 59799
C_REQUEST_PET_CONSUME_EXP_ITEM = 43133
C_REQUEST_PLAYTIME = 28248
C_REQUEST_PRIVATE_CHANNEL_INFO = 33281
C_REQUEST_PVE_RANKING = 26169
C_REQUEST_PVP_RANKING = 30525
C_REQUEST_QUEST_BACKUP_ITEM = 45612
C_REQUEST_RECV_DAILY_TOKEN = 22115
C_REQUEST_RENAME_GUILD = 45083
C_REQUEST_RENEW_ALL_PARTS_ITEM = 55132
C_REQUEST_REPAIR_ITEM = 27960
C_REQUEST_REPUTATION_STORE_TELEPORT = 65151
C_REQUEST_RESET_EPPERK = 55727
C_REQUEST_RESET_VIP_STORE = 64701
C_REQUEST_RET_VILLAGE_INFO = 59858
C_REQUEST_RIGHT_ITEM_LIST = 46544
C_REQUEST_ROUND_PVE_SKILL_LIST = 28599
C_REQUEST_SELL_LIST = 34992
C_REQUEST_SEREN_GUIDE = 22743
C_REQUEST_SERVANT_AUTO_POTION_INFO = 55298
C_REQUEST_SERVANT_COMPOSE = 43950
C_REQUEST_SERVANT_EVOLUTION = 26224
C_REQUEST_SERVANT_INFO_LIST = 58213
C_REQUEST_SERVANT_LEVEL_UP = 53853
C_REQUEST_SERVER_ADMINTOOL_AWESOMIUM_URL = 53063
C_REQUEST_SET_GUILD_WANTED_WRITING = 23781
C_REQUEST_SHARE_QUEST = 22625
C_REQUEST_SPAWN_SERVANT = 34133
C_REQUEST_STACK_ATTENDANCE_EVENT_INFO_UPDATE = 25897
C_REQUEST_STACK_ATTENDANCE_EVENT_REWARD = 58402
C_REQUEST_START_GUILD_QUEST = 59079
C_REQUEST_TOKEN_TARGET_ITEM = 53487
C_REQUEST_UPDATE_ANNOUNCE = 63023
C_REQUEST_UPDATE_INTRODUCE = 50861
C_REQUEST_USABLE_CHARACTER_NAME = 54385
C_REQUEST_USABLE_GUILD_NAME = 31662
C_REQUEST_USER_ITEMLEVEL_INFO = 48346
C_REQUEST_USER_PAPERDOLL_INFO = 20944
C_REQUEST_USER_PAPERDOLL_INFO_WITH_GAMEID = 61556
C_REQUEST_VIP_STORE_ITEM_LIST = 44640
C_REQUEST_VIP_SYSTEM_INFO = 35784
C_REQUEST_WRITE_BOARD = 54478
C_RESET_ALL_DUNGEON = 49685
C_RESPONSE_SPAWN_DROPITEM = 33406
C_RETURN_PARCEL = 46770
C_RETURN_TO_LOBBY = 38939
C_RETURN_USER_GIFT = 24554
C_REUQUEST_JOINED_CHANNEL_LIST = 43586
C_REVIVE_NOW = 32491
C_REWRITE_ITEM_STRING = 60082
C_RIDE_PEGASUS = 61394
C_ROLLBACK_QUEST = 41137
C_ROUND_PVE_SKILL_SELECT = 40537
C_RQ_ADD_ITEM_TO_DECOMPOSITION_CONTRACT = 44077
C_RQ_COMMIT_DECOMPOSITION_CONTRACT = 33470
C_RQ_DEL_ITEM_FROM_DECOMPOSITION_CONTRACT = 43503
C_RQ_SKILL_POLISHING_CHANGE_OPTION = 41993
C_RQ_SKILL_POLISHING_EXP_INFO = 46632
C_RQ_SKILL_POLISHING_LIST = 28046
C_RQ_SKILL_POLISHING_UNLOCK_OPTION = 30902
C_RQ_SKILL_POLISHING_UPGRADE_LEVEL = 41072
C_RQ_START_SOCIAL_ON_PROGRESS_DECOMPOSITION = 37647
C_RQ_UPDATE_ITEM_TO_DECOMPOSITION_CONTRACT = 23244
C_SAVE_CLIENT_ACCOUNT_SETTING = 52218
C_SAVE_CLIENT_USER_SETTING = 43200
C_SECOND_PASSWORD_AUTH = 37514
C_SECOND_PASSWORD_REGISTER = 52040
C_SELECT_CHANNEL = 61933
C_SELECT_EVENT_MATCHING = 40785
C_SELECT_USER = 53740
C_SEND_PARCEL = 29566
C_SEND_UI_LOG = 63200
C_SERVANT_ABILITY = 53255
C_SERVER_TIME = 31747
C_SETTLE_UP_BUY_VM = 57926
C_SETTLE_UP_SELL_VM = 59360
C_SET_GUILDGROUP_AUTHORITY = 27766
C_SET_GUILD_JOIN_CONDITION = 49999
C_SET_ITEM_STRING = 26786
C_SET_RECIPE_BOOKMARK = 50537
C_SET_SEND_PARCEL_ITEM = 48971
C_SET_SEND_PARCEL_MONEY = 25239
C_SET_SEND_PARCEL_TYPE = 25225
C_SET_SERVANT_SEQUENCE = 53971
C_SET_TARGET_INFO = 45363
C_SET_VISIBLE_RANGE = 49593
C_SHARE_USER_PING = 60453
C_SHOW_AWESOMIUMWEB_SHOP = 53783
C_SHOW_GUILD_QUEST_LIST = 24815
C_SHOW_INVEN = 50612
C_SHOW_ITEM_TOOLTIP_EX = 20791
C_SHOW_NAME_PLATE_ICON = 63946
C_SHOW_PARCEL_MESSAGE = 30435
C_SHOW_PETMANAGER = 47118
C_SHOW_QUEST_INFO_DIALOG = 31406
C_SHOW_STYLE = 29268
C_SHOW_TRADE_ITEM = 38024
C_SHOW_TRADE_LOG = 40566
C_SIMPLE_TIP_DONT_REPEAT = 56499
C_SIMPLE_TIP_REPEAT_CHECK = 27653
C_SKILL_LEARN_LIST = 28369
C_SKILL_LEARN_REQUEST = 40308
C_SOCIAL = 36990
C_SPAWN_BUILD_OBJECT = 22012
C_START_CLIMBING = 41059
C_START_COMBO_INSTANT_SKILL = 64213
C_START_COMMANDER_SKILL = 55317
C_START_DECOMPOSE = 30570
C_START_ENCHANT = 24298
C_START_EVOLUTION = 39070
C_START_FISHING_MINIGAME = 48769
C_START_FIX_SPIRIT = 27943
C_START_FIX_VEHICLE = 36554
C_START_GUILD_SKILL = 26844
C_START_INSTANCE_SKILL = 22595
C_START_INSTANCE_SKILL_EX = 56324
C_START_PRODUCE = 46276
C_START_REPAIR_ITEM = 60538
C_START_SERVANT_ACTIVE_SKILL = 56638
C_START_SKILL = 49804
C_START_SKILL_BY_VEHICLE_EX = 35207
C_START_TARGETED_SKILL = 34123
C_START_VM_BUY = 27206
C_START_VM_SELL = 62891
C_STOP_FISHING = 55441
C_STOP_VM = 56986
C_STORE_BUY_ADD_BASKET = 56283
C_STORE_BUY_DEL_BASKET = 61008
C_STORE_COMMIT = 31801
C_STORE_SELL_ADD_BASKET = 59642
C_STORE_SELL_DEL_BASKET = 62039
C_STR_EVALUATE_LIST = 49574
C_STYLE_SHOP_BUY_REPUTATION_ITEM = 63610
C_STYLE_SHOP_BUY_TCAT_ITEM = 54176
C_SUGGEST_DARK_RIFT_PARTY_MATCHING = 47866
C_SURVEY_ANSWER = 53274
C_SWAP_PARTY = 43199
C_TELEPORT_DARK_RIFT = 43782
C_TELEPORT_TO_CAMP = 51697
C_TELEPORT_TO_POS = 21789
C_TELEPORT_TO_VILLAGE = 35764
C_TEL_CAMP = 31552
C_TOGGLE_GROUP_DUEL_READY = 29627
C_TOGGLE_GROUP_DUEL_SLOT = 29487
C_TOGGLE_TASK_INFO_WINDOW = 31417
C_TRADE_BAG_CLOSE = 59020
C_TRADE_BAG_DONE = 23684
C_TRADE_BROKER_BOUGHT_ITEM_LIST = 27510
C_TRADE_BROKER_BUY_IT_NOW = 25159
C_TRADE_BROKER_CALC_BOUGHT_ITEM = 62551
C_TRADE_BROKER_CALC_SOLD_ITEM = 65376
C_TRADE_BROKER_CLOSE = 37930
C_TRADE_BROKER_DEAL_CONFIRM = 41058
C_TRADE_BROKER_DEAL_PRICE_UPDATE = 38977
C_TRADE_BROKER_HIGHEST_ITEM_LEVEL = 55369
C_TRADE_BROKER_HISTORY_ITEM_LIST_NEW = 44050
C_TRADE_BROKER_HISTORY_ITEM_LIST_PAGE = 34797
C_TRADE_BROKER_HISTORY_ITEM_LIST_SORT = 56282
C_TRADE_BROKER_INPUT_PRICE = 42723
C_TRADE_BROKER_REGISTERED_ITEM_LIST = 41743
C_TRADE_BROKER_REGISTER_ITEM = 39505
C_TRADE_BROKER_REJECT_SUGGEST = 65218
C_TRADE_BROKER_SOLD_ITEM_LIST = 41724
C_TRADE_BROKER_SUGGEST_DEAL = 33257
C_TRADE_BROKER_UNREGISTER_ITEM = 54570
C_TRADE_BROKER_WAITING_ITEM_LIST_NEW = 49423
C_TRADE_BROKER_WAITING_ITEM_LIST_PAGE = 55534
C_TRADE_BROKER_WAITING_ITEM_LIST_SORT = 42320
C_TRANSFER_VEHICLE_EX = 26817
C_TRY_ITEM_BIDDING = 56998
C_TRY_LOOT_DROPITEM = 20589
C_TRY_NPC_INTERACTION = 55182
C_TRY_TELEPORT_FIELD_EVENT = 52683
C_UNBIND_ITEM = 55001
C_UNEQUIP_ITEM = 45594
C_UNEQUIP_SERVANT_ITEM = 26468
C_UNMOUNT_VEHICLE = 23065
C_UNREGISTER_COMBINE_ITEM = 53317
C_UNREGISTER_ENCHANT_ITEM = 54319
C_UNREGISTER_EVOLUTION_ITEM = 43578
C_UNREGISTER_PARTY_INFO = 20318
C_UNREGISTER_REPAIR_ITEM = 53236
C_UNREGISTER_VM_BUY_ITEM = 54341
C_UNREGISTER_VM_SELL_ITEM = 36846
C_UNREGIST_CUSTOMIZING_PARTS_SHAPE_ITEM = 56435
C_UPDATE_AFK_STATUS = 27154
C_UPDATE_CONTENTS_PLAYTIME = 59178
C_UPDATE_FRIEND_INFO = 36097
C_UPDATE_GUILD_FLAG = 28493
C_UPDATE_GUILD_LOGO = 59131
C_UPDATE_MY_DESCRIPTION = 32735
C_UPDATE_REACTION_POS = 27347
C_UPDATE_SKILL_SCRIPT = 63050
C_USER_AIM = 39259
C_USER_AIM_TO = 48961
C_USER_REPORT = 41792
C_USE_COUPON = 54809
C_USE_ITEM = 58352
C_USE_JUMPGEAR = 49643
C_USE_PREMIUM_SLOT = 43913
C_USE_RIGHT_ITEM = 21580
C_USE_SERVANT_FEED_ITEM = 39966
C_VEHICLEEX_LOCATION = 54013
C_VEHICLE_EX_ARROW_HIT = 53419
C_VIEW_BATTLEFIELD_STORE = 21948
C_VIEW_BATTLE_FIELD_RESULT = 58780
C_VIEW_DUNGEONWORK_STORE = 29374
C_VIEW_GUILD_WAR = 61286
C_VIEW_INTER_PARTY_MATCH_BATTLEFIELD_LIST = 65217
C_VIEW_INTER_PARTY_MATCH_DUNGEON_LIST = 28280
C_VIEW_PARTY_INVITE = 31995
C_VIEW_WARE = 28960
C_VISIT_NEW_SECTION = 41965
C_VOTE_DISMISS_PARTY = 41657
C_VOTE_HISTORY = 41610
C_VOTE_RESET_ALL_DUNGEON = 58248
C_WATCHED_MOVIES = 56462
C_WHISPER = 24329
C_WITHDRAW_GUILD_WAR = 40390
C_WRITE_BOARD = 63405
I_CLOSE_SERVER_CONNECTION = 22
I_GFX_ADMIN_COMMAND = 18
I_GFX_COMMAND = 17
I_INPUT_COMMAND = 19
I_MOVE_KEY = 20
I_SKILL_KEY = 21
I_SPAWN_BARRACK_CHARACTER = 1
I_TELEPORT = 0
S_ABNORMALITY_BEGIN = 55209
S_ABNORMALITY_DAMAGE_ABSORB = 32788
S_ABNORMALITY_END = 41313
S_ABNORMALITY_EXTRA = 30373
S_ABNORMALITY_FAIL = 49746
S_ABNORMALITY_REFRESH = 62096
S_ABNORMALITY_RESIST = 43320
S_ABNORMALITY_SCALE_UP = 34997
S_ACCEPT_CONTRACT = 53357
S_ACCOMPLISH_ACHIEVEMENT = 21626
S_ACCOUNT_BENEFIT_LIST = 33836
S_ACCOUNT_PACKAGE_LIST = 35026
S_ACTION_END = 59981
S_ACTION_STAGE = 61395
S_ACTIVATE_BATTLE_FIELD_CHAT_BAN = 36700
S_ADD_AWAKEN_CHANGE_DATA = 53116
S_ADD_AWAKEN_ENCHANT_DATA = 32089
S_ADD_BLOCKED_USER = 55793
S_ADD_CRYSTAL_COMBINE_MATERIAL = 62895
S_ADD_FRIEND = 57414
S_ADD_GUILD_GROUP = 35696
S_ADD_GUILD_MEMBER = 47387
S_ADD_INTER_PARTY_MATCH_POOL = 28902
S_ADD_NEW_EVENT_MATCHING_QUEST = 40594
S_ADD_TRADE_BAG = 23606
S_ADMIN_CHECK_USERNAME = 43098
S_ADMIN_CUSTOM_BOOKMARK_LIST = 36505
S_ADMIN_DEFAULT_BOOKMARK_LIST = 36375
S_ADMIN_DELETE_QUEST = 52706
S_ADMIN_GET_DUNGEON_USER_LIST = 63701
S_ADMIN_GET_USERINFO_INVEN = 37570
S_ADMIN_GET_USERINFO_SKILL = 35082
S_ADMIN_GET_USERINFO_WAREHOUSE = 62600
S_ADMIN_GET_USER_INFO_BY_DBID = 30214
S_ADMIN_GET_USER_INFO_LIST_BY_DISTANCE = 37507
S_ADMIN_GMEVENT_STATUS = 45638
S_ADMIN_GM_SKILL = 46237
S_ADMIN_HOLD_CHARACTER = 62076
S_ADMIN_NOTICE = 44580
S_ADMIN_PRIVILEGE = 50331
S_ADMIN_VIP_TEST = 54890
S_ADMIN_WARNING_MESSAGE = 26674
S_AERO = 21940
S_AIR_REACTION_END = 47142
S_ANNOUNCE_MESSAGE = 41344
S_ANNOUNCE_UPDATE_NOTIFICATION = 57530
S_ANSWER_INTERACTIVE = 60513
S_APPLY_TITLE = 52332
S_ARENA_END_FIGHT = 60045
S_ARENA_FIGHTER_CHANGE_HP = 60797
S_ARENA_FIGHT_ABNORMALITY_BEGIN = 63681
S_ARENA_FIGHT_ABNORMALITY_END = 25496
S_ARENA_FIGHT_ABNORMALITY_REFRESH = 37300
S_ARENA_OPTIMIZATION = 63837
S_ARENA_RESULT = 63707
S_ARENA_START_FIGHT = 38861
S_ARRIVE_AT_JUMPGEAR_DESTINATION = 40103
S_ARTISAN_RECIPE_LIST = 57386
S_ARTISAN_SKILL_LIST = 62184
S_ASK_BANNING_PARTY_MEMBER = 33491
S_ASK_BIDDING_RARE_ITEM = 38455
S_ASK_CODE_HASH = 22742
S_ASK_EXPAND_INVEN_SIZE = 62778
S_ASK_INTER_PARTY_MAKE = 54681
S_ASK_QUEST_SHARE = 39264
S_ASK_TELEPORT = 40576
S_ATTENDANCE_EVENT_REWARD_COUNT = 41482
S_AVAILABLE_EVENT_MATCHING_LIST = 24647
S_AVAILABLE_SOCIAL_LIST = 40892
S_AWAKEN_RESULT = 41740
S_BAN_PARTY = 25584
S_BAN_PARTY_MEMBER = 30975
S_BASE_POINT_BATTLE_FIELD_NODEPOINT_INFO = 61747
S_BATTLE_FIELD_ADD_SCORE = 57443
S_BATTLE_FIELD_CANCEL_OCCUPATION = 59734
S_BATTLE_FIELD_CHANGE_NPC_HP_EVENT = 56135
S_BATTLE_FIELD_CHAT_BAN_INFO = 21972
S_BATTLE_FIELD_END_OCCUPATION = 40800
S_BATTLE_FIELD_ENTRANCE_INFO = 42299
S_BATTLE_FIELD_HELP = 44175
S_BATTLE_FIELD_JACKPOT_EVENT_START = 31670
S_BATTLE_FIELD_MAP_ALARM = 39485
S_BATTLE_FIELD_NODEPOINT_GAUGE_INFO = 30446
S_BATTLE_FIELD_NPC_KILL_EVENT = 47958
S_BATTLE_FIELD_PARTY_MARKER = 35067
S_BATTLE_FIELD_PARTY_MARKER_CLEAR = 48234
S_BATTLE_FIELD_POINT_STORE_BASKET = 59190
S_BATTLE_FIELD_POINT_STORE_SELL_LIST = 30157
S_BATTLE_FIELD_RESULT = 29905
S_BATTLE_FIELD_SCORE = 48119
S_BATTLE_FIELD_START_OCCUPATION = 34611
S_BATTLE_FIELD_STATE = 30114
S_BATTLE_FIELD_STRONGHOLD_EVENT = 57485
S_BATTLE_FIELD_STRONGHOLD_NONE_STATE = 24822
S_BATTLE_FIELD_STRONGHOLD_STATE = 47770
S_BATTLE_FIELD_TEAM_MEMBERS_POS_INFO = 63298
S_BATTLE_FIELD_USER_ASSIST_EVENT = 45523
S_BATTLE_FIELD_USER_KILL_EVENT = 43691
S_BATTLE_FIELD_USER_KILL_MESSAGE = 43342
S_BATTLE_FIELD_USER_LOAD_INFO = 24968
S_BATTLE_FIELD_USER_OCCUPIABLE_ENTER = 38929
S_BATTLE_FIELD_USER_OCCUPIABLE_LEAVE = 59716
S_BEGIN_THROUGH_ARBITER_CONTRACT = 30125
S_BETTING_INFO = 41426
S_BETTING_START = 50067
S_BOARD_ITEM_LIST = 27294
S_BONFIRE_CHARM_ADDED = 24344
S_BONFIRE_CHARM_BURNED = 33150
S_BONFIRE_STATUS = 22697
S_BOSS_BATTLE_INFO = 34568
S_BOSS_GAGE_INFO = 51879
S_BOSS_GAGE_PRIORITY = 33337
S_BOSS_GAGE_STACK_INFO = 52367
S_BREAK_SHIELD = 60621
S_BREAK_SHIELD_END = 49200
S_BROADCAST_CLIMBING = 48131
S_BROADCAST_FLOATING_CASTLE_INFO = 63000
S_BROADCAST_FLOATING_CASTLE_NAMEPLATE = 54972
S_BROCAST_GUILD_FLAG = 37476
S_BROCAST_UPDATE_GUILD_FLAG = 53380
S_BUY_INGAMESTORE_MONEYPRODUCT = 53214
S_BUY_VIP_STORE_ITEM_SUCCESS = 56861
S_BYE_PET = 39744
S_CAMERA_SHAKE = 36917
S_CANCEL_CONTRACT = 48706
S_CANCEL_DELETE_USER = 54539
S_CANCEL_EXIT = 32437
S_CANCEL_PARTY_LOOTING_METHOD_VOTE = 44483
S_CANCEL_PARTY_MATCH_POOL = 44327
S_CANCEL_PARTY_MEMBER_BAN = 32584
S_CANCEL_PREPARE_CHANGE_USER_APPEARANCE = 26228
S_CANCEL_QUEST_SHARE = 46792
S_CANCEL_RETURN_TO_LOBBY = 43051
S_CANCEL_SELECT_CHANNEL = 26370
S_CANCEL_VOTE_DISMISS_PARTY = 35412
S_CANCEL_VOTE_RESET_ALL_DUNGEON = 39607
S_CANNON_BATTLE_FIELD_BOARD = 47639
S_CANNON_BATTLE_FIELD_CRASH_DOOR = 26269
S_CANNON_BATTLE_FIELD_GUARDTOWER_STATUS = 49873
S_CANNON_BATTLE_FIELD_STRONGHOLD_INFO = 29618
S_CANNOT_EQUIP_SAMEKIND = 58162
S_CANNOT_START_SKILL = 59116
S_CANNOT_USE_CHAT_CHANNEL = 42690
S_CANT_FLY_ANYMORE = 45496
S_CAN_CREATE_USER = 63604
S_CAN_DUNGEON_RETRY = 54334
S_CAN_LOCKON_TARGET = 54577
S_CAST_FISHING_ROD = 49344
S_CHANGE_CHARACTER = 61639
S_CHANGE_CITY_WAR_STATE = 24361
S_CHANGE_DESTPOS_PROJECTILE = 39638
S_CHANGE_EP_EXP_DAILY_LIMIT = 60413
S_CHANGE_EP_POINT = 49667
S_CHANGE_EVENT_MATCHING_STATE = 20753
S_CHANGE_FREE_FIGHT_BATTLE_FIELD_RANKING = 24026
S_CHANGE_FRIEND_PROFILE = 51497
S_CHANGE_FRIEND_STATE = 52405
S_CHANGE_GUILDNAME = 27014
S_CHANGE_GUILD_CHIEF = 42375
S_CHANGE_ITEM_PASSIVE_LIST = 63727
S_CHANGE_LOOKS_PREMIUM_RESULT = 63671
S_CHANGE_LOOKS_PREMIUM_START = 22523
S_CHANGE_LOOT_ITEM_AMOUNT = 46557
S_CHANGE_MODE = 21221
S_CHANGE_NAME_STRING = 22935
S_CHANGE_PARTY_MANAGER = 46686
S_CHANGE_PARTY_MEMBER_AUTHORITY = 47946
S_CHANGE_PK_INFO = 36987
S_CHANGE_RELATION = 36587
S_CHANGE_SERVANT_CONDITIONAL_SKILL = 63167
S_CHANGE_SERVANT_ENERGY = 44102
S_CHANGE_SERVANT_NAME = 52665
S_CHANGE_USER_NAME_RESULT = 45893
S_CHANGE_VOICE_USE_QAC = 32825
S_CHAPTERHOUSE_QUEST_LIST = 45800
S_CHAT = 36203
S_CHAT_REPORT = 55407
S_CHECK_CHANGE_GUILDNAME = 55394
S_CHECK_EVENT_SYSTEM_REWARD = 58748
S_CHECK_NEW_GUILDNAME = 32750
S_CHECK_TO_DECLARE_GUILD_WAR = 58881
S_CHECK_TO_OPPOSITE_DECLARE_GUILD_WAR = 23156
S_CHECK_TO_READY_PARTY = 59767
S_CHECK_TO_READY_PARTY_FIN = 50618
S_CHECK_USERNAME = 26473
S_CHECK_VERSION = 19901
S_CITYWAR_WARNING_UNDERATTACK = 33528
S_CITY_WAR_INFO_HISTROY = 55540
S_CITY_WAR_NPC_INFO = 64795
S_CITY_WAR_NPC_KILL = 25612
S_CITY_WAR_SEASON_HISTROY = 27804
S_CLEAR_ALL_HOLDED_ABNORMALITY = 37319
S_CLEAR_QUEST_INFO = 58794
S_CLEAR_WORLD_QUEST_VILLAGER_INFO = 55936
S_CLIENT_COMMAND = 51928
S_CLOSE_VM_SETTING_WINDOW = 43890
S_COLLECTION_PICKEND = 28614
S_COLLECTION_PICKSTART = 25687
S_COMBO_START = 47626
S_COMMAND_HELP = 51551
S_COMMIT_ACCESSORY_TRANSFORM_RESULT = 22159
S_COMPLETED_MISSION_INFO = 47955
S_COMPLETE_CHRONOSCROLL_USE = 23154
S_COMPLETE_EVENT_MATCHING_QUEST = 61025
S_COMPLETE_LOOP_QUEST = 26781
S_COMPLETE_QUEST = 39846
S_COMPLETE_VOTE = 29335
S_CONFIRM_INVITE_CODE = 29032
S_CONFIRM_INVITE_CODE_BUTTON = 30704
S_CONFIRM_SERVANT_AUTO_POTION_INFO = 54954
S_CONNECT_SKILL_ARROW = 21401
S_CONTENTS_TIMER = 31038
S_CONTRACT_PET_LEVEL_UP_ITEM_LIST_UPDATE = 32134
S_CONTROL_DOOR = 43117
S_COUNTDOWN_GROUP_DUEL = 55227
S_COUPON_DATA = 22639
S_COUPON_LIST = 35861
S_COUPON_NOTIFY = 58702
S_CREATE_CHARACTER_RESTRICTION = 22284
S_CREATE_GUILD_RESULT = 58436
S_CREATE_USER = 40033
S_CREATURE_CHANGE_HP = 48965
S_CREATURE_LIFE = 23519
S_CREATURE_ROTATE = 20416
S_CREST_APPLY = 62980
S_CREST_ASK_DISAPPLY_ALL = 37669
S_CREST_CHANGE_FAIL = 34067
S_CREST_INFO = 28850
S_CREST_MESSAGE = 54601
S_CREST_UPGRADE_INFO = 21037
S_CRYSTAL_COMBINE_RESULT = 26196
S_CURRENT_CHANNEL = 23266
S_CURRENT_ELECTION_STATE = 41634
S_CURR_FLY_MOVE_INFO = 56203
S_CUSTOMIZING_PARTS_SHAPE_ITEM_LIST = 63843
S_CUSTOM_MESSAGE = 55537
S_CUSTOM_STYLE_SYSTEM_MESSAGE = 50113
S_DAILY_QUEST_COMPLETE_COUNT = 55071
S_DARK_RIFT_ALL_DESPAWN_WORLD_NOTI = 60224
S_DARK_RIFT_AVAILABLE_QUEST_USER_COUNT = 53737
S_DARK_RIFT_CHANGE_AREA_WORLD_NOTI = 54868
S_DARK_RIFT_CLEAR_MAP_MARKER_WORLD_NOTI = 45963
S_DARK_RIFT_DEFENCE_OBJECT_CHANGE_HP = 54669
S_DARK_RIFT_DEFENCE_OBJECT_INIT = 22304
S_DARK_RIFT_DESPAWN_WORLD_NOTI = 63098
S_DARK_RIFT_DESTORY_OBJECT = 22945
S_DARK_RIFT_JOIN_LIST = 38645
S_DARK_RIFT_MAIN_DEFENCE_CHANGE_HP = 33946
S_DARK_RIFT_PROGRESS_STEP_WORLD_NOTI = 56353
S_DARK_RIFT_QUEST_INFO = 30161
S_DARK_RIFT_REWARD_RESULT = 57434
S_DARK_RIFT_SPAWN_WORLD_NOTI = 38596
S_DARK_RIFT_SYNC_TIME = 55849
S_DEAD_LOCATION = 33833
S_DECOMPOSE_REGISTERED_ITEM = 36939
S_DECREASE_COOLTIME_SKILL = 45149
S_DEFAULT_ANIM_CHANGE = 32924
S_DEFEND_SUCCESS = 38231
S_DELETE_ALL_PRODUCT = 63936
S_DELETE_AWAKEN_CHANGE_DATA = 56229
S_DELETE_AWAKEN_ENCHANT_DATA = 57507
S_DELETE_FRIEND = 36185
S_DELETE_GUILD_TOWER_MY_GUILD = 62515
S_DELETE_NPC_FROM_MAP = 31728
S_DELETE_PARCEL = 31848
S_DELETE_QUEST = 43276
S_DELETE_SERVANT = 49886
S_DELETE_USER = 40239
S_DELIVERY_STORE_BASKET = 51818
S_DELIVERY_STORE_ITEM = 26052
S_DEL_CRYSTAL_COMBINE_MATERIAL = 62734
S_DEL_INTER_PARTY_MATCH_POOL = 27551
S_DEL_TRADE_BAG = 46482
S_DESPAWN_BONFIRE = 40110
S_DESPAWN_BUILD_OBJECT = 31466
S_DESPAWN_COLLECTION = 34025
S_DESPAWN_DOOR = 64378
S_DESPAWN_DROPITEM = 50956
S_DESPAWN_EVENT_SEED = 30252
S_DESPAWN_GAMBLE_BOX = 49991
S_DESPAWN_NPC = 43153
S_DESPAWN_PET = 23818
S_DESPAWN_PROJECTILE = 36940
S_DESPAWN_SHUTTLE = 57184
S_DESPAWN_STATUE = 52687
S_DESPAWN_USER = 47013
S_DESPAWN_WORKOBJECT = 58676
S_DESTROY_GUILD = 61421
S_DESTROY_GUILD_TOWER = 53007
S_DIALOG = 28589
S_DIALOG_CLOSE = 43511
S_DIALOG_EVENT = 61463
S_DIRECTION_WEAKNESS_BEGIN = 48980
S_DIRECTION_WEAKNESS_END = 49851
S_DISTRIBUTOR_DATA = 49457
S_DONE_TEL_CAMP = 34086
S_DUEL_END = 34628
S_DUEL_START = 58022
S_DUEL_TAG = 63616
S_DUEL_TIME = 64477
S_DUNGEON_ADDITIONAL_WORK_UI = 34388
S_DUNGEON_CAMERA_SET = 27277
S_DUNGEON_CHANGE_NPC_ANIM = 62547
S_DUNGEON_CHANGE_NPC_ANIMSET = 25497
S_DUNGEON_CHANGE_NPC_CYLINDER = 60227
S_DUNGEON_CLEAR = 26495
S_DUNGEON_CLEAR_COUNT_LIST = 61705
S_DUNGEON_CONSOLE_EVENT = 63390
S_DUNGEON_COOL_TIME_LIST = 58735
S_DUNGEON_EVENT_GAGE = 37444
S_DUNGEON_EVENT_MESSAGE = 52287
S_DUNGEON_GUIDE_OFF = 45064
S_DUNGEON_GUIDE_ON = 63841
S_DUNGEON_JACKPOT_EVENT_START = 45837
S_DUNGEON_LOOK_AT_NPC = 56654
S_DUNGEON_NEWBIE = 58133
S_DUNGEON_RANK_END_POINT = 22692
S_DUNGEON_RANK_END_TIME = 47075
S_DUNGEON_RANK_MESSAGE = 23928
S_DUNGEON_RANK_RECORD_LIST = 38131
S_DUNGEON_RANK_SEASON_LIST = 31688
S_DUNGEON_RECORD_INFO = 48480
S_DUNGEON_STATUS = 20833
S_DUNGEON_SUMMON_PARTY = 38228
S_DUNGEON_TIMER = 55587
S_DUNGEON_UI_HIGHLIGHT = 54322
S_DUNGEON_VEHICLE_REPAIRABLE = 49300
S_DUNGEON_VISIBLE_BG = 48924
S_DUNGEON_WORK_ENTER = 64589
S_DUNGEON_WORK_LIST = 58614
S_DUNGEON_WORK_POINT_STORE_BASKET = 53262
S_DUNGEON_WORK_POINT_STORE_SELL_LIST = 31468
S_DUNGEON_WORK_RESULT = 59354
S_DUNGEON_WORK_UPDATE = 52889
S_DUNGEON_WORK_UPDATE_MEDAL_COUNT = 45472
S_EACH_SKILL_RESULT = 26033
S_EMITTER = 34165
S_EMITTER_SET_Z = 45677
S_EMPTY_GUILD_WINDOW = 57462
S_ENABLE_DISABLE_SELLABLE_ITEM_LIST = 59495
S_ENCHANT_BOOSTER_DROP_ITEM = 30952
S_ENCHANT_BOOSTER_REGISTER_ITEM = 54547
S_ENCHANT_BOOSTER_STATUS = 53589
S_ENCHANT_BOOSTER_SUCCESS = 61185
S_ENCHANT_SCROLL_RESULT = 47286
S_END_CHANGE_USER_APPEARANCE = 40265
S_END_CHAT_BAN = 35084
S_END_CUSTOMIZING_PARTS_SHAPE = 28303
S_END_DARKRIFT_USER_HP = 28241
S_END_DRIVE_AIRSHIP = 53950
S_END_FIX_SPIRIT = 58195
S_END_FIX_VEHICLE = 33401
S_END_LEVEL_COMPENSATION = 59386
S_END_PEGASUS = 22911
S_END_PRODUCE = 43043
S_END_PRODUCT_SALE_INFO = 49775
S_END_RESTORE_CUSTOMIZING_PARTS_SHAPE = 63395
S_END_STACK_ATTENDANCE_EVENT_INFO = 22492
S_END_STYLE_SHOP_MARK_PRODUCT = 39751
S_END_THROUGH_ARBITER_CONTRACT = 29034
S_END_USER_PROJECTILE = 43312
S_ENEMY_BATTLE_FIELD_COMMANDER_CHANGED = 23865
S_ENTER_CITY_WAR = 59879
S_ENTER_DUNGEON_POP_UP_REOPEN = 57537
S_EP_SYSTEM_DAILY_EVENT_EXP_ON_OFF = 39164
S_EQUIP_SERVANT_ITEM = 23731
S_EVENT_DIALOG = 45053
S_EVENT_GUIDE = 60128
S_EVENT_INFO = 32793
S_EVENT_MATCHING_BATTLEFIELD_DETAIL_INFO = 53534
S_EVENT_MATCHING_DUNGEON_DETAIL_INFO = 23912
S_EVENT_QUEST_SUMMARY = 39073
S_EXIT = 37043
S_F2P_PremiumUser_Permission = 40487
S_FACIAL_ATTACHMENT_BROADCAST = 58050
S_FAIL_ENCHANT = 61787
S_FAIL_GUILD_QUEST = 37405
S_FAIL_LOOT_NON_OWNERSHIP = 65254
S_FATIGABILITY_POINT = 44571
S_FEARMOVE_END = 43705
S_FEARMOVE_STAGE = 50374
S_FESTIVAL_LIST = 29059
S_FEUDAL_LORD_FLAG_INFO = 25407
S_FIELD_EVENT_CHANNEL_FULL_GUIDE = 26402
S_FIELD_EVENT_GUIDE = 29685
S_FIELD_EVENT_ON_ENTER = 44919
S_FIELD_EVENT_ON_LEAVE = 60700
S_FIELD_EVENT_PROGRESS_INFO = 36498
S_FIELD_EVENT_PROGRESS_TIMER = 49372
S_FIELD_EVENT_RANK_LIST = 35768
S_FIELD_POINT_INFO = 22418
S_FIELD_POINT_REWARD_INFO_LIST = 58279
S_FINDNAME = 44016
S_FINISH_GUILD_QUEST = 40318
S_FIN_BASE_POINT_BATTLE_FIELD = 65042
S_FIN_CANNON_BATTLE_FIELD = 58103
S_FIN_FREE_FIGHT_BATTLE_FIELD = 25858
S_FIN_INTER_PARTY_MATCH = 54844
S_FIN_KUMAS_BATTLE_FIELD = 43374
S_FIN_KUMAS_BOSS_BATTLE_FIELD = 24405
S_FIN_ROUND_PVE_BATTLE_FIELD = 47217
S_FIN_ROUND_PVE_ROUND = 43925
S_FIN_ROUND_PVP_BATTLE_FIELD = 58560
S_FIN_SNOW_EVENT_BATTLE_FIELD = 58487
S_FIN_STRONGHOLD_OCCUPATION_BATTLE_FIELD = 29380
S_FIN_WORLD_OF_TANK_BATTLE_FIELD = 56016
S_FISHING_BITE = 21035
S_FISHING_CATCH = 37928
S_FISHING_CATCH_FAIL = 41105
S_FISHING_STOP = 42877
S_FIX_SPIRIT_COMPLETE = 48743
S_FIX_SPIRIT_PROGRESS = 54993
S_FIX_VEHICLE_COMPLETE = 55113
S_FIX_VEHICLE_PROGRESS = 25749
S_FLOATING_CASTLE_PARTS_STORE_BASKET = 27759
S_FLOATING_CASTLE_PARTS_STORE_SELL_LIST = 59544
S_FONT_SWAP_INFO = 25885
S_FREENAMED_STATUS = 25602
S_FREE_FIGHT_BATTLE_FIELD_BOARD = 30877
S_FREE_FIGHT_BATTLE_FIELD_MY_WARPOINT_INFO = 22013
S_FRIEND_GROUP_LIST = 33383
S_FRIEND_LIST = 62523
S_GACHA_END = 22023
S_GACHA_START = 63589
S_GAMBLE_BEGIN = 21790
S_GAMBLE_CHANGE_BET_ITEM = 25678
S_GAMBLE_END = 36092
S_GAMBLE_RESULT = 48311
S_GATE_ATTACK_ALARM = 40489
S_GET_ATTENDANCE_REWARD = 54062
S_GET_EVENT_DETAIL = 34216
S_GET_IN_SHUTTLE = 32053
S_GET_OUT_SHUTTLE = 21317
S_GET_USER_GUILD_LOGO = 58999
S_GET_USER_LIST = 64558
S_GET_WARE_ITEM = 34799
S_GMEVENT_CONFIRM_LEAVE_EVENT = 44448
S_GMEVENT_END_EVENT = 47808
S_GMEVENT_ENTER_EVENT = 44852
S_GMEVENT_GUIDE_MESSAGE = 44766
S_GMEVENT_OFF_GUIDE_MESSAGE = 61375
S_GMEVENT_OX_QUIZ_OPEN = 50493
S_GMEVENT_OX_QUIZ_RESULT = 27976
S_GMEVENT_OX_QUIZ_USER_STATUS = 54738
S_GMEVENT_OX_REPE_QUIZ_OPEN = 37036
S_GMEVENT_OX_REPE_QUIZ_RESULT = 63582
S_GMEVENT_OX_RESURRECT_RESULT = 44133
S_GMEVENT_RECV_REWARD = 33138
S_GMEVENT_START_EVENT = 42290
S_GMEVENT_WRITE_EVENTBOARD = 27674
S_GRANT_SKILL = 35128
S_GROUP_DUEL_CURRENT_BETTING_ITEM = 52721
S_GROUP_DUEL_FIN = 24125
S_GROUP_DUEL_INIT = 20578
S_GROUP_DUEL_RECORD = 21042
S_GROUP_NPC_LOCATION = 63179
S_GUARDTOWER_ATTACK_ALARM = 46656
S_GUARD_PK_POLICY = 50690
S_GUILD_ACCOUNT_LIMIT_INFO_CHANGED = 47466
S_GUILD_ANNOUNCE = 50845
S_GUILD_APPLY_COUNT = 39742
S_GUILD_APPLY_LIST = 54904
S_GUILD_EMBLEM = 47103
S_GUILD_HISTORY = 44808
S_GUILD_INFO = 43679
S_GUILD_LEVEL_INFO_CHANGED = 20799
S_GUILD_LEVEL_RANKING_LIST = 28417
S_GUILD_MEMBER_LIST = 40065
S_GUILD_MONEY_INFO_CHANGED = 24332
S_GUILD_NAME = 38678
S_GUILD_PERK_LIST = 39904
S_GUILD_POINT_INFO_CHANGED = 53338
S_GUILD_QUEST_LIST = 43854
S_GUILD_STORE_BASKET = 65522
S_GUILD_STORE_SELL_LIST = 56940
S_GUILD_TOWER_INFO = 34029
S_GUILD_WARE_HISTORY = 58013
S_GUILD_WAR_PENALTY_INFO = 50982
S_HANCOIN_AMOUNT = 38014
S_HIDE_HP = 45103
S_HIT_COMBO = 35240
S_HOLD_ABNORMALITY_ADD = 32409
S_HOLD_ABNORMALITY_REMOVE = 60171
S_HUDDLE_ADDING = 37902
S_IMAGE_DATA = 53538
S_INCREASE_SERVANT_STORAGE_COUNT = 42018
S_INGAMESHOP_CATEGORY_BEGIN = 31956
S_INGAMESHOP_CATEGORY_DATA = 39829
S_INGAMESHOP_CATEGORY_END = 33752
S_INGAMESHOP_PRODUCT_BEGIN = 20524
S_INGAMESHOP_PRODUCT_DATA = 26881
S_INGAMESHOP_PRODUCT_END = 21159
S_INGAMESHOP_PRODUCT_ITEMID = 64669
S_INGAMESHOP_PRODUCT_SUBPROD = 40701
S_INGAMESHOP_PRODUCT_TAG = 49595
S_INGAME_CHANGE_USER_APPEARANCE_CANCEL = 23021
S_INGAME_CHANGE_USER_APPEARANCE_START = 31355
S_INIT_BASE_POINT_BATTLE_FIELD = 21425
S_INIT_CANNON_BATTLE_FIELD = 21415
S_INIT_FREE_FIGHT_BATTLE_FIELD = 28691
S_INIT_KUMAS_BATTLE_FIELD = 45605
S_INIT_KUMAS_BOSS_BATTLE_FIELD = 22235
S_INIT_KUMAS_BOSS_INFO = 45007
S_INIT_ROUND_PVE_BATTLE_FIELD = 36447
S_INIT_ROUND_PVP_BATTLE_FIELD = 56412
S_INIT_SEREN_GUIDE = 63864
S_INIT_SNOW_EVENT_BATTLE_FIELD = 40900
S_INIT_STRONGHOLD_OCCUPATION_BATTLE_FIELD = 62914
S_INIT_WORLD_OF_TANK_BATTLE_FIELD = 27183
S_INSTANCE_ARROW = 63163
S_INSTANT_CATCH = 27793
S_INSTANT_DASH = 30540
S_INSTANT_MOVE = 42741
S_INSTANT_PULL = 41614
S_INSTANT_THROW = 24587
S_INTERACTION_RESULT = 35484
S_INTEREST_INFO = 21568
S_INVALID_BUILD_VERSION = 32170
S_INVEN = 54012
S_INVEN_CHANGEDSLOT = 60090
S_INVITE_CODE_EXPIRE_TIME = 49942
S_INVITE_COMPENSATION_GUIDE = 27330
S_INVITE_FRIEND_CODE = 41040
S_IS_LORD = 25149
S_IS_NOT_LORD = 46538
S_ITEMSYNTHESIZER_MATERIAL = 45167
S_ITEMSYNTHESIZER_RESULT = 26690
S_ITEM_COLORING_BAG = 31805
S_ITEM_CUSTOM_STRING = 50055
S_ITEM_DECOMPOSE = 20897
S_ITEM_EXPLOSION_RESULT = 36501
S_ITEM_TRANSFORM_DATA = 32411
S_JOIN_PRIVATE_CHANNEL = 36918
S_KUMAS_BATTLE_FIELD_BOARD = 27955
S_KUMAS_BATTLE_FIELD_LOOT_ITEM = 58673
S_KUMAS_BATTLE_FIELD_RESULT = 42419
S_KUMAS_BOSS_BATTLE_FIELD_BOARD = 45327
S_KUMAS_BOSS_BATTLE_FIELD_RESULT = 43099
S_KUMAS_BOSS_CHANGE_INFO = 34204
S_LEARN_EP_PERK = 23081
S_LEAVE_CITY_WAR = 56447
S_LEAVE_GUILD = 52760
S_LEAVE_PARTY = 42961
S_LEAVE_PARTY_MEMBER = 61064
S_LEAVE_PRIVATE_CHANNEL = 56482
S_LIST_CHANNEL = 46306
S_LIST_PARCEL = 54206
S_LIST_PARCEL_EX = 31389
S_LOADING_SCREEN_CONTROL_INFO = 43495
S_LOAD_ACHIEVEMENT_LIST = 58514
S_LOAD_CLIENT_ACCOUNT_SETTING = 53060
S_LOAD_CLIENT_USER_SETTING = 32853
S_LOAD_DUNGEON_SOUND_HINT = 61230
S_LOAD_EP_INFO = 21563
S_LOAD_HINT = 53520
S_LOAD_SKILL_SCRIPT_LIST = 28676
S_LOAD_TELEPORT_TO_POS_LIST = 61735
S_LOAD_TOPO = 26020
S_LOCKON_ARROW = 35778
S_LOCKON_YOU = 43921
S_LOGIN = 35367
S_LOGIN_ACCOUNT_INFO = 50490
S_LOGIN_ARBITER = 42638
S_LOGOUT_PARTY_MEMBER = 24022
S_LOOT_DROPITEM = 24136
S_LORD_CANDIDATE_LIST = 29781
S_LORD_CANDIDATE_PLEDGE = 59524
S_LORD_GUARD_INFO = 24490
S_LORD_OPEN_CANDIDATE_WINDOW = 65246
S_LORD_OPEN_REGISTER_WINDOW = 54151
S_LORD_OPEN_VOTE_WINDOW = 32510
S_LORD_POLICY_SET = 44715
S_LORD_RANK_INFO = 20139
S_LORD_REGISTER_INFO = 57826
S_LORD_TAX_SET = 61553
S_LORD_VOTE_CANDIDATE_LIST = 64674
S_MAIN_MENU_COMMAND = 36794
S_MASSTIGE_STATUS = 46860
S_MATERIAL_CHANGE = 56155
S_MATERIAL_PARAM_CHANGE = 32627
S_MEDAL_STORE_BASKET = 50795
S_MEDAL_STORE_SELL_LIST = 27408
S_MERGE_PARTY_TO_RAID = 33303
S_MINIGAME_END = 40965
S_MINIGAME_FAIL = 34882
S_MINIGAME_RANK_END_POINT = 42657
S_MINIGAME_START = 56627
S_MINIGAME_WAIT = 23063
S_MODIFY_INTER_PARTY_MATCH_POOL = 41513
S_MOUNT_VEHICLE = 40147
S_MOUNT_VEHICLE_EX = 48235
S_MOVE_DISTANCE_DELTA = 37481
S_MOVE_SHUTTLE = 42321
S_MUTE = 40649
S_MY_DESCRIPTION = 56848
S_MY_PARTY_MATCH_INFO = 32490
S_NAME_PREEMPTION_EVENT_INFO = 43019
S_NEED_WAREHOUSE_COMMISION = 63735
S_NEW_GOLD_RACE_INFO = 34951
S_NOCTAN_VARIATION_INFO = 63761
S_NOTIFY_ACTIVE_BUILD_TERRITORY_STATE = 46747
S_NOTIFY_BATTLE_FIELD_CHAT_BAN = 21371
S_NOTIFY_BATTLE_FIELD_NPC_DESPAWN = 33011
S_NOTIFY_BATTLE_FIELD_NPC_SPAWN = 48530
S_NOTIFY_DISCONNECT_BY_LEVEL_LIMIT = 23096
S_NOTIFY_GUILD_QUEST_URGENT = 37828
S_NOTIFY_GUILD_WAR_INFO = 56186
S_NOTIFY_GUILD_WAR_STATUS_CHANGE = 31695
S_NOTIFY_QUEST_RESTART = 39889
S_NOTIFY_TO_FRIENDS_WALK_INTO_SAME_AREA = 27663
S_NOTIFY_USER_SKILL_POLISHING_LEVEL_UP = 36652
S_NOTIFY_VM_STATUS = 61143
S_NPCGUILD_LIST = 48763
S_NPC_AI_EVENT = 20320
S_NPC_CHANGE_MESH = 55787
S_NPC_INTERACTION_COMBO_INFO = 39319
S_NPC_LOCATION = 44712
S_NPC_MENU_SELECT = 63899
S_NPC_OCCUPIER_INFO = 32167
S_NPC_PARTIAL_DESTRUCT = 52847
S_NPC_PART_BLINK = 21163
S_NPC_PART_BREAK_ACTIVE = 65207
S_NPC_RESPAWN_PLAN_ALARM = 40166
S_NPC_SCALE = 59212
S_NPC_SITUATION = 56000
S_NPC_STATUS = 21769
S_NPC_TARGET_USER = 55096
S_NPC_TRANSLATIONZ = 21770
S_OBTAIN_TOKEN_ITEM = 33808
S_ONGOING_FIELD_EVENT_LIST = 47493
S_ONGOING_HUNTING_EVENT_LIST = 31461
S_ONGOING_LEVEL_EVENT_LIST = 36801
S_OPEN_AWESOMIUM_WEB_URL = 52747
S_OPEN_BOARD = 32675
S_OPEN_CHANGE_CHARACTER_NAME_POPUP = 57521
S_OPEN_CITY_WAR_SEASON_HISTORY = 20583
S_OPEN_DUAL_OPTION_MATERIAL_INFO = 58808
S_OPEN_EPPERK_RESET_POPUP = 37583
S_OPEN_FLOATING_CASTLE_STORE = 60042
S_OPEN_GUARD_INFO_WINDOW = 47294
S_OPEN_GUILD_FLAG_WINDOW = 53744
S_OPEN_GUILD_LOGO_WINDOW = 31500
S_OPEN_GUILD_WAR_WINDOW = 58371
S_OPEN_RENAME_GUILD_POPUP = 36955
S_OPEN_VM_SELLBUY_WINDOW = 62894
S_OPEN_VM_SETTING_WINDOW = 62223
S_OP_COMMAND = 64514
S_OTHER_USER_APPLY_PARTY = 39357
S_PARCEL_READ_RECV_STATUS = 42740
S_PARCEL_REPORT = 28581
S_PARTY_INFO = 38493
S_PARTY_LOOTING_METHOD = 48883
S_PARTY_LOOTING_METHOD_VOTE = 38125
S_PARTY_MARKER = 36062
S_PARTY_MATCH_LINK = 30559
S_PARTY_MEMBER_ABNORMAL_ADD = 40104
S_PARTY_MEMBER_ABNORMAL_CLEAR = 65350
S_PARTY_MEMBER_ABNORMAL_DEL = 50266
S_PARTY_MEMBER_ABNORMAL_REFRESH = 20769
S_PARTY_MEMBER_BUFF_UPDATE = 26308
S_PARTY_MEMBER_CHANGE_HP = 52893
S_PARTY_MEMBER_CHANGE_MP = 45713
S_PARTY_MEMBER_CHANGE_STAMINA = 32351
S_PARTY_MEMBER_INFO = 45155
S_PARTY_MEMBER_INTERVAL_POS_UPDATE = 43520
S_PARTY_MEMBER_LIST = 20424
S_PARTY_MEMBER_QUEST_DATA = 39625
S_PARTY_MEMBER_STAT_UPDATE = 21723
S_PARTY_NOTIFY_MY_POSITION = 47120
S_PENDING_TRANSFORM_DATA = 48543
S_PETITION_CANCEL = 33803
S_PETITION_CHAT_BEGIN = 51588
S_PETITION_CHAT_END = 33746
S_PETITION_CHAT_GM_MESSAGE = 34546
S_PETITION_CHECK_CREATABLE = 62879
S_PETITION_CHECK_SURVEYABLE = 33737
S_PETITION_COMPLETE = 21133
S_PETITION_CREATE = 20001
S_PETITION_FORCE_CREATE = 36624
S_PETITION_INFO = 51693
S_PET_ATTACKED = 51773
S_PET_DURABILITY_CHANGE = 27580
S_PET_INCUBATOR_INFO_CHANGE = 64383
S_PET_INCUBATOR_PROGRESS = 46531
S_PET_INCUBATOR_SHOW = 22318
S_PET_INFO_CHANGE = 59922
S_PET_INFO_CLEAR = 49821
S_PET_MANAGER_SHOW = 45251
S_PET_STOP_ALERT = 43465
S_PING = 64268
S_PK_END = 47826
S_PK_START = 43378
S_PK_TAG = 20661
S_PLAYER_AUTOPILOT = 21524
S_PLAYER_CHANGE_ACTPOINT = 49798
S_PLAYER_CHANGE_ALL_PROF = 42382
S_PLAYER_CHANGE_DRAIN = 63380
S_PLAYER_CHANGE_EP = 46227
S_PLAYER_CHANGE_EXP = 21612
S_PLAYER_CHANGE_FLIGHT_ENERGY = 57156
S_PLAYER_CHANGE_MP = 50510
S_PLAYER_CHANGE_NOCTAN_COUNT = 62373
S_PLAYER_CHANGE_PROF = 40365
S_PLAYER_CHANGE_STAMINA = 51232
S_PLAYER_LACK_OF_ACTPOINT = 59364
S_PLAYER_RESET_EP = 36421
S_PLAYER_STAT_UPDATE = 54849
S_PLAYER_VEHICLE_EX_STAT_UPDATE = 61530
S_PLAYTIME = 28796
S_PLAYTIME_EVENT_END = 55982
S_PLAYTIME_EVENT_REWARD_DATA = 47939
S_PLAY_ANIMATION = 29948
S_PLAY_EFFECT = 34929
S_PLAY_EVENT_SOUND = 33636
S_PLAY_MAGNETIC = 40819
S_PLAY_MOVIE = 27156
S_PLAY_SOUND = 56918
S_PLAY_SOUND_BYNAME = 46424
S_PLAY_TIME = 47904
S_POINT_STORE_BASKET = 61412
S_POINT_STORE_SELL_LIST = 65355
S_POLITICS_POINT_STORE_BASKET = 22723
S_POLITICS_POINT_STORE_SELL_LIST = 25084
S_POSITION_SWAP = 52877
S_POST_PROCESS = 59492
S_POST_PROCESS_MATERIAL = 65262
S_PRECONFIRM_INVITE_CODE = 56401
S_PREMIUM_COMPOSE_ADD_ITEM = 45502
S_PREMIUM_COMPOSE_DEL_ITEM = 29118
S_PREMIUM_COMPOSE_RESET = 47655
S_PREMIUM_COMPOSE_RESULT = 28058
S_PREMIUM_COMPOSE_START = 32291
S_PREMIUM_COMPOSE_UI_INFO = 26195
S_PREMIUM_SLOT_DATALIST = 38121
S_PREMIUM_SLOT_OFF = 33360
S_PREPARE_CHANGE_USER_APPEARANCE = 55643
S_PREPARE_DONE_WORKOBJECT = 58948
S_PREPARE_EXIT = 42337
S_PREPARE_INGAME_CHANGE_USER_APPEARANCE = 39715
S_PREPARE_RETURN_TO_LOBBY = 44295
S_PREPARE_SELECT_CHANNEL = 28258
S_PREPARE_WORKOBJECT = 36144
S_PREVIEW_ITEM = 54679
S_PRIVATE_CHANNEL_NOTICE = 25934
S_PRIVATE_CHAT = 33475
S_PRODUCE_CRITICAL = 27796
S_PROMOTION_INFO = 58804
S_PROMOTION_PROCESS = 31412
S_PROMOTION_SUCCESS = 59468
S_PROTECT = 59137
S_PURCHASE_PROD = 53364
S_PUSHED_BY_SHIELD = 50843
S_PUT_WARE_ITEM = 32804
S_PVE_LEADER_BOARD_INFO = 61011
S_PVE_RANKING_LIST = 23310
S_PVP_LEADER_BOARD_INFO = 56788
S_PVP_RANKING_LIST = 37833
S_QA_SET_ADMIN_LEVEL = 25109
S_QUEST_BALLOON = 57565
S_QUEST_INFO = 48913
S_QUEST_VILLAGER_INFO = 60240
S_RACE_CHANGE_RESTRICTION = 44863
S_RANK_MESSAGE = 39247
S_RANK_POINT_STATUS = 36046
S_READY_PULL = 46162
S_RECEIVE_TOKEN_TARGET_ITEM = 24121
S_RECV_PARCEL = 28521
S_REGISTER_COMBINE_ITEM = 45733
S_REGISTER_ENCHANT_ITEM = 65056
S_REGISTER_EVOLUTION_ITEM = 55700
S_REGISTER_REPAIR_ITEM = 27478
S_REGISTER_SERVANT_RESULT = 52864
S_REIGN_INFO = 49881
S_REJECT_CONTRACT = 53513
S_REMAIN_PLAY_TIME = 38067
S_REMOVE_BLOCKED_USER = 54180
S_REMOVE_EFFECT = 52879
S_REMOVE_EVENT_MATCHING_QUEST = 59099
S_REMOVE_GUILD_GROUP = 22073
S_REMOVE_GUILD_MEMBER = 63138
S_REMOVE_SOUND_BYNAME = 41374
S_RENAME_ITEMSTRING_START = 62800
S_REPLY_GUILD_LIST = 48219
S_REPLY_GUILD_WANTED_WRITING_LIST = 39348
S_REPLY_INVITE_GUILD_LIST = 27372
S_REPLY_NONDB_ITEM_INFO = 23741
S_REPLY_REQUEST_CONTRACT = 59790
S_REPLY_RET_VILLAGE_INFO = 29786
S_REPLY_SET_GUILD_WANTED_WRITING = 35532
S_REQUEST_ABILITY_TRANSFER = 62889
S_REQUEST_CHANGE_PARTY_MATCH_RULE = 26254
S_REQUEST_CITY_WAR_MAP_INFO = 32513
S_REQUEST_CITY_WAR_MAP_INFO_DETAIL = 62650
S_REQUEST_CITY_WAR_MAP_INFO_END = 55104
S_REQUEST_CONTRACT = 44165
S_REQUEST_COOLTIME_TO_JOIN_GUILD = 56432
S_REQUEST_DEMOLIST_GUILD_TOWER_POPUP = 28348
S_REQUEST_DESPAWN_SERVANT = 37948
S_REQUEST_DUNGEON_MATCHING_UI = 62319
S_REQUEST_FLOATING_CASTLE_PARTS_COOL_TIME = 30904
S_REQUEST_GUILD_FLAG_IMAGE_DATA = 34262
S_REQUEST_GUILD_INFO_BEFORE_APPLY_GUILD = 46784
S_REQUEST_INGAMESTORE_PRODUCT_DETAIL = 33490
S_REQUEST_INGAMESTORE_SALE_PRODUCTLIST = 64771
S_REQUEST_INVITE_GUILD_TAG = 36880
S_REQUEST_JOINED_CHANNEL_LIST = 20763
S_REQUEST_JOIN_GUILD_NOTICE = 42333
S_REQUEST_NAME_PREEMPTION = 24775
S_REQUEST_PET_CONSUME_EXP_ITEM = 45191
S_REQUEST_PRIVATE_CHANNEL_INFO = 26123
S_REQUEST_REACTION_POS_TICK = 25751
S_REQUEST_RENEW_ALL_PARTS_ITEM = 39402
S_REQUEST_SECOND_PASSWORD_AUTH = 53479
S_REQUEST_SECOND_PASSWORD_REGISTER = 36150
S_REQUEST_SERVANT_AUTO_POTION_INFO = 33456
S_REQUEST_SERVANT_COMPOSE = 36954
S_REQUEST_SERVANT_EVOLUTION = 54971
S_REQUEST_SERVANT_INFO_LIST = 60508
S_REQUEST_SERVANT_LEVEL_UP = 32746
S_REQUEST_SPAWN_SERVANT = 54123
S_REQUEST_STYLE_SHOP_MARK_PRODUCTLIST = 36967
S_REQUEST_UPDATE_CUSTOM_USER_CUSTOMIZING = 21592
S_REQUEST_WRITE_BOARD_RESULT = 29377
S_RESET_ALL_PRODUCT_MARK_EVENT = 58583
S_RESET_EP_PERK = 28024
S_RESET_GUILD_PERK = 39919
S_RESET_SKILL = 20896
S_RESPONSE_ACCESSORY_COST_INFO = 33523
S_RESPONSE_GAMESTAT_PONG = 20713
S_RESPONSE_SERVER_ADMINTOOL_AWESOMIUM_URL = 32965
S_RESPONSE_USE_PREMIUM_SLOT = 41752
S_RESULT_BATTLE_FIELD_CHAT_BAN = 32764
S_RESULT_BIDDING_DICE_THROW = 25265
S_RESULT_CHANGE_CHARACTER_NAME = 61090
S_RESULT_CHANGE_DUAL_OPTION_IDX = 53482
S_RESULT_CHANGE_FRIEND_MEMO = 49770
S_RESULT_CHANGE_MY_PROFILE = 36860
S_RESULT_COMBINE_ITEM = 61881
S_RESULT_ENCHANT = 40089
S_RESULT_EQUIPMENT_INHERITANCE = 42363
S_RESULT_EVENT_SEED = 45680
S_RESULT_EVOLUTION = 52521
S_RESULT_GROUP_DUEL_MSG = 55476
S_RESULT_ITEM_BIDDING = 54673
S_RESULT_ITEM_COLORING = 40866
S_RESULT_LEARN_GUILD_PERK = 22025
S_RESULT_MATERIAL_AWAKEN = 36906
S_RESULT_OPEN_DUAL_OPTION = 44684
S_RESULT_RENAME_GUILD = 37460
S_RESULT_REPAIR_ITEM = 28954
S_RESULT_SEREN_GUIDE = 40187
S_RESULT_USABLE_CHARACTER_NAME = 44159
S_RESULT_USABLE_GUILD_NAME = 37815
S_RETURN_PARCEL = 52170
S_RETURN_TO_LOBBY = 59403
S_RETURN_USER = 43172
S_RETURN_USER_REWARD_END = 47811
S_REWARDNPC_SPAWN_ALARM = 64162
S_REWRITE_ITEM_STRING = 50857
S_RIGHT_ITEM_LIST = 29889
S_ROUND_PVE_BATTLE_FIELD_BOARD = 54279
S_ROUND_PVE_CLOSE_SKILL_UI = 23015
S_ROUND_PVE_OPEN_SKILL_UI = 47260
S_ROUND_PVE_SCORE = 47762
S_ROUND_PVP_BATTLE_FIELD_BOARD = 38022
S_ROUND_RESULT = 36248
S_ROUND_START = 24823
S_RP_ADD_ITEM_TO_DECOMPOSITION_CONTRACT = 58645
S_RP_COMMIT_DECOMPOSITION_CONTRACT = 46178
S_RP_DEL_ITEM_FROM_DECOMPOSITION_CONTRACT = 57701
S_RP_SKILL_POLISHING_CHANGE_OPTION = 22478
S_RP_SKILL_POLISHING_EXP_INFO = 61470
S_RP_SKILL_POLISHING_LIST = 22875
S_RP_SKILL_POLISHING_UNLOCK_OPTION = 50703
S_RP_SKILL_POLISHING_UPGRADE_LEVEL = 55502
S_RP_START_SOCIAL_ON_PROGRESS_DECOMPOSITION = 40393
S_RP_UPDATE_ITEM_TO_DECOMPOSITION_CONTRACT = 39146
S_SCENARIO_DUNGEON_UI = 65375
S_SECOND_PASSWORD_AUTH_RESULT = 22763
S_SECOND_PASSWORD_REGISTER_RESULT = 43142
S_SELECT_CHANNEL = 54914
S_SELECT_EVENT_MATCHING = 58139
S_SELECT_USER = 25504
S_SEND_CHANGE_REPUTATION_EXP = 33961
S_SEND_CHANGE_REPUTATION_POINT = 52641
S_SEND_PARCEL = 42645
S_SEND_PARCEL_TAX = 57912
S_SEND_QUEST_ITEM_INFO = 61137
S_SEND_ROUND_PVE_SKILL_LIST = 43853
S_SEND_USER_PLAY_TIME = 24101
S_SEND_VIP_SYSTEM_INFO = 22322
S_SERVANT_ABILITY = 37303
S_SERVER_TIME = 24148
S_SET_AWESOMIUM_WEB_URL = 58580
S_SET_FLY_MOVE_INFO = 50304
S_SET_GUILD_JOIN_CONDITION = 38030
S_SET_ITEM_BIDDING_FLAG = 37766
S_SET_ITEM_STRING = 46021
S_SET_KUMAS_BATTLE_FIELD_TREASURE_SCORE = 28862
S_SET_NEW_TERA_USER = 27410
S_SET_POS = 45917
S_SET_RECIPE_BOOKMARK = 46282
S_SET_SEND_PARCEL_ITEM = 45348
S_SET_SEND_PARCEL_MONEY = 51865
S_SET_VISIBLE = 52660
S_SET_WORKOBJECT = 23478
S_SHARE_USER_PING = 52029
S_SHORTCUT_CHANGE = 58340
S_SHOW_ARTISAN_MENU = 62348
S_SHOW_AWESOMIUMWEB_SHOP = 45463
S_SHOW_CANDIDATE_LIST = 31696
S_SHOW_CHANGE_CHARACTER_UI = 23819
S_SHOW_CREST_LEARN = 27900
S_SHOW_DARKRIFT_USER_HP = 44831
S_SHOW_DEAD_CITY_WAR_UI = 49127
S_SHOW_DEAD_UI = 34337
S_SHOW_DUNGEON_RETRY_UI = 21527
S_SHOW_GAGE = 27557
S_SHOW_GUILD_QUEST_LIST = 51236
S_SHOW_HP = 35964
S_SHOW_ITEM_TOOLTIP = 24418
S_SHOW_NAME_PLATE_ICON = 26574
S_SHOW_NPC_TO_MAP = 44957
S_SHOW_PARCEL_MESSAGE = 25998
S_SHOW_PARTY_MATCH_INFO = 52085
S_SHOW_PEGASUS_MAP = 23783
S_SHOW_REVIVE_UI = 48544
S_SHOW_TEMPER_WINDOW = 36222
S_SHOW_TRADE_ITEM = 47942
S_SHOW_TRADE_LOG = 64309
S_SHOW_USER_EP_INFO = 42780
S_SIMPLE_TIP_REPEAT_CHECK = 45121
S_SKILL_ATTENTION_TARGET = 47012
S_SKILL_CATEGORY = 63057
S_SKILL_CHASE_EFFECT_TARGET = 24863
S_SKILL_FORGET = 35216
S_SKILL_LEARN_LIST = 37762
S_SKILL_LEARN_RESULT = 52792
S_SKILL_LIST = 49253
S_SKILL_PERIOD = 43235
S_SKILL_TARGETING_AREA = 63343
S_SNOW_EVENT_BATTLE_FIELD_BOARD = 31512
S_SNOW_EVENT_BATTLE_FIELD_SPAWN_USER = 60203
S_SOCIAL = 22522
S_SOCIAL_CANCEL = 46815
S_SOCIAL_FORGET = 49803
S_SOCIAL_LEARN_RESULT = 43802
S_SPAWN_BONFIRE = 53694
S_SPAWN_BUILD_OBJECT = 55018
S_SPAWN_COLLECTION = 39029
S_SPAWN_DOOR = 50140
S_SPAWN_DROPITEM = 44146
S_SPAWN_EVENT_SEED = 61810
S_SPAWN_GAMBLE_BOX = 44278
S_SPAWN_ME = 28366
S_SPAWN_NPC = 38946
S_SPAWN_PET = 56092
S_SPAWN_PROJECTILE = 21959
S_SPAWN_REMOTE_PROJECTILE = 43727
S_SPAWN_SHUTTLE = 33061
S_SPAWN_STATUE = 33040
S_SPAWN_USER = 26202
S_SPAWN_WORKOBJECT = 28221
S_STAGE_RESULT = 60098
S_START_ACTION_SCRIPT = 24407
S_START_CHANGE_USER_APPEARANCE = 55315
S_START_CHAT_BAN = 62847
S_START_CHAT_BAN_INFINITY = 45345
S_START_CLIENT_CUSTOM_SKILL = 57389
S_START_CLIMBING = 44872
S_START_COMMANDER_SKILL = 45816
S_START_COOLTIME_ITEM = 37758
S_START_COOLTIME_SERVANT_SKILL = 45681
S_START_COOLTIME_SKILL = 41754
S_START_DRIVE_AIRSHIP = 59528
S_START_FISHING_CHARGE = 35737
S_START_FISHING_MINIGAME = 49691
S_START_FIX_SPIRIT = 34233
S_START_FIX_VEHICLE = 36157
S_START_GUILD_QUEST = 37969
S_START_GUILD_WAR = 57470
S_START_INVERSE_CAPTURE = 56492
S_START_LEVEL_COMPENSATION = 53420
S_START_PEGASUS = 37493
S_START_PRODUCE = 40302
S_START_ROUND_PVE_ROUND = 55006
S_START_STACK_ATTENDANCE_EVENT_INFO = 59204
S_START_USER_PROJECTILE = 54332
S_START_VM_BUY = 47695
S_START_VM_SELL = 40811
S_STEER_DEBUG_COMMAND = 29945
S_STICK_TO_USER_END = 28932
S_STICK_TO_USER_START = 39046
S_STOP_VM = 25430
S_STORE_BASKET = 59976
S_STORE_SELL_LIST = 37381
S_STRONGHOLD_OCCUPATION_BATTLE_FIELD_BOARD = 45357
S_STRONGHOLD_OCCUPATION_BATTLE_FIELD_STRONGHOLD_INFO = 63584
S_STR_EVALUATE_LIST = 33671
S_STYLE_SHOP_BUY_TCAT_ITEM = 26415
S_SUCCESS_COUNTER = 34132
S_SUCCESS_STYLE_SHOP_BUY_REPUTATION_ITEM = 58910
S_SUGGEST_DARK_RIFT_PARTY_MATCHING = 52109
S_SURVEY_QUESTION = 29057
S_SWITCH_INFO = 34532
S_SYNC_PEGASUS_TIME = 55666
S_SYSTEM_MESSAGE = 46228
S_SYSTEM_MESSAGE_CUSTOM = 61352
S_SYSTEM_MESSAGE_LOOT_ITEM = 48258
S_SYSTEM_MESSAGE_LOOT_SPECIAL_ITEM = 42107
S_SYSTEM_REWARD_MESSAGE = 41579
S_SYS_PARTY_INFO = 64724
S_TARGET_INFO = 23388
S_TASK_INFO_GUARD = 61417
S_TAX_INFO = 30611
S_TELEPORT_TO_CAMP = 20735
S_TEMPER_MATERIALS = 39944
S_TEMPER_RESULT = 55427
S_TERRITORY_STEP_ENTER = 32326
S_TERRITORY_STEP_LEAVE = 25717
S_TERRITORY_STEP_PROGRESS = 63418
S_TIMEOVER_CONTRACT = 39158
S_TOGGLE_TASK_INFO_WINDOW = 25099
S_TOKEN_POINT_STATUS = 37201
S_TOTAL_GUILD_WAR_DATA = 26403
S_TRADE_ACCEPT = 41108
S_TRADE_BAG_CLOSE = 47147
S_TRADE_BAG_DONE = 62845
S_TRADE_BOX = 20802
S_TRADE_BROKER_BOUGHT_ITEM_LIST = 47706
S_TRADE_BROKER_BUY_IT_NOW = 50866
S_TRADE_BROKER_CALC_NOTIFY = 56810
S_TRADE_BROKER_DEAL_INFO_UPDATE = 47298
S_TRADE_BROKER_DEAL_SUGGESTED = 62290
S_TRADE_BROKER_HIGHEST_ITEM_LEVEL = 25887
S_TRADE_BROKER_HISTORY_ITEM_LIST = 34280
S_TRADE_BROKER_INPUT_PRICE = 55010
S_TRADE_BROKER_REGISTERED_ITEM_LIST = 47111
S_TRADE_BROKER_REQUEST_DEAL_RESULT = 28980
S_TRADE_BROKER_SOLD_ITEM_LIST = 56463
S_TRADE_BROKER_SUGGEST_DEAL = 51396
S_TRADE_BROKER_WAITING_ITEM_LIST = 33996
S_TRADE_MESSAGE = 49452
S_TRANSFER_KUMAS_BATTLE_FIELD_TREASURE = 47279
S_TUTORIAL_PLAY_FINISHED = 31343
S_UNEQUIP_SERVANT_ITEM = 53109
S_UNICAST_FLOATING_CASTLE_INFO = 60093
S_UNICAST_FLOATING_CASTLE_NAMEPLATE = 64190
S_UNICAST_TRANSFORM_DATA = 47654
S_UNMOUNT_VEHICLE = 50305
S_UNMOUNT_VEHICLE_EX = 58644
S_UNREGISTER_COMBINE_ITEM = 63479
S_UNREGISTER_ENCHANT_ITEM = 43330
S_UNREGISTER_EVOLUTION_ITEM = 41518
S_UNREGISTER_REPAIR_ITEM = 33828
S_UPDATE_ACHIEVEMENT_PROGRESS = 59022
S_UPDATE_BIDDING_COUNT = 42217
S_UPDATE_CONTENTS_ON_OFF = 59267
S_UPDATE_EVENT_MATCHING_BONUS_INFO = 54563
S_UPDATE_EVENT_SEED_STATE = 49736
S_UPDATE_EVENT_SYSTEM = 43889
S_UPDATE_EXP_LEVEL = 10052
S_UPDATE_FRIENDSHIP_GAGE = 36261
S_UPDATE_FRIEND_INFO = 38499
S_UPDATE_GAMBLE_BOX_STATE = 62720
S_UPDATE_GUILD_ANNOUNCE = 56287
S_UPDATE_GUILD_FLAG = 39989
S_UPDATE_GUILD_GROUP = 37307
S_UPDATE_GUILD_MEMBER = 42912
S_UPDATE_GUILD_QUEST_STATUS = 51530
S_UPDATE_GUILD_TOWER_INFO = 47766
S_UPDATE_KUMAS_BATTLE_FIELD_TREASURE_INFO = 64957
S_UPDATE_KUMAS_BOSS_POS = 52777
S_UPDATE_LICENSE = 10050
S_UPDATE_NPCGUILD = 62356
S_UPDATE_PARTY_MEMBER_QUEST_DATA = 33882
S_UPDATE_PROF_BUG = 10055
S_UPDATE_PROF_ENERGY = 10056
S_UPDATE_PROF_HERB = 10057
S_UPDATE_PROF_MINERAL = 10054
S_UPDATE_QUEST = 25506
S_UPDATE_SERVANT_INFO = 57591
S_UPDATE_STACK_ATTENDANCE_EVENT_INFO = 55672
S_UPDATE_STACK_ATTENDANCE_EVENT_RESET_TIME = 48867
S_UPDATE_STYLE_SHOP_MARK_PRODUCT = 48711
S_UPDATE_USER_AWAKEN_GRADE = 31560
S_UPDATE_USER_PKDECLARECOUNT = 10059
S_UPDATE_USER_PKDECLARECOUNT2 = 10201
S_UPDATE_USER_PKPOINT = 10061
S_UPDATE_VM_SELLBUY_WINDOW = 36274
S_UPDATE_VM_SETTING_WINDOW = 36499
S_UPDATE_VM_STATUS = 27348
S_USER_AIM = 52463
S_USER_AIM_TO = 23960
S_USER_APPEARANCE_CHANGE = 51377
S_USER_BLOCK_LIST = 61257
S_USER_CHANGE_FACE_CUSTOM = 52743
S_USER_CHANGE_NAME = 27765
S_USER_DEATH = 39024
S_USER_EFFECT = 24041
S_USER_EXTERNAL_CHANGE = 51201
S_USER_FLYING_LOCATION = 49801
S_USER_ITEMLEVEL_INFO = 65167
S_USER_ITEM_EQUIP_CHANGER = 43653
S_USER_LEVELUP = 22181
S_USER_LOCATION = 57134
S_USER_LOCATION_IN_ACTION = 56496
S_USER_MOVETYPE = 59517
S_USER_PAPERDOLL_INFO = 54967
S_USER_PVE_RANKING = 48507
S_USER_PVP_RANKING = 28125
S_USER_REPORT = 63717
S_USER_SITUATION = 48168
S_USER_STATUS = 45204
S_USER_WEAPON_APPEARANCE_CHANGE = 29608
S_USE_CHRONOSCROLL_RESULT = 56518
S_USE_COUPON = 55047
S_USE_JUMPGEAR = 30460
S_USE_RIGHT_ITEM = 27092
S_VEHICLE_EX_ARROW = 61272
S_VERSION_INFO = 53178
S_VIEW_BATTLE_FIELD_RESULT = 31147
S_VIEW_GUILD_WAR = 39338
S_VIEW_INTER_PARTY_MATCH_BATTLEFIELD_LIST = 61753
S_VIEW_INTER_PARTY_MATCH_DUNGOEN_LIST = 25388
S_VIEW_PARTY_INVITE = 52513
S_VIEW_VM_SETTING_WINDOW = 53175
S_VIEW_WARE = 34694
S_VIEW_WARE_EX = 51092
S_VILLAGER_BUFF_INFO = 51194
S_VILLAGER_POPUP_DIALOG = 29245
S_VILLAGE_LIST_TO_TELEPORT = 58679
S_VIP_STORE_ITEM_LIST = 58554
S_VISITED_SECTION_LIST = 38458
S_VISIT_NEW_SECTION = 23791
S_VISIT_NEW_TEL_CAMP = 33741
S_VM_BUY_BASKET_INFO = 63689
S_VM_SELL_BASKET_INFO = 26097
S_VOID_GUARD_INFO = 28270
S_VOTE_DISMISS_PARTY = 34108
S_VOTE_HISTORY = 28265
S_VOTE_RESET_ALL_DUNGEON = 60968
S_VOTE_TO_DUNGEON_MENTO = 55074
S_WAITING_LIST = 40682
S_WATCHED_MOVIES = 57965
S_WEAK_POINT = 29559
S_WELCOME_PET_OWNER = 61984
S_WHISPER = 45538
S_WORK_WORKOBJECT = 34865
S_WORLD_OF_TANK_BATTLE_FIELD_BOARD = 62018
S_WORLD_OF_TANK_BATTLE_FIELD_RESULT = 20574
S_WORLD_QUEST_VILLAGER_INFO = 57572