I_TELEPORT 0
I_GFX_COMMAND 17
I_GFX_ADMIN_COMMAND 18
I_INPUT_COMMAND 19
I_CLOSE_SERVER_CONNECTION 22
C_CHECK_VERSION 19900
S_CHECK_VERSION 19901
S_CREATE_USER 20299
S_VOTE_RESET_ALL_DUNGEON 20575
S_LOAD_DUNGEON_SOUND_HINT 20750
S_PLAY_EFFECT 20798
S_UPDATE_FRIEND_INFO 20807
C_DEL_ITEM 21108
S_RECV_PARCEL 21282
S_SOCIAL 21389
C_MEET_BOSS_INFO 21426
S_REJECT_CONTRACT 21527
C_UNMOUNT_VEHICLE 21541
C_LEAVE_PRIVATE_CHANNEL 21589
S_ABNORMALITY_FAIL 21831
C_END_MOVIE 21895
S_GUILD_MEMBER_LIST 21930
S_SHOW_PARTY_MATCH_INFO 21933
S_PARTY_MEMBER_LIST 22014
S_SYSTEM_MESSAGE 22236
S_LOGOUT_PARTY_MEMBER 22386
C_SOCIAL 22528
S_SHOW_ITEM_TOOLTIP 22605
C_CHANGE_USER_LOBBY_SLOT_ID 22684
S_NOTIFY_GUILD_WAR_INFO 22744
C_SELECT_EVENT_MATCHING 22802
C_INVITE_USER_TO_GUILD 22866
S_POINT_STORE_SELL_LIST 22883
C_PCBANGINVENTORY_USE_SLOT 22909
S_LEAVE_PARTY 22931
C_START_INSTANCE_SKILL 22972
C_COMPLETE_DAILY_EVENT 22973
S_UNICAST_TRANSFORM_DATA 23057
S_DEAD_LOCATION 23278
S_GUILD_INFO 23356
S_ITEM_CUSTOM_STRING 23414
S_RESPONSE_ACCESSORY_COST_INFO 23627
S_FATIGABILITY_POINT 23642
S_EP_SYSTEM_DAILY_EVENT_EXP_ON_OFF 23670
S_WHISPER 23780
S_UNMOUNT_VEHICLE 23786
S_ADMIN_HOLD_CHARACTER 23867
C_OP_COMMAND 23941
S_DIALOG 24159
C_REQUEST_CONTRACT 24269
S_INVEN 24315
C_TRY_LOOT_DROPITEM 24356
S_START_COOLTIME_ITEM 24469
S_CHANGE_GUILD_CHIEF 24579
C_START_INSTANCE_SKILL_EX 24851
S_GACHA_START 24973
S_DESPAWN_SHUTTLE 25057
S_CAMERA_SHAKE 25067
S_STICK_TO_USER_START 25077
C_CHANGE_PARTY_MEMBER_AUTHORITY 25247
C_REQUEST_CANDIDATE_LIST 25317
S_REGISTER_ENCHANT_ITEM 25427
C_TRADE_BROKER_BUY_IT_NOW 25503
S_SHOW_PEGASUS_MAP 25882
S_SPAWN_USER 26128
S_CLEAR_ALL_HOLDED_ABNORMALITY 26141
S_CHANGE_EP_POINT 26235
S_INSTANT_MOVE 26260
C_NOTIFY_LOCATION_IN_DASH 26384
S_FIN_INTER_PARTY_MATCH 26413
C_VISIT_NEW_SECTION 26622
C_CANCEL_SKILL 26641
S_CUSTOM_STYLE_SYSTEM_MESSAGE 26661
C_CANCEL_CONTRACT 26673
S_DECREASE_COOLTIME_SKILL 26679
C_TRADE_BROKER_WAITING_ITEM_LIST_NEW 26970
S_NPC_MENU_SELECT 26996
C_REGISTER_UPGRADE_ITEM 27106
S_AVAILABLE_EVENT_MATCHING_LIST 27449
S_TRADE_BROKER_SUGGEST_DEAL 27468
S_INSTANT_DASH 27510
C_START_SKILL 27715
S_RESULT_BIDDING_DICE_THROW 27996
C_REQUEST_RECV_DAILY_TOKEN 28049
C_UPDATE_REACTION_POS 28240
S_PARCEL_READ_RECV_STATUS 28300
S_PREVIEW_ITEM 28366
S_FEARMOVE_END 28484
S_FIELD_EVENT_ON_LEAVE 28548
S_LOAD_ACHIEVEMENT_LIST 28664
S_MOUNT_VEHICLE 28759
C_BAN_PARTY_MEMBER 28852
S_USER_SITUATION 29003
S_PARTY_MEMBER_ABNORMAL_DEL 29164
S_START_PRODUCE 29185
S_UPDATE_ACHIEVEMENT_PROGRESS 29186
S_LOAD_CLIENT_ACCOUNT_SETTING 29431
S_SHOW_CANDIDATE_LIST 29450
S_END_CHANGE_USER_APPEARANCE 29819
S_REPLY_NONDB_ITEM_INFO 30044
S_FRIEND_LIST 30225
S_PLAYER_CHANGE_EP 30251
S_TRADE_BROKER_DEAL_INFO_UPDATE 30296
S_CREATURE_ROTATE 30393
S_PARTY_MARKER 30678
C_LIST_PARCEL 30686
C_TRADE_BROKER_WAITING_ITEM_LIST_PAGE 30712
S_MOVE_SHUTTLE 30804
S_DESPAWN_USER 30896
S_DESPAWN_COLLECTION 30946
S_PARTY_INFO 31055
S_PLAY_MOVIE 31118
S_OTHER_USER_APPLY_PARTY 31161
S_PLAYER_CHANGE_MP 31196
C_DISMISS_PARTY 31268
S_USER_EXTERNAL_CHANGE 31369
S_REGISTER_UPGRADE_ITEM 31390
C_PLAYER_FLYING_LOCATION 31654
C_ADD_TELEPORT_TO_POS_LIST 31844
S_START_CLIMBING 31857
S_CHANGE_DESTPOS_PROJECTILE 31895
S_BEGIN_THROUGH_ARBITER_CONTRACT 31955
S_PLAYER_RESET_EP 32115
S_REMOVE_EFFECT 32158
C_SHOW_PARCEL_MESSAGE 32159
S_UPDATE_NPCGUILD 32201
S_ANNOUNCE_UPDATE_NOTIFICATION 32221
C_BIND_ITEM_BEGIN_PROGRESS 32222
S_SPAWN_DROPITEM 32238
S_GMEVENT_GUIDE_MESSAGE 32253
S_LOGIN_ACCOUNT_INFO 32262
S_REQUEST_CONTRACT 32280
S_PREMIUM_SLOT_OFF 32310
S_VILLAGE_LIST_TO_TELEPORT 32559
S_CHANGE_VOICE_USE_QAC 32606
S_NPC_LOCATION 32665
S_FIELD_EVENT_ON_ENTER 32728
C_CANCEL_CHANGE_USER_APPEARANCE 32754
S_F2P_PremiumUser_Permission 32871
S_FONT_SWAP_INFO 33156
C_CHANGE_PARTY_MANAGER 33467
S_PLAYER_CHANGE_STAMINA 33538
C_LOGIN_ARBITER 33698
S_HOLD_ABNORMALITY_ADD 33780
S_TRADE_BROKER_HISTORY_ITEM_LIST 33832
S_GUILD_TOWER_INFO 34267
S_USER_MOVETYPE 34390
C_NOTIFY_LOCATION_IN_ACTION 34393
S_REQUEST_STYLE_SHOP_MARK_PRODUCTLIST 34694
C_RETURN_TO_LOBBY 34753
S_REQUEST_CITY_WAR_MAP_INFO 34774
S_CHANGE_EP_EXP_DAILY_LIMIT 34799
C_REQUEST_GAMESTAT_PING 35068
C_PREMIUM_SLOT_USE_SLOT 35175
S_COLLECTION_PICKSTART 35186
S_ADD_INTER_PARTY_MATCH_POOL 35267
S_PLAYER_CHANGE_ALL_PROF 35460
S_GET_USER_GUILD_LOGO 35834
S_BAN_PARTY 35838
S_REQUEST_SECOND_PASSWORD_AUTH 35953
S_LOAD_TELEPORT_TO_POS_LIST 36251
C_PARTY_MARKER 36278
S_PREPARE_SELECT_CHANNEL 36314
S_PARTY_MEMBER_QUEST_DATA 36501
S_GRANT_SKILL 36555
S_LEARN_EP_PERK 36574
C_TRADE_BROKER_SUGGEST_DEAL 36611
C_UNREGISTER_UPGRADE_ITEM 36711
C_CREST_APPLY_LIST 36850
S_BATTLE_FIELD_ENTRANCE_INFO 36881
S_SKILL_LIST 36951
C_VIEW_WARE 36953
S_TARGET_INFO 37024
S_SPAWN_BUILD_OBJECT 37131
S_COMMIT_ACCESSORY_TRANSFORM_RESULT 37172
S_PLAYER_CHANGE_PROF 37197
C_REMOVE_BLOCKED_USER 37203
S_SHOW_USER_EP_INFO 37213
C_GET_IN_SHUTTLE 37260
S_COMPLETE_EVENT_MATCHING_QUEST 37400
C_CAN_LOCKON_TARGET 37581
C_SAVE_CLIENT_USER_SETTING 37621
S_FEARMOVE_STAGE 37648
C_REQUEST_PRIVATE_CHANNEL_INFO 37688
S_VIEW_PARTY_INVITE 37829
S_RETURN_TO_LOBBY 38071
S_PREMIUM_SLOT_DATALIST 38092
S_WEAK_POINT 38200
C_END_CLIMBING 38311
S_ENABLE_DISABLE_SELLABLE_ITEM_LIST 38395
S_PRODUCE_CRITICAL 38413
C_APPLY_PARTY 38448
C_BIND_ITEM_EXECUTE 38489
S_CHAT 38583
S_CREST_MESSAGE 38591
S_CHANGE_EVENT_MATCHING_STATE 38659
S_RESULT_ITEM_BIDDING 38667
S_SHORTCUT_CHANGE 38767
S_SPAWN_PROJECTILE 38905
S_BAN_PARTY_MEMBER 39195
S_PARTY_MEMBER_ABNORMAL_CLEAR 39529
S_SHOW_HP 39641
S_USER_PAPERDOLL_INFO 39666
S_RESPONSE_GAMESTAT_PONG 39751
S_PLAYER_STAT_UPDATE 40058
C_REQUEST_USER_PAPERDOLL_INFO 40112
C_REQUEST_ACCESSORY_COST_INFO 40142
S_SKILL_CATEGORY 40173
S_CREST_APPLY 40184
S_TRADE_BROKER_DEAL_SUGGESTED 40350
S_PARTY_MEMBER_INTERVAL_POS_UPDATE 40449
S_CANCEL_CONTRACT 40488
S_PLAY_SOUND 40592
S_SPAWN_NPC 40781
C_CHANGE_EQUIP_PRESET 40784
S_LEAVE_PRIVATE_CHANNEL 40883
C_PONG 40907
S_CAN_LOCKON_TARGET 41063
S_ADD_BLOCKED_USER 41323
S_CREATURE_CHANGE_HP 41363
S_EXIT 41559
S_INVEN_CHANGEDSLOT 41631
S_TELEPORT_TO_CAMP 41657
S_GACHA_END 41673
S_PLAY_ANIMATION 41756
S_CHECK_TO_READY_PARTY 41940
S_LOAD_EP_INFO 41987
C_START_COMBO_INSTANT_SKILL 42102
S_REQUEST_CITY_WAR_MAP_INFO_END 42110
C_MERGE_ITEM_EXECUTE 42188
S_SUCCESS_COUNTER 42227
S_SKILL_ATTENTION_TARGET 42429
C_SELECT_USER 42583
S_LEAVE_PARTY_MEMBER 42671
S_ANSWER_INTERACTIVE 42755
C_CANCEL_RETURN_TO_LOBBY 42774
S_USER_CHANGE_NAME 42874
S_VISIT_NEW_SECTION 42934
C_GET_OUT_SHUTTLE 42939
C_START_ENCHANT 42977
C_PRESS_SKILL 43049
S_ACTION_STAGE 43156
C_GET_USER_LIST 43195
C_REGISTER_PARTY_INFO 43250
S_PARTY_MEMBER_CHANGE_MP 43420
S_GUILD_NAME 43428
S_GUILD_STORE_SELL_LIST 43501
S_CREATURE_LIFE 43520
C_GACHA_TRY 43825
S_PARTY_MEMBER_ABNORMAL_ADD 43947
S_JOIN_PRIVATE_CHANNEL 44308
C_MERGE_ITEM 44358
S_START_CLIENT_CUSTOM_SKILL 44383
C_DIALOG 44433
S_DESTROY_GUILD_TOWER 44602
C_START_TARGETED_SKILL 44623
S_COLLECTION_PICKEND 44735
S_SPAWN_ME 44774
S_NPC_OCCUPIER_INFO 44844
S_GET_USER_LIST 44903
C_REQUEST_UPGRADE 45060
S_NOTIFY_GUILD_QUEST_URGENT 45241
S_ACCEPT_CONTRACT 45580
S_USER_WEAPON_APPEARANCE_CHANGE 45619
C_UNREGISTER_PARTY_INFO 45658
S_GMEVENT_OX_QUIZ_OPEN 46174
S_CONNECT_SKILL_ARROW 46191
S_EACH_SKILL_RESULT 46250
S_USER_EFFECT 46346
C_SHOW_ITEM_TOOLTIP_EX 46458
S_SPAWN_DOOR 46483
S_REMOVE_BLOCKED_USER 46507
C_ASK_INTERACTIVE 46539
C_CONFIRM_UPDATE_NOTIFICATION 46665
S_UNICAST_FLOATING_CASTLE_NAMEPLATE 46758
C_BLOCK_USER 47068
S_TRADE_BROKER_REQUEST_DEAL_RESULT 47102
S_PARTY_MEMBER_INFO 47209
S_STORE_SELL_LIST 47211
C_EXIT 47499
S_SPAWN_COLLECTION 47799
S_PARTY_MEMBER_ABNORMAL_REFRESH 47900
S_NPC_TARGET_USER 47958
S_FIELD_POINT_INFO 47962
C_PARTY_MATCH_WINDOW_CLOSED 48163
S_GET_IN_SHUTTLE 48225
S_DEFEND_SUCCESS 48257
C_START_UPGRADE 48710
S_ITEM_COLORING_BAG 48719
C_REQUEST_ENCHANT 48853
S_SPAWN_WORKOBJECT 49097
S_PARTY_MEMBER_CHANGE_HP 49158
S_LIST_PARCEL_EX 49191
C_ADD_FRIEND 49234
S_DUNGEON_CAMERA_SET 49257
S_END_USER_PROJECTILE 49344
C_DELETE_USER 49385
C_RECV_PARCEL 49538
S_START_CHANGE_USER_APPEARANCE 49720
S_LOGIN 50235
C_CREST_APPLY 50294
C_SECOND_PASSWORD_AUTH 50386
C_ITEM_COLORING_SET_COLOR 50405
S_TRADE_BROKER_WAITING_ITEM_LIST 50446
S_START_COOLTIME_SKILL 50647
C_DELETE_FRIEND 50658
S_APPLY_TITLE 50724
S_DESPAWN_BUILD_OBJECT 50829
S_BATTLE_FIELD_POINT_STORE_SELL_LIST 50925
S_USER_STATUS 50969
C_DELETE_TELEPORT_TO_POS_LIST 50996
C_REQUEST_MY_PARTY_MATCH_INFO 51060
C_REQUEST_NONDB_ITEM_INFO 51076
S_AIR_REACTION_END 51162
S_UNMOUNT_VEHICLE_EX 51206
C_RESET_ALL_DUNGEON 51242
S_NPC_CHANGE_MESH 51313
S_GROUP_NPC_LOCATION 51571
S_QUEST_INFO 51588
S_CANT_FLY_ANYMORE 51618
S_ABNORMALITY_BEGIN 51626
S_NPC_STATUS 52197
S_NOCTAN_VARIATION_INFO 52228
S_PREPARE_RETURN_TO_LOBBY 52291
C_REVIVE_NOW 52519
C_REQUEST_PARTY_MATCH_LINK 52744
S_ACCOUNT_PACKAGE_LIST 52966
C_CHECK_EVENT_MATCHING_LIST_CHECKBOX 52989
S_PREPARE_EXIT 53032
S_UNICAST_FLOATING_CASTLE_INFO 53143
C_USE_ITEM 53305
S_PREPARE_CHANGE_USER_APPEARANCE 53315
S_REPLY_REQUEST_CONTRACT 53423
S_GMEVENT_RECV_REWARD 53783
S_AERO 53830
S_ITEM_TRANSFORM_DATA 53894
C_PARTY_APPLICATION_DENIED 53958
C_NOTIMELINE_SKILL 54042
S_RESET_EP_PERK 54054
C_WHISPER 54074
C_COMPLETE_EXTRA_EVENT 54084
S_PLAYER_CHANGE_EXP 54211
S_LOADING_SCREEN_CONTROL_INFO 54218
S_PRIVATE_CHAT 54269
S_START_USER_PROJECTILE 54313
C_REPLY_THROUGH_ARBITER_CONTRACT 54462
S_BOSS_GAGE_INFO 54625
C_START_PRODUCE 54703
S_MOUNT_VEHICLE_EX 54764
S_PARTY_MEMBER_BUFF_UPDATE 55088
S_CHECK_TO_READY_PARTY_FIN 55141
C_REQUEST_GUILD_INFO 55341
C_ADMIN 55419
C_REQUEST_BOSS_GAGE_INFO 55731
S_ACTION_END 55943
C_REGISTER_ENCHANT_ITEM 55968
S_DUNGEON_COOL_TIME_LIST 56087
S_LOAD_CLIENT_USER_SETTING 56173
S_START_ACTION_SCRIPT 56193
S_PING 56527
S_USER_LEVELUP 56554
C_REQUEST_USER_PAPERDOLL_INFO_WITH_GAMEID 57052
C_DELETE_PARCEL 57387
S_VIEW_WARE_EX 57489
C_TRADE_BROKER_REJECT_SUGGEST 57562
S_REQUEST_PRIVATE_CHANNEL_INFO 57701
C_REQUEST_PARTY_MATCH_INFO_PAGE 57926
C_TELEPORT_TO_POS 58003
C_REQUEST_PARTY_MATCH_INFO 58062
C_LOAD_TOPO_FIN 58091
S_PARTY_MEMBER_STAT_UPDATE 58104
C_SELECT_CHANNEL 58290
S_SYSTEM_MESSAGE_LOOT_ITEM 58598
S_DUNGEON_EVENT_MESSAGE 58766
C_LEAVE_PARTY 58849
S_IMAGE_DATA 58991
C_CHAT 58994
S_DUNGEON_CLEAR_COUNT_LIST 58997
S_START_INVERSE_CAPTURE 59054
S_SHOW_AWESOMIUMWEB_SHOP 59176
S_SPAWN_SHUTTLE 59189
S_SHOW_PCBANG_ICON 59224
C_UNREGISTER_ENCHANT_ITEM 59327
S_REQUEST_REACTION_POS_TICK 59777
S_CHANGE_PARTY_MANAGER 59890
S_ABNORMALITY_END 59952
C_TELEPORT_TO_VILLAGE 60214
S_DESPAWN_BONFIRE 60433
C_SHOW_INVEN 60469
S_USER_BLOCK_LIST 60797
S_ABNORMALITY_REFRESH 60919
S_AVAILABLE_SOCIAL_LIST 60974
S_SYSTEM_MESSAGE_LOOT_SPECIAL_ITEM 61546
C_TRADE_BROKER_DEAL_CONFIRM 61655
S_SEND_VIP_SYSTEM_INFO 61695
S_CREST_INFO 61746
S_SHOW_PARCEL_MESSAGE 61763
C_COMMIT_CHANGE_USER_APPEARANCE 61887
C_COMMIT_ACCESSORY_TRANSFORM 61985
C_EDIT_BLOCKED_USER_MEMO 62184
S_DESPAWN_PROJECTILE 62246
S_USER_LOCATION_IN_ACTION 62269
C_HIT_USER_PROJECTILE 62437
S_DESPAWN_DROPITEM 62569
S_CANNOT_START_SKILL 62618
S_SPAWN_BONFIRE 62785
S_USER_LOCATION 62810
S_ACCOMPLISH_ACHIEVEMENT 62872
C_PLAYER_LOCATION 62983
S_GMEVENT_OX_QUIZ_RESULT 63095
S_REQUEST_CITY_WAR_MAP_INFO_DETAIL 63131
S_STICK_TO_USER_END 63173
S_LOAD_TOPO 63447
S_CURRENT_CHANNEL 63484
S_DESPAWN_NPC 63490
S_QUEST_BALLOON 63493
C_NPC_CONTACT 63752
C_REQUEST_PARTY_INFO 63880
S_UPDATE_GUILD_QUEST_STATUS 63955
S_PARTY_MATCH_LINK 63973
S_ABNORMALITY_DAMAGE_ABSORB 64052
C_SAVE_CLIENT_ACCOUNT_SETTING 64076
C_SET_VISIBLE_RANGE 65002
S_GET_OUT_SHUTTLE 65126
S_OPEN_AWESOMIUM_WEB_URL 65184
S_NOTIFY_TO_FRIENDS_WALK_INTO_SAME_AREA 65219
S_PCBANGINVENTORY_DATALIST 65237
S_PLAYER_CHANGE_FLIGHT_ENERGY 65508