I_TELEPORT = 0
I_SPAWN_BARRACK_CHARACTER = 1
R_PLAYER_LOCATION = 2
R_TELEPORT_REPLAY_LOCATION = 3
R_CAMERA_ROTATE = 4
I_GFX_COMMAND = 17
I_GFX_ADMIN_COMMAND = 18
I_INPUT_COMMAND = 19
I_MOVE_KEY = 20
I_SKILL_KEY = 21
I_CLOSE_SERVER_CONNECTION = 22
SA_PING = 5000
AS_PING = 5001
SA_REGISTER = 5002
AS_REGISTER = 5003
SA_ENTER_WORLD = 5004
SA_ENTER_WORLD_FAIL = 5005
AS_ENTER_WORLD = 5006
AS_LOAD_TOPO_FIN = 5007
SA_TRY_TO_LEAVE_WORLD = 5008
AS_LEAVE_WORLD = 5009
SA_LEAVE_WORLD = 5010
SA_SEND_CHAR_LOC = 5011
SA_JOIN_PARTY = 5012
SA_LEAVE_PARTY = 5013
SA_DISMISS_PARTY = 5014
SA_KICK_PARTY = 5015
SA_EXTEND_PARTY = 5016
SA_SWAP_PARTY = 5017
SA_CHANGE_PARTY_MANAGER = 5018
SA_CHANGE_PARTY_MEMBER_AUTHORITY = 5019
SA_CHANGE_LOOTING_METHOD = 5020
AS_DO_CREATE_PARTY = 5021
AS_DO_ADD_PARTY_MEMBER = 5022
AS_DO_REMOVE_PARTY_MEMBER = 5023
AS_DO_DISMISS_PARTY = 5024
AS_DO_EXTEND_PARTY = 5025
AS_DO_SWAP_PARTY = 5026
AS_DO_SET_PARTY_MANAGER = 5027
AS_DO_CHANGE_PARTY_MEMBER_AUTHORITY = 5028
AS_DO_SET_LOOTING_METHOD = 5029
AS_DO_SET_PARTY_OWNER = 5030
SA_ADD_TO_INTER_PARTY_MATCH_POOL = 5031
SA_DEL_FROM_INTER_PARTY_MATCH_POOL = 5032
SA_JOIN_PARTY_IN_ARBITER = 5033
SA_MERGE_PARTY_TO_RAID = 5034
AS_REQUEST_REFRESH_PARTY_INFO = 5035
SA_SEND_PARTY_MEMBER_INTERVAL_POS = 5036
SA_SEND_PARTY_MEMBER_UPDATE_INFO = 5037
SA_QUERY_TO_ARBITER_FOR_BAN_PARTY_MEMBER = 5038
AS_REQUEST_TELEPORT = 5039
AS_QUERY_TO_ARBITER_FOR_BAN_PARTY_MEMBER = 5040
AS_ADMIN_SET_DUNGEON_COOLTIME = 5041
SA_UPDATE_DUNGEON_COOLTIME = 5042
SA_UPDATE_DUNGEON_CLEAR_COUNT = 5043
AS_RESET_ALL_DUNGEON = 5044
AS_DISMISS_PARTY = 5045
AS_PARTY_LOOTING_METHOD = 5046
AS_BAN_PARTY_MEMBER = 5047
SA_DELETE_DUNGEON_COOLTIME = 5048
SA_REQUEST_ENTER_DUNGEON = 5049
AS_REQUEST_ENTER_DUNGEON = 5050
SA_RESPONSE_ENTER_DUNGEON = 5051
AS_RESPONSE_ENTER_DUNGEON = 5052
SA_REQUEST_LEAVE_DUNGEON = 5053
AS_REQUEST_LEAVE_DUNGEON = 5054
AS_ADMIN_RESET_DUNGEON_COOLTIME = 5055
SA_ADD_DUNGEON_CHANNEL = 5056
SA_REMOVE_DUNGEON_CHANNEL = 5057
AS_INITIALIZE_DUNGEON_ID = 5058
AS_SETTING_BATTLE_FIELD_MATCHING_STATE = 5059
AS_ADMIN_BATTLE_FIELD_RESULT = 5060
SA_GM_NOTIFY = 5061
SA_ENTER_BATTLE_FIELD = 5062
BSA_EXIT_BATTLE_FIELD = 5063
SA_REQUEST_BATTLE_FIELD_USER_INFO = 5064
ABS_REQUEST_BATTLE_FIELD_USER_INFO = 5065
AS_ACK_BATTLE_FIELD_USER_INFO = 5066
BSA_ACK_BATTLE_FIELD_USER_INFO = 5067
BSA_BATTLE_FIELD_INVITE_USER = 5068
BSA_REQUEST_BATTLE_FIELD_USER_INFO = 5069
BSA_END_BATTLE_FIELD = 5070
BSA_END_BATTLE_FIELD_WITHOUT_PLAY = 5071
BSA_NOTIFY_JACKPOT_EVENT_END = 5072
BSA_NOTIFY_ABOUT_BATTLE_FIELD_CLEAR = 5073
BSA_REQUEST_ADD_SUPPLEMENTPOOL = 5074
BSA_BATTLE_FIELD_OPEN_INFO = 5075
BSA_CREATE_BATTLE_FIELD_LOG = 5076
ABS_CREATE_BATTLE_FIELD_LOG = 5077
ABS_ACK_BATTLE_FIELD_USER_INFO = 5078
BSA_REQUEST_BATTLE_FIELD_RANKING_DATA = 5079
ABS_ACK_BATTLE_FIELD_RANKING_DATA = 5080
ABS_REQUEST_COMBINE_BATTLE_FIELD_RANKING = 5081
ABS_REQUEST_COMBINE_BATTLE_FIELD_RANKING_SERVER_LIST = 5082
BSA_ACK_COMBINE_BATTLE_FIELD_RANKING = 5083
BSA_ACK_COMBINE_BATTLE_FIELD_RANKING_SERVER_LIST = 5084
BSA_UPDATE_BATTLE_FIELD_LOG = 5085
SA_MATCH_BATTLE_FIELD_GM_REQUEST = 5086
SA_SET_BATTLE_FIELD_RANKER = 5087
SA_CALC_BATTLE_FIELD_RANKING_NEXT_TIME = 5088
SA_CALC_BATTLE_FIELD_SEASON_NEXT_TIME = 5089
SA_CREATE_GROUP_DUEL_PARTY = 5090
AS_CREATE_GROUP_DUEL_PARTY = 5091
ADS_ADD_TO_PARTY_MATCH_POOL = 5092
DSA_ADD_TO_PARTY_MATCH_POOL = 5093
DSA_MODIFY_ABOUT_PARTY_MATCH_POOL = 5094
ADS_DEL_FROM_PARTY_MATCH_POOL = 5095
DSA_DEL_FROM_PARTY_MATCH_POOL = 5096
DSA_MOVE_PARTY_MATCH_POOL = 5097
DSA_DEL_FROM_ALL_POOL = 5098
DSA_PRE_PARTY_MAKE = 5099
ADS_PRE_PARTY_MAKE_RESULT = 5100
ADS_DICONNECT_BATTLE_FIELD_SERVER = 5101
DSA_PARTY_MAKE = 5102
ADS_PARTY_MAKE_RESULT = 5103
DSA_FIN_PARTY_MAKE = 5104
DSA_ASK_TO_JOIN_PARTY = 5105
ADS_ASK_TO_JOIN_PARTY_RESULT = 5106
DSA_START_BATTLEFIELD = 5107
DSA_REQUEST_JOIN_BATTLE_FIELD = 5108
DSA_NOTIFY_ABOUT_DUNGEON_CLEAR = 5109
ADS_NOTIFY_ABOUT_DUNGEON_CLEAR = 5110
DSA_SYSTEM_MESSAGE = 5111
DSA_SYSTEM_MESSAGE_USING_INTER_PARTY_MATCH = 5112
DSA_SYS_PARTY_INFO = 5113
ADS_SYS_PARTY_INFO = 5114
DSA_LOG_FIN_PARTY_MAKE = 5115
AS_NOTIFY_ABOUT_SYS_PARTY_WITHDRAWAL = 5116
AS_BYPASS_FROM_CLIENT = 5117
SA_BYPASS_TO_CLIENT = 5118
SA_BYPASS_TO_GROUP = 5119
AS_LOAD_GUILD = 5120
SA_LOAD_GUILD = 5121
SA_CREATE_GUILD = 5122
SA_DESTROY_GUILD = 5123
AS_DESTROY_GUILD = 5124
SA_LEAVE_GUILD = 5125
AS_LEAVE_GUILD = 5126
SA_BANISH_GUILD_MEMBER = 5127
AS_BANISH_GUILD_MEMBER = 5128
SA_CHANGE_GUILD_CHIEF = 5129
AS_CHANGE_GUILD_CHIEF = 5130
SA_SET_GUILDGROUP_AUTHORITY = 5131
AS_SET_GUILDGROUP_AUTHORITY = 5132
SA_CREATE_GUILD_GROUP = 5133
AS_CREATE_GUILD_GROUP = 5134
SA_REMOVE_GUILD_GROUP = 5135
AS_REMOVE_GUILD_GROUP = 5136
AS_ADD_GUILDMEMBER = 5137
SA_CHANGE_GUILDGROUP = 5138
AS_CHANGE_GUILDGROUP = 5139
SA_UPDATE_GUILD_MEMBER = 5142
AS_UPDATE_GUILD_MEMBER = 5143
AS_SET_GUILD_RECOMMENDATION_POINT = 5144
AS_UPDATE_GUILD_TITLE = 5145
AS_UPDATE_GUILD_LOGO = 5146
SA_PET_LOAD = 5147
AS_PET_LOAD = 5148
SA_PET_CALL = 5149
AS_PET_CALL = 5150
SA_PET_DISMISS = 5151
AS_PET_DISMISS = 5152
SA_PET_ITEM_EQUIP = 5153
AS_PET_ITEM_EQUIP = 5154
SA_PET_ITEM_UNEQUIP = 5155
AS_PET_ITEM_UNEQUIP = 5156
SA_PET_ORB_CHANGE = 5157
AS_PET_ORB_CHANGE = 5158
SA_PET_REPAIR = 5159
AS_PET_REPAIR = 5160
SA_PET_STOP = 5161
AS_PET_STOP_TOPET = 5162
AS_PET_STOP_TOUSER = 5163
SA_PET_DUR = 5164
AS_PET_DUR_TOPET = 5165
AS_PET_DUR_TOUSER = 5166
SA_PET_ALERT = 5167
AS_PET_ALERT = 5168
SA_PET_INCUBATOR_SLOT = 5169
AS_PET_INCUBATOR_SLOT = 5170
SA_PET_INCUBATOR_TAKEALL = 5171
AS_PET_INCUBATOR_TAKEALL = 5172
SA_PET_INCUBATOR_START = 5173
AS_PET_INCUBATOR_START = 5174
SA_PET_INCUBATOR_COMPLETE = 5175
AS_PET_INCUBATOR_COMPLETE = 5176
AS_ARBITER_USER_DELETE = 5177
SA_SET_USERS_POS = 5178
SA_BROADCAST_SYSTEM_MESSAGE_TO_WHOLE_WORLD = 5179
SA_BROADCAST_SYSTEM_MESSAGE_TO_WHOLE_WORLD_FOR_UNION = 5180
AS_UPDATE_VISITED_SECTION_LIST = 5181
SA_CHANGE_CHARACTER = 5182
SA_SEND_SYSTEM_MESSAGE_TO_ACCOUNT_USER = 5183
SA_SEND_SYSTEM_MESSAGE_LOOT_ITEM_TO_ACCOUNT_USER = 5184
SA_CHAR_LOC = 5185
AS_CHAR_LOC = 5186
SA_TELEPORT = 5187
AS_REQUEST_PERF = 5188
AS_PROFILE = 5189
AS_RESET_PROFILE = 5190
AS_REQUEST_NORMAL_CHAT = 5191
AS_REQUEST_TEAM_CHAT = 5192
AS_REQUEST_DICE_THROW = 5193
SA_REGISTER_WORLD_COMMAND = 5194
AS_LOAD_GUILD_DATA = 5195
AS_UPDATE_GUILD_DATA = 5196
SA_BUY_VILLAGER_BUFF = 5197
AS_BUY_VILLAGER_BUFF = 5198
SA_TRADE_BROKER_OPEN = 5199
AS_TRADE_BROKER_CLOSE = 5200
SA_TRADE_BROKER_DEAL_OPEN = 5201
AS_TRADE_BROKER_DEAL_OPEN = 5202
AS_TRADE_BROKER_DEAL_CLOSE = 5203
SA_PUSH_GUILD_BUFF = 5204
AS_PUSH_GUILD_BUFF = 5205
AS_CANCEL_SKILL_STRICTLY = 5206
SA_CREST_LEARN = 5207
AS_CREST_LEARN = 5208
SA_LEARN_ALL_CREST_ACQUIRABLE = 5209
AS_LEARN_ALL_CREST_ACQUIRABLE = 5210
SA_CREST_POINT = 5211
AS_CREST_POINT = 5212
SA_CREST_USE_LIST = 5213
AS_CREST_USE_LIST = 5214
SA_CREST_USE = 5215
AS_CREST_USE = 5216
SA_CREST_USE_CLEAR = 5217
AS_CREST_USE_CLEAR = 5218
SA_CREST_UPGRADE = 5219
AS_CREST_UPGRADE = 5220
SA_CREST_ALL_CLEAR = 5221
AS_CREST_ALL_CLEAR = 5222
SA_USER_NOCTAN = 5223
AS_USER_NOCTAN = 5224
AS_ADMIN = 5225
AS_SET_BLOCKED_USER = 5226
AS_ADD_BLOCKED_USER = 5227
AS_REMOVE_BLOCKED_USER = 5228
SA_REQUEST_LORD_REGISTER_WINDOW = 5229
AS_SET_VISIBLE_RANGE = 5230
SA_MAKE_SYS_PARCEL = 5231
AS_MAKE_SYS_PARCEL = 5232
SA_REQUEST_SHOW_POLICY_WINDOW = 5233
SA_REQUEST_SHOW_TAX_WINDOW = 5234
SA_LOAD_GUARD = 5235
AS_LOAD_GUARD = 5236
AS_CHANGE_LORD_GUILD = 5237
AS_LOAD_GUARD_FINISH = 5238
AS_SET_GUARD_POLICY = 5239
AS_GUARD_TAX_RATE = 5240
AS_GUARD_TAX_PROFIT = 5241
AS_ELECTION_STATE = 5242
AS_UPDATE_USER_DESCRIPTION = 5243
AS_LORD_ACCESSION = 5244
SA_UPDATE_LORD_ACHIEVEMENT_FAILED = 5245
AS_START_LORD_GUILDWAR = 5246
AS_END_LORD_GUILDWAR = 5247
SA_ADD_ELECTION_POINT_LORD_GUILDWAR = 5248
SA_SEND_MESSAGE_TO_WORLD_USER = 5249
AS_SEND_MESSAGE_TO_WORLD_USER = 5250
AS_CACHE_DUNGEON_COOL_TIME_TO_WORLD = 5251
AS_REQUEST_SEND_PK_POLICY = 5252
AS_UPDATE_GUILD_NAME = 5253
AS_UPDATE_GUILD_UNION_ID = 5254
SA_UPDATE_USER_STATUS = 5255
AS_REQUEST_SPAWN_NPC = 5256
AS_GUARD_LORD_CHANGED = 5257
AS_RESET_LORD_LIST = 5258
AS_LORD_LIST = 5259
SA_START_CHANGE_APPEARANCE = 5260
AS_START_EVENT = 5261
AS_STOP_EVENT = 5262
AS_SET_WORLD_EVENT_OBJECT_COUNT = 5263
SA_INC_EVENT_ITEM_COUNT = 5264
SA_RESET_EVENT_ITEM_COUNT = 5265
SA_UPDATE_WORLD_EVENT_INFO = 5266
AS_START_FESTIVAL = 5267
AS_STOP_FESTIVAL = 5268
AS_FESTIVAL_NPC_SPAWN = 5269
AS_FESTIVAL_NPC_DESPAWN = 5270
SA_REQUEST_START_FESTIVAL = 5271
SA_REQUEST_STOP_FESTIVAL = 5272
SA_START_GUILD_WAR = 5273
AS_START_GUILD_WAR = 5274
SA_END_GUILD_WAR = 5275
SA_GUILD_WAR_INFO = 5276
AS_SET_NEW_TERA_USER = 5277
AS_SET_PC_BANG_USER = 5278
AS_LOAD_EVENT_FINISH = 5279
AS_ADMIN_REQUEST_VANISH_PET = 5280
AS_LORD_ELECTION_DEFEATED = 5281
SA_UPDATE_LORD_ELECTION_DEFEATED_ACHIEVEMENT_FAILED = 5282
AS_USER_VOTED = 5283
AS_ASK_PET_OWNER_INFO_FOR_VANISH = 5284
SA_ANS_PET_OWNER_INFO_FOR_VANISH = 5285
AS_SET_ACCOUNT_RESTRICTION_LEVEL = 5286
AS_GATHER_USER_LIST_BY_DISTANCE = 5287
SA_GATHER_USER_LIST_BY_DISTANCE = 5288
SA_RELAY_LOG = 5289
SA_REG_PERIOD_ITEM = 5290
AS_PERIOD_ITEM_EXPIRED = 5291
SA_PERIOD_ITEM_EXPIRED_RESULT = 5292
AS_PERIOD_PASSIVE_EXPIRED = 5293
SA_DARK_RIFT_PROGRESS_STEP_WORLD_NOTI = 5294
SA_DARK_RIFT_CHANGE_AREA_WORLD_NOTI = 5295
SA_DARK_RIFT_SPAWN_WORLD_NOTI = 5296
SA_DARK_RIFT_DESPAWN_WORLD_NOTI = 5297
SA_DARK_RIFT_RESERVE_MAP_MARKER_WORLD_NOTI = 5298
SA_DARK_RIFT_CLEAR_MAP_MARKER_WORLD_NOTI = 5299
SA_DARK_RIFT_AVAILABLE_QUEST_USER_COUNT = 5300
AS_DARK_RIFT_SET_HUNTING_ZONE_ENABLED = 5301
AS_CONTROL_DARK_RIFT_INSTANCE = 5302
AS_GET_DARK_RIFT_INFO = 5303
SA_GET_DARK_RIFT_INFO = 5304
AS_ADMIN_DARK_RIFT_NPC_RESPAWN = 5305
SA_ADMIN_DARK_RIFT_NPC_RESPAWN = 5306
SA_DARK_RIFT_EVENT_OPEN = 5307
SA_DARK_RIFT_EVENT_CLOSE = 5308
AS_RESTORE_DARK_RIFT = 5309
SA_DARK_RIFT_EVENT_UPDATE_SPAWNABLE_COUNT = 5310
SA_DARK_RIFT_RESTORATION_FAILED_INSTANCE_LIST = 5311
SA_DARK_RIFT_EVENT_GROUP_SPAWNED = 5312
SA_DARK_RIFT_CLEAR_ALL_SPAWNED_EVENT_GROUP_INFO = 5313
SA_DARK_RIFT_EVENT_UPDATE_CONCURRENT_SPAWN_COUNT = 5314
SA_DARK_RIFT_EVENT_ZONE_EXTRA_INSTANCE_OPENED = 5315
SA_ADMIN_CALL_DIFFERENT_WORLD_USER = 5316
AS_EVENT_MAIL_RECEIVED = 5317
DSA_DUNGEON_RANK_GET_CURRENT_TOP_SCORE = 5318
ADS_DUNGEON_RANK_GET_CURRENT_TOP_SCORE = 5319
AS_SET_ADMIN_NON_PK_SECTION = 5320
AS_RESET_ADMIN_NON_PK_SECTION = 5321
AS_SET_HUNTING_EVENT_VALUE_TABLE = 5322
AS_SET_HUNTING_EVENT_VALUE = 5323
AS_RESET_HUNTING_EVENT_VALUE = 5324
AS_SET_DUNGEON_LOG_USE_OR_NOT = 5325
AS_USER_REQUEST_EXIT = 5326
AS_USER_CANCEL_REQUEST_EXIT = 5327
AS_USER_CANCEL_PARTY_CONTRACT = 5328
AS_QA_PUBLISHER_CHANGE = 5329
AS_CHANGE_GUILDWAR_POINT_BYADMIN = 5330
AS_DARK_RIFT_SET_RESERVATION_TIME_ENABLED = 5331
AS_DARK_RIFT_REQUEST_RESERVATION_TIME_LIST = 5332
SA_DARK_RIFT_RESERVATION_TIME_LIST = 5333
AS_BATTLE_FIELD_VIEW_LIST = 5334
SA_BATTLE_FIELD_VIEW_LIST = 5335
BSA_CREATE_BATTLE_FIELD_RESULT = 5336
BSA_NOTIFY_USER_BATTLE_FIELD_ENTERABLE = 5337
BSA_LOAD_BATTLE_FIELD_UNIQUE_ID = 5338
ABS_LOAD_BATTLE_FIELD_UNIQUE_ID = 5339
ABS_ASK_ENTERABLE_BATTLE_FIELD_EXISTS = 5340
BSA_CREATE_BATTLE_FIELD = 5341
ABS_CREATE_BATTLE_FIELD = 5342
ABS_REQUEST_JOIN_BATTLE_FIELD = 5343
SA_BROADCAST_SHOW_NPC_MINI_MAP = 5344
SA_BROADCAST_DELETE_NPC_MINI_MAP = 5345
AS_REQUEST_OTHER_SERVER_ITEM_TOOLTIP = 5346
SA_REPLY_OTHER_SERVER_ITEM_TOOLTIP = 5347
SA_REQUEST_CHRONOSCROLL_USE = 5348
AS_CHRONOSCROLL_REDEEMED = 5349
SA_LOAD_BATTLE_FIELD_COOL_TIME = 5350
AS_LOAD_BATTLE_FIELD_COOL_TIME = 5351
SA_UPDATE_BATTLE_FIELD_COOL_TIME = 5352
AS_UPDATE_BATTLE_FIELD_COOL_TIME = 5353
AS_CLEAR_BATTLE_FIELD_COOL_TIME = 5354
SA_UPDATE_VOTE_COOL_TIME = 5355
AS_UPDATE_VOTE_COOL_TIME = 5356
AS_CLEAR_VOTE_COOL_TIME = 5357
SA_SET_GUILDWAR_ACCEPTABLE = 5358
AS_SET_GUILDWAR_ACCEPTABLE = 5359
SA_CHECK_TO_START_GUILD_WAR = 5360
AS_CHECK_TO_START_GUILD_WAR = 5361
AS_BOT_CONFIGURATION = 5362
AS_BOT_ACCOUNT_CANDIDATE = 5363
AS_BOT_LIST_ACCOUNT_CANDIDATE = 5364
SA_TO_DETECT_BOT_HUNT = 5365
SA_TO_DETECT_BOT_PLAYTICK = 5366
SA_TO_DETECT_BOT_INVALIDSTARTPOS = 5367
SA_LOAD_SERVANT_DATA = 5368
AS_LOAD_SERVANT_DATA = 5369
SA_ADD_SERVANT_DATA = 5370
AS_ADD_SERVANT_DATA = 5371
SA_UPDATE_SERVANT_NAME = 5372
AS_UPDATE_SERVANT_NAME = 5373
SA_UPDATE_SERVANT_DATA = 5374
AS_UPDATE_SERVANT_DATA = 5375
SA_UPDATE_UNION_TAX_RATE = 5376
AS_UPDATE_UNION_TAX_RATE = 5377
SA_UPDATE_UNION_DESC = 5378
AS_UPDATE_UNION_DESC = 5379
SA_UPDATE_UNION_NOTICE = 5380
AS_UPDATE_UNION_NOTICE = 5381
SA_JOIN_UNION = 5382
AS_JOIN_UNION = 5383
AS_JOIN_UNION_GUILD = 5384
SA_LOAD_UNION_MEMBER = 5385
AS_LOAD_UNION_MEMBER = 5386
AS_CLEAR_GUILD_UNION_INFO = 5387
SA_UPDATE_UNION_PLAY_POINT = 5388
AS_UPDATE_UNION_PLAY_POINT = 5389
SA_UPDATE_UNION_MEMBER_CP = 5390
AS_UPDATE_UNION_MEMBER_CP = 5391
SA_START_UNION_SKILL = 5392
AS_PENDING_UNION_SKILL = 5393
SA_QUEST_EVENT_MESSAGE_FOR_UNION = 5394
SA_PLAY_EVENT_SOUND_FOR_UNION = 5395
SA_UPDATE_UNION_NPC_COUNT = 5396
SA_ADD_UNION_KILL_DEATH_POINT = 5397
SA_ADD_UNION_KILL_ASSIST_POINT = 5398
SA_BROADCAST_MESSAGE_EXTRACTOR_SPAWN = 5399
SA_UNION_EXTRACTOR_NUM_SET = 5400
SA_UNION_EXTRACTOR_NUM_DIFF = 5401
AS_UNION_EXTRACTOR_NUM = 5402
AS_START_UNION_SKILL = 5403
SA_UNION_SHARE_POLICY_POINT_INFO = 5404
SA_UNION_SHARE_POLICY_POINT = 5405
AS_UNION_SHARE_POLICY_POINT = 5406
SA_UNION_SHARE_ACTIVITY_COST_INFO = 5407
AS_UNION_SHARE_ACTIVITY_COST_INFO = 5408
SA_UNION_SHARE_ACTIVITY_COST = 5409
AS_UNION_SHARE_ACTIVITY_COST = 5410
SA_UNION_SHARE_ACTIVITY_COST_CONFIRM = 5411
AS_UNION_SHARE_ACTIVITY_COST_CONFIRM = 5412
AS_UPDATE_TO_USER_UNION_CLASS = 5413
AS_UPDATE_TO_USER_UNION_ELITE = 5414
AS_UPDATE_UNION_MEMBER_INFO = 5415
SA_UPDATE_UNION_MEMBER_POLICY_POINT = 5416
AS_UPDATE_UNION_MEMBER_POLICY_POINT = 5417
SA_UPDATE_UNION_MEMBER_CLASS = 5418
AS_UPDATE_UNION_MEMBER_CLASS = 5419
SA_UPDATE_UNION_MEMBER_ELITE = 5420
AS_UPDATE_UNION_MEMBER_ELITE = 5421
SA_UNION_MEMBER_HISTORY = 5422
SA_UNION_ADD_TAX_INFO = 5423
AS_UNION_ADD_TAX_INFO = 5424
SA_UNION_ADD_TAX = 5425
AS_UNION_ADD_TAX = 5426
SA_UNION_CHANGE_POLICY_INFO = 5427
AS_UNION_CHANGE_POLICY_INFO = 5428
AS_UNION_UPDATE_MEMBER_UNION_ID = 5429
AS_UNION_ONOFF_REQUEST = 5430
SA_UNION_STATE_INFO = 5431
AS_UNION_ADMIN_CHANGE_POLICY = 5432
SA_ROB_UNION_TAX = 5433
AS_ROB_UNION_TAX = 5434
AS_UNION_POST_BATTLE_INIT = 5435
SA_UPDATE_UNION_POST_BATTLE_INFO = 5436
SA_UPDATE_UNION_POST_BATTLE_RANK_INFO = 5437
SA_UPDATE_UNION_LAST_SEASON_NUM = 5438
SA_UPDATE_UNION_POST_BATTLE_TIME_QAC = 5439
SA_UPDATE_UNION_POST_BATTLE_STATE = 5440
SA_LOAD_POLITICS_UNIT = 5441
AS_POLITICS_UNIT_INFO = 5442
AS_END_LORD_REIGN_PERIOD = 5443
AS_MARK_AS_QUEST_COMPLETED = 5444
SA_WATCH_MOVIE = 5445
SA_LOAD_BATTLE_FIELD_ENTER_COUNT = 5446
AS_LOAD_BATTLE_FIELD_ENTER_COUNT = 5447
SA_UPDATE_BATTLE_FIELD_ENTER_COUNT = 5448
AS_UPDATE_BATTLE_FIELD_ENTER_COUNT = 5449
AS_ADMIN_CLEAR_BATTLE_FIELD_ENTER_COUNT = 5450
SA_CLEAR_BATTLE_FIELD_ENTER_COUNT = 5451
AS_CLEAR_BATTLE_FIELD_ENTER_COUNT = 5452
AS_ASK_SERVANT_SKILL_INFO = 5453
SA_SERVANT_SKILL_INFO = 5454
AS_UPDATE_DAILY_EVENT_DAY = 5455
SA_REQEUST_RESET_DUNGEON = 5456
AS_REQUEST_RESET_DUNGEON = 5457
SA_UPDATE_CAPACITY_POINT = 5458
SA_UPDATE_MAKRER_END = 5459
SA_UPDATE_GAUGE_END = 5460
SA_INSERT_LIMITED_DROP_GAUGE_INFO = 5461
SA_REQUSET_TOKEN_EXCHANGE_DATASHEET_RELOAD = 5462
AS_REQUSET_TOKEN_EXCHANGE_DATASHEET_RELOAD = 5463
AS_CHANGE_TOKEN_POINT_BY_WA = 5464
AS_NPC_ARENA_STATE_CHECK = 5465
SA_NPC_ARENA_STATE_CHECK = 5466
AS_NPC_ARENA_ACTIVATE = 5467
AS_QA_SET_GAME_OPERATOR = 5468
SA_RESET_AND_ENTER_DUNGEON = 5469
AS_RESET_AND_ENTER_DUNGEON = 5470
AS_RESET_DUNGEON = 5471
AS_AM_I_WORLD_CONTROL_ARBITER = 5472
SA_AM_I_WORLD_CONTROL_ARBITER = 5473
AS_DUNGEON_DISABLED_LIST = 5474
AS_DUNGEON_ON_OFF = 5475
SA_ADMIN_HOLD_CHARACTER = 5476
SA_ADMIN_CHAT_BAN = 5477
AS_ADMIN_HOLD_CHARACTER = 5478
AS_LOG_QUEST_END = 5479
SA_LOG_QUEST_END = 5480
SA_SPAWN_BUILD_OBJECT = 5481
AS_SPAWN_BUILD_OBJECT = 5482
AS_REQUEST_ENTER_BATTLEFIELD = 5483
AA_TEST = 6000
AA_ATA_MSG_REQ = 6001
AA_ATA_MSG_ACK = 6002
AA_TOURNAMENT_REQUEST_PARTY_ID = 6003
AA_TOURNAMENT_ACK_PARTY_ID = 6004
AA_GM_NOTIFY = 6005
AA_DO_CREATE_PARTY = 6006
AA_DO_ADD_PARTY_MEMBER = 6007
AA_DO_REMOVE_PARTY_MEMBER = 6008
AA_DO_DISMISS_PARTY = 6009
AA_DO_EXTEND_PARTY = 6010
AA_DO_SWAP_PARTY = 6011
AA_DO_SET_PARTY_MANAGER = 6012
AA_DO_CHANGE_PARTY_MEMBER_AUTHORITY = 6013
AA_DO_SET_LOOTING_METHOD = 6014
AA_DO_SET_MEMBER_INFO = 6015
AA_DO_UPDATE_MEMBER_WORLD_INFO = 6016
AA_PARTY_CHAT = 6017
AA_ADMIN_CHECK_USERNAME = 6018
AA_ADMIN_CHECK_USERNAME_RESULT = 6019
AA_ADMIN_GET_USER_INFO_BY_DBID = 6020
AA_ADMIN_GET_USER_INFO_BY_DBID_RESULT = 6021
AA_REQUEST_RESET_DUNGEON = 6022
SDB_PING = 10000
SDB_USER_ENTERWORLD = 10001
SDB_USER_LEAVEWORLD = 10002
DBS_USER_LEAVEWORLD = 10003
SDB_VENDINGMACHINE_LOAD = 10004
DBS_VENDINGMACHINE_LOAD = 10005
SDB_VENDINGMACHINE_SELL_SETTING = 10006
DBS_VENDINGMACHINE_SELL_SETTING = 10007
SDB_VENDINGMACHINE_SELL = 10008
DBS_VENDINGMACHINE_SELL = 10009
SDB_VENDINGMACHINE_SELL_CLOSE = 10010
DBS_VENDINGMACHINE_SELL_CLOSE = 10011
SDB_VENDINGMACHINE_BUY_SETTING = 10012
DBS_VENDINGMACHINE_BUY_SETTING = 10013
SDB_VENDINGMACHINE_BUY = 10014
DBS_VENDINGMACHINE_BUY = 10015
SDB_VENDINGMACHINE_BUY_CLOSE = 10016
DBS_VENDINGMACHINE_BUY_CLOSE = 10017
SDB_VENDINGMACHINE_DESTROY = 10018
DBS_VENDINGMACHINE_DESTROY = 10019
SDB_VENDINGMACHINE_SELL_SETTLE_UP = 10020
DBS_VENDINGMACHINE_SELL_SETTLE_UP = 10021
SDB_VENDINGMACHINE_BUY_SETTLE_UP = 10022
DBS_VENDINGMACHINE_BUY_SETTLE_UP = 10023
SDB_VENDINGMACHINE_SELL_DIE = 10024
DBS_VENDINGMACHINE_SELL_DIE = 10025
SDB_VENDINGMACHINE_BUY_DIE = 10026
DBS_VENDINGMACHINE_BUY_DIE = 10027
SDB_LOAD_QUEST_LIST = 10028
DBS_LOAD_QUEST_LIST = 10029
SDB_SET_QUEST_INFO = 10030
DBS_SET_QUEST_INFO = 10031
SDB_SET_TASK_SHOW_TOGGLE = 10032
DBS_SET_TASK_SHOW_TOGGLE = 10033
DBS_USER_ENTERWORLD = 10035
S_UPDATE_LICENSE = 10036
D_UPDATE_LICENSE = 10037
S_UPDATE_EXP_LEVEL = 10038
D_UPDATE_EXP_LEVEL = 10039
S_UPDATE_PROF_MINERAL = 10040
S_UPDATE_PROF_BUG = 10041
S_UPDATE_PROF_ENERGY = 10042
S_UPDATE_PROF_HERB = 10043
D_UPDATE_PROF_RESULT = 10044
S_UPDATE_USER_PKDECLARECOUNT = 10045
D_UPDATE_USER_PKDECLARECOUNT = 10046
S_UPDATE_USER_PKPOINT = 10047
D_UPDATE_USER_PKPOINT = 10048
SDB_SET_MONEY = 10049
SDB_GET_MONEY = 10050
DBS_SET_MONEY = 10051
DBS_GET_MONEY = 10052
SDB_VIEW_WAREHOUSE = 10053
DBS_VIEW_WAREHOUSE = 10054
SDB_STORE_WAREHOUSE = 10055
DBS_STORE_WAREHOUSE = 10056
SDB_GET_WAREHOUSE = 10057
DBS_GET_WAREHOUSE = 10058
SDB_MOVE_WAREHOUSE_ITEM = 10059
DBS_MOVE_WAREHOUSE_ITEM = 10060
SDB_ITEM_PRODUCE_STEP1 = 10061
DBS_ITEM_PRODUCE_STEP1 = 10062
SDB_ITEM_PRODUCE_STEP2 = 10063
DBS_ITEM_PRODUCE_STEP2 = 10064
SDB_ITEM_EXTRACT = 10065
DBS_ITEM_EXTRACT = 10066
SDB_ITEM_DECOMPOSE = 10067
DBS_ITEM_DECOMPOSE = 10068
SDB_LEARN_ITEM_RECIPE = 10069
DBS_LEARN_ITEM_RECIPE = 10070
SDB_LOAD_ITEM_RECIPE = 10071
DBS_LOAD_ITEM_RECIPE = 10072
SDB_DELETE_ITEM_RECIPE_LIST = 10073
DBS_DELETE_ITEM_RECIPE_LIST = 10074
SDB_LOAD_SKILL_PROF = 10075
DBS_LOAD_SKILL_PROF = 10076
SDB_UPDATE_SKILL_PROF = 10077
DBS_UPDATE_SKILL_PROF = 10078
SDB_ITEM_SINGLE = 10079
DBS_ITEM_SINGLE = 10080
SDB_ITEM_TRADE = 10081
DBS_ITEM_TRADE = 10082
SDB_ITEM_DELIVER = 10083
DBS_ITEM_DELIVER = 10084
SDB_ITEM_ENCHANT = 10085
DBS_ITEM_ENCHANT = 10086
SDB_ITEM_CUSTOMIZING = 10087
DBS_ITEM_CUSTOMIZING = 10088
SDB_ITEM_MERGE = 10089
DBS_ITEM_MERGE = 10090
SDB_UPDATE_USERDATA = 10091
SDB_LIST_PARCEL = 10092
DBS_LIST_PARCEL = 10093
SDB_MAKE_PARCEL = 10094
DBS_MAKE_PARCEL = 10095
SDB_RECV_PARCEL = 10096
DBS_RECV_PARCEL = 10097
SDB_CHANGE_WAREHOUSE_POS = 10098
DBS_CHANGE_WAREHOUSE_POS = 10099
SDB_RETURN_PARCEL = 10100
DBS_RETURN_PARCEL = 10101
SDB_CLEAR_QUEST = 10102
DBS_CLEAR_QUEST = 10103
SDB_CHECK_NEW_GUILD_NAME = 10104
DBS_CHECK_NEW_GUILD_NAME = 10105
SDB_USER_LEARN_SKILL = 10113
DBS_USER_LEARN_SKILL = 10114
SDB_USER_FORGET_SKILL = 10115
DBS_USER_FORGET_SKILL = 10116
SDB_USER_LOAD_INVENTORY = 10117
DBS_USER_LOAD_INVENTORY = 10118
SDB_PEGASUS_FEE = 10119
DBS_PEGASUS_FEE = 10120
SDB_LOAD_TELEPORT_TO_POS_LIST = 10121
DBS_LOAD_TELEPORT_TO_POS_LIST = 10122
SDB_ADD_TELEPORT_TO_POS_LIST = 10123
DBS_ADD_TELEPORT_TO_POS_LIST = 10124
SDB_DELETE_TELEPORT_TO_POS_LIST = 10125
DBS_DELETE_TELEPORT_TO_POS_LIST = 10126
SDB_RENAME_TELEPORT_TO_POS_LIST = 10127
DBS_RENAME_TELEPORT_TO_POS_LIST = 10128
SDB_UPDATE_EXTRA_POINT = 10129
DBS_UPDATE_EXTRA_POINT = 10130
SDB_CONDITIONAL_TELEPORT = 10131
DBS_CONDITIONAL_TELEPORT = 10132
SDB_RETURN_HOME_WITH_SYSRETURN = 10133
DBS_SYSRETURN_POSITION = 10134
SDB_SET_SYSRETURN_POSITION = 10135
SDB_ITEM_STORE = 10136
DBS_ITEM_STORE = 10137
SDB_PAY_WAREHOUSE_COMMISION = 10138
DBS_PAY_WAREHOUSE_COMMISION = 10139
SDB_UPDATE_USER_DATA = 10140
DBS_UPDATE_USER_DATA = 10141
SDB_ITEM_SIMPLE_ATOM = 10142
DBS_ITEM_SIMPLE_ATOM = 10143
SDB_INIT_GUILD = 10144
DBS_INIT_GUILD_GROUP = 10145
DBS_INIT_GUILD_MEMBER = 10146
DBS_LOAD_GUILD_COMPLETE = 10147
SDB_CREATE_GUILD2 = 10148
DBS_CREATE_GUILD2 = 10149
SDB_CREATE_SYSTEM_GUILD = 10150
DBS_CREATE_SYSTEM_GUILD = 10151
S_UPDATE_USER_PKDECLARECOUNT2 = 10152
D_UPDATE_USER_PKDECLARECOUNT2 = 10153
SDB_ADD_GUILDMEMBER2 = 10157
DBS_ADD_GUILDMEMBER2 = 10158
SDB_ITEM_TRADE_LOG = 10159
SDB_MAIN_MENU_COMMAND = 10160
DBS_MAIN_MENU_COMMAND = 10161
SDB_CLEAR_WAREHOUSE = 10162
DBS_CLEAR_WAREHOUSE = 10163
SDB_INVENTORY_AUTO_SORT = 10164
DBS_INVENTORY_AUTO_SORT = 10165
SDB_WAREHOUSE_AUTO_SORT = 10166
DBS_WAREHOUSE_AUTO_SORT = 10167
SDB_SEND_CAMP_TELEPORT = 10168
DBS_CLEAR_INVEN = 10169
SDB_USER_CLEAR_ALL_SKILL = 10170
DBS_USER_CLEAR_ALL_SKILL = 10171
SDB_GROUP_DUEL_BET_MONEY = 10172
DBS_GROUP_DUEL_BET_MONEY = 10173
DBS_UPDATE_USER_MONEY = 10174
DBS_UPDATE_USER_INVENTORY = 10175
DBS_VENDINGMACHINE_LOAD2 = 10176
DBS_USER_LOAD_INVENTORY2 = 10177
SDB_UPDATE_GUILD_LEVEL = 10178
DBS_UPDATE_GUILD_LEVEL = 10179
DBS_INIT_GUILD_DATA = 10180
SDB_VENDINGMACHINE_SET = 10181
DBS_VENDINGMACHINE_SET = 10182
SDB_VENDINGMACHINE_BUYSELL = 10183
DBS_VENDINGMACHINE_BUYSELL = 10184
SDB_VENDINGMACHINE_BUY_SET = 10185
DBS_VENDINGMACHINE_BUY_SET = 10186
SDB_VENDINGMACHINE_BUY_EX = 10187
DBS_VENDINGMACHINE_BUY_EX = 10188
SDB_VENDINGMACHINE_CLEAR = 10189
DBS_VENDINGMACHINE_CLEAR = 10190
SDB_LOAD_USER_ACHIEVEMENT = 10191
DBS_LOAD_USER_ACHIEVEMENT = 10192
SDB_UPDATE_USER_ACHIEVEMENT = 10193
DBS_UPDATE_USER_ACHIEVEMENT = 10194
SDB_GROUP_DUEL_BETTING_ITEM = 10195
DBS_GROUP_DUEL_BETTING_ITEM = 10196
SDB_ADD_PVP_USER_LOG = 10197
SDB_ADD_PK_USER_LOG = 10198
SDB_ADD_GROUP_DUEL_USER_LOG = 10199
DBS_UPDATE_SERVER_ACHIEVEMENT = 10200
SDB_ACCOMPLISH_USER_ACHIEVEMENT = 10201
DBS_ACCOMPLISH_USER_ACHIEVEMENT = 10202
SDB_DELETE_USER_ACHIEVEMENT = 10203
DBS_DELETE_USER_ACHIEVEMENT = 10204
SDB_APPLY_TITLE = 10205
DBS_APPLY_TITLE = 10206
DBS_USER_REFRESH_INVENTORY = 10207
SDB_FETCH_THROUGH_ARBITER_CONTRACT = 10208
DBS_FETCH_THROUGH_ARBITER_CONTRACT = 10209
DBS_ASK_THROUGH_ARBITER_CONTRACT = 10210
SDB_ASK_THROUGH_ARBITER_CONTRACT = 10211
SDB_SEND_BEGIN_THROUGH_ARBITER_CONTRACT = 10212
SDB_SEND_END_THROUGH_ARBITER_CONTRACT = 10213
DBS_SEND_END_THROUGH_ARBITER_CONTRACT = 10214
DBS_REPLY_THROUGH_ARBITER_CONTRACT = 10215
SDB_DELETE_PARCEL = 10216
DBS_DELETE_PARCEL = 10217
SDB_EQUIP_ITEM = 10218
DBS_EQUIP_ITEM = 10219
SDB_GROUP_DUEL_RETURN = 10220
DBS_GROUP_DUEL_RETURN = 10221
SDB_TRADE_BROKER_REGISTER_ITEM = 10222
DBS_TRADE_BROKER_REGISTER_ITEM = 10223
SDB_TRADE_BROKER_UNREGISTER_ITEM = 10224
DBS_TRADE_BROKER_UNREGISTER_ITEM = 10225
SDB_TRADE_BROKER_CALC_SOLD_ITEM = 10226
DBS_TRADE_BROKER_CALC_SOLD_ITEM = 10227
SDB_TRADE_BROKER_CALC_BOUGHT_ITEM = 10228
DBS_TRADE_BROKER_CALC_BOUGHT_ITEM = 10229
SDB_TRADE_BROKER_BUY_IT_NOW = 10230
DBS_TRADE_BROKER_BUY_IT_NOW = 10231
SDB_TRADE_BROKER_START_DEAL = 10232
DBS_TRADE_BROKER_START_DEAL = 10233
DBS_TRADE_BROKER_ACCEPT_DEAL = 10234
SDB_TRADE_BROKER_CANCEL_DEAL = 10235
AS_ASK_ADMIN_REQUEST_USERACTION = 10236
SA_ADMIN_REQUEST_USERACTION = 10237
AS_ADMIN_REQUEST_USERACTION = 10238
AS_ADMIN_REQUEST_SEND_INFO = 10239
AS_ADMIN_COMMAND = 10240
DBS_DELETE_QUEST = 10241
DBS_UPDATE_QUEST = 10242
DBS_TRADE_BROKER_CANCEL_DEAL = 10243
SDB_USER_VAPORIZED = 10244
DBS_SIMULATE_ITEM_TOOLTIP = 10245
SDB_SIMULATE_ITEM_TOOLTIP = 10246
DBS_USER_RESTRICTION = 10247
SDB_VISIT_ALL_SECTIONS = 10248
AS_CAMP_TEL_ADDED = 10249
SDB_LOAD_USER_RESTRICTION = 10250
DBS_LOAD_USER_RESTRICTION = 10251
SDB_INCREASE_INVENTORY_SIZE = 10252
DBS_INCREASE_INVENTORY_SIZE = 10253
SDB_REQUEST_SEND_PAPERDOLL = 10254
SDB_REQUEST_SEND_QUESTJOURNAL = 10255
SDB_COUPON_LIST = 10256
DBS_COUPON_LIST = 10257
SDB_USE_COUPON = 10258
DBS_USE_COUPON = 10259
SDB_DELETE_COUPON = 10260
DBS_DELETE_COUPON = 10261
SDB_RIGHT_ITEM_LIST = 10262
DBS_RIGHT_ITEM_LIST = 10263
SDB_USE_RIGHT_ITEM = 10264
DBS_USE_RIGHT_ITEM = 10265
SDB_ASK_CHANGE_CHAR_NAME = 10266
DBS_ASK_CHANGE_CHAR_NAME = 10267
SDB_DO_CHANGE_CHAR_NAME = 10268
DBS_DO_CHANGE_CHAR_NAME = 10269
SDB_DO_CHANGE_LOOK = 10270
DBS_DO_CHANGE_LOOK = 10271
AS_ADD_TO_FRIEND_LIST = 10272
AS_DESPAWN_PET = 10273
SA_TEST_PACKET = 10274
SDB_VENDINGMACHINE_STOP = 10275
AS_GUILD_JOINED = 10276
SDB_LOAD_DUNGEON_COOL_TIME = 10277
SDB_UPDATE_DUNGEON_RANK_RECORD = 10278
DBS_UPDATE_DUNGEON_RANK_RECORD = 10279
DBS_LOAD_DUNGEON_COOL_TIME = 10280
AS_TRADE_BROKER_ITEM_SOLD = 10281
SDB_ADD_TUTORIAL = 10282
DBS_ADD_TUTORIAL = 10283
SDB_LOAD_TUTORIAL = 10284
DBS_LOAD_TUTORIAL = 10285
SDB_VENDINGMACHINE_CALCULATE_SELLER = 10286
DBS_VENDINGMACHINE_CALCULATE_SELLER = 10287
SDB_VENDINGMACHINE_CALCULATE_BUYER = 10288
DBS_VENDINGMACHINE_CALCULATE_BUYER = 10289
DBS_OPERATOR_TERRITORY_NPC_KILL = 10290
DBS_OPERATOR_CANCEL_TERRITORY_NPC_KILL = 10291
SDB_OPERATOR_TERRITORY_NPC_KILL = 10292
SDB_OPERATOR_TERRITORY_NPC_KILL_CANCEL = 10293
DBS_OPERATOR_TERRITORY_NPCPARTY_RESPAWN = 10294
DBS_OPERATOR_TERRITORY_NPCTEMPLATE_RESPAWN = 10295
SDB_CHANGE_ITEM_EXTERIOR = 10296
DBS_CHANGE_ITEM_EXTERIOR = 10297
SDB_RESTORE_ITEM_EXTERIOR = 10298
DBS_RESTORE_ITEM_EXTERIOR = 10299
SDB_CHANGE_ITEM_COLORING = 10300
DBS_CHANGE_ITEM_COLORING = 10301
SDB_DECREASE_ITEM_COLORING_LEFTTIME = 10302
DBS_DECREASE_ITEM_COLORING_LEFTTIME = 10303
SDB_TURN_ON_WORK_OBJECT = 10304
DBS_TURN_ON_WORK_OBJECT = 10305
SDB_SET_RECIPE_BOOKMARK = 10306
DBS_SET_RECIPE_BOOKMARK = 10307
SDB_CASH_ITEM_LOG = 10308
SDB_USE_CHRONOSCROLL = 10309
DBS_USE_CHRONOSCROLL = 10310
SDB_LOAD_REPUTATION_LIST = 10311
DBS_LOAD_REPUTATION_LIST = 10312
SDB_UPDATE_REPUTATION_INFO = 10313
DBS_UPDATE_REPUTATION_INFO = 10314
SDB_INIT_LIMIT_REMAIN_REPUTATION = 10315
DBS_INIT_LIMIT_REMAIN_REPUTATION = 10316
SDB_LOAD_BATTLE_FIELD_LIST = 10317
DBS_LOAD_BATTLE_FIELD_LIST = 10318
SDB_UPDATE_DAILY_QUEST_COMPLETE_COUNT = 10319
DBS_UPDATE_DAILY_QUEST_COMPLETE_COUNT = 10320
SDB_UPDATE_DAILY_QUEST_SEED = 10321
DBS_UPDATE_DAILY_QUEST_SEED = 10322
SDB_ITEM_POINT_STORE = 10323
DBS_ITEM_POINT_STORE = 10324
SDB_TUTORIAL_END = 10325
DBS_TUTORIAL_END = 10326
SDB_ITEM_UNIDENTIFY = 10327
DBS_ITEM_UNIDENTIFY = 10328
SDB_DELETE_QUEST_COMPLETED = 10329
DBS_DELETE_QUEST_COMPLETED = 10330
SDB_INSERT_FEUDAL_LORD_FLAG = 10331
DBS_INSERT_FEUDAL_LORD_FLAG = 10332
SDB_DECREASE_FEUDAL_LORD_FLAG_LIFE_TIME = 10333
DBS_DECREASE_FEUDAL_LORD_FLAG_LIFE_TIME = 10334
SDB_LOAD_FEUDAL_LORD_FLAG = 10335
DBS_LOAD_FEUDAL_LORD_FLAG = 10336
SDB_POLITICS_POINT_STORE = 10337
DBS_POLITICS_POINT_STORE = 10338
DBS_CHANGE_POLICYPOINT = 10339
SDB_MARK_AS_QUEST_COMPLETED = 10340
DBS_MARK_AS_QUEST_COMPLETED = 10341
SDB_LOAD_REFER_A_FRIEND_LIST = 10342
DBS_LOAD_REFER_A_FRIEND_LIST = 10343
DBS_ADD_REFER_A_FRIEND = 10344
DBS_DELETE_REFER_A_FRIEND = 10345
SDB_LOAD_ACCOUNT_BENEFIT = 10346
DBS_LOAD_ACCOUNT_BENEFIT = 10347
SDB_LOAD_PCBANG_INVEN = 10348
DBS_LOAD_PCBANG_INVEN = 10349
SDB_REQUEST_RESET_PCBANG_INVEN = 10350
DBS_REQUEST_RESET_PCBANG_INVEN = 10351
SDB_REQUEST_USE_PCBANG_INVEN = 10352
DBS_REQUEST_USE_PCBANG_INVEN = 10353
SDB_UPDATE_PCBANG_INVEN_COOLTIME = 10354
DBS_UPDATE_PCBANG_INVEN_COOLTIME = 10355
SDB_UPDATE_UNION_POLICY_POINT = 10356
DBS_UPDATE_UNION_POLICY_POINT = 10357
SDB_LOAD_UNION = 10358
DBS_LOAD_UNION = 10359
DBS_LOAD_UNION_DATA = 10360
DBS_LOAD_UNION_FINISH = 10361
DBS_CHANGE_UNION_TAX_RATE = 10362
DBS_UPDATE_UNION_SEASON_INFO = 10363
SDB_UNION_STATE_UPDATE = 10364
SDB_CHANGE_UNION_POLICY = 10365
DBS_CHANGE_UNION_POLICY = 10366
DBS_CHANGE_UNION_POLICY_FORCE = 10367
DBS_LOAD_UNION_POLICY = 10368
SDB_UNION_UPDATE_TROUBLED_REGION_STATUS = 10369
DBS_UNION_UPDATE_TROUBLED_REGION_STATUS = 10370
SDB_UNION_UPDATE_TROUBLED_REGION_EXTRACTOR_COUNT = 10371
SDB_LOAD_SKILLPERIOD = 10372
DBS_LOAD_SKILLPERIOD = 10373
SDB_UPDATE_REDUCE_SKILLPERIOD = 10374
DBS_UPDATE_REDUCE_SKILLPERIOD = 10375
SDB_CHANGE_ENCHAT_SCROLL_PASSIVE = 10376
DBS_CHANGE_ENCHAT_SCROLL_PASSIVE = 10377
SDB_LOAD_LEARNED_SOCIAL = 10378
DBS_LOAD_LEARNED_SOCIAL = 10379
SDB_USER_LEARN_SOCIAL = 10380
DBS_USER_LEARN_SOCIAL = 10381
SDB_USER_FORGET_SOCIAL = 10382
DBS_USER_FORGET_SOCIAL = 10383
SDB_USER_CLEAR_ALL_SOCIAL = 10384
DBS_USER_CLEAR_ALL_SOCIAL = 10385
SDB_INCREMENT_CHARACTER_SOCKET = 10386
DBS_INCREMENT_CHARACTER_SOCKET = 10387
SDB_INCREMENT_CHARACTER_LEVEL = 10388
DBS_INCREMENT_CHARACTER_LEVEL = 10389
SDB_INCREMENT_CHARACTER_EXP = 10390
DBS_INCREMENT_CHARACTER_EXP = 10391
DBS_INGAMESHOP_CATEGORY_BEGIN = 10392
DBS_INGAMESHOP_CATEGORY_DATA = 10393
DBS_INGAMESHOP_CATEGORY_END = 10394
DBS_INGAMESHOP_PRODUCT_BEGIN = 10395
DBS_INGAMESHOP_PRODUCT_DATA = 10396
DBS_INGAMESHOP_PRODUCT_TAG = 10397
DBS_INGAMESHOP_PRODUCT_ITEMID = 10398
DBS_INGAMESHOP_PRODUCT_SUBPROD = 10399
DBS_INGAMESHOP_PRODUCT_END = 10400
SDB_ASK_CURRENT_HANCOIN_AMOUNT = 10401
SDB_REQUEST_BUY_PRODUCTID = 10402
SDB_SHARED_ACCOUNT_DATA = 10403
DBS_SHARED_ACCOUNT_DATA = 10404
SA_BROADCAST_UNION_STATE_UPDATE = 10405
SA_USER_CHANGE_CLASS_RACE_GENDER = 10406
AS_USER_CHANGE_CLASS_RACE_GENDER = 10407
AS_EVENT_HUNTINGBONUS_ITEM = 10408
SA_EVENT_HUNTINGBONUS_ITEMRESULT = 10409
SDB_ENCHANT_ITEM_BOOST = 10410
DBS_ENCHANT_ITEM_BOOST = 10411
SDB_UPDATE_ITEM_CUSTOMEXITEM = 10412
DBS_UPDATE_ITEM_CUSTOMEXITEM = 10413
AS_EVENT_HUNTINGBONUS = 10414
SA_EVENT_HUNTINGBONUS_ITEMADDED = 10415
SDB_DO_LIMITED_GACHA_WORK = 10416
DBS_DO_LIMITED_GACHA_WORK = 10417
SDB_EXCHANGE_TOKEN_ITEM_TO_POINT = 10418
DBS_EXCHANGE_TOKEN_ITEM_TO_POINT = 10419
SDB_LOAD_TOKEN_EXCHANGE = 10420
DBS_LOAD_TOKEN_EXCHANGE = 10421
SDB_LOAD_LIMITED_DROP_POINT = 10422
DBS_LOAD_LIMITED_DROP_POINT = 10423
SDB_LOAD_MASSTIGE_INFO = 10424
DBS_LOAD_MASSTIGE_INFO = 10425
SDB_SET_TOKEN_POINT_QA = 10426
DBS_SET_TOKEN_POINT_QA = 10427
SDB_RESET_MASSTIGE_STATUS = 10428
DBS_RESET_MASSTIGE_STATUS = 10429
SDB_LOAD_FATIGABILITY_LIST = 10430
DBS_LOAD_FATIGABILITY_LIST = 10431
SDB_NEW_FATIGABILITY = 10432
DBS_NEW_FATIGABILITY = 10433
SDB_UPDATE_FATIGABILITY_POINT = 10434
DBS_UPDATE_FATIGABILITY_POINT = 10435
SDB_LOAD_PROMOTION_LIST = 10436
DBS_LOAD_PROMOTION_LIST = 10437
SDB_UPDATE_PROMOTION = 10438
DBS_UPDATE_PROMOTION = 10439
SDB_DELETE_PROMOTION = 10440
DBS_DELETE_PROMOTION = 10441
SDB_LOAD_PROMOTION_CONDITION_LIST = 10442
DBS_LOAD_PROMOTION_CONDITION_LIST = 10443
SDB_CREATE_PROMOTION_CONDITION = 10444
DBS_CREATE_PROMOTION_CONDITION = 10445
SDB_UPDATE_PROMOTION_CONDITION = 10446
DBS_UPDATE_PROMOTION_CONDITION = 10447
SDB_DELETE_PROMOTION_CONDITION = 10448
DBS_DELETE_PROMOTION_CONDITION = 10449
SDB_ITEM_DECOMPOSITION = 10450
DBS_ITEM_DECOMPOSITION = 10451
SDB_LOAD_PASSIVITY_COOLTIME = 10452
DBS_LOAD_PASSIVITY_COOLTIME = 10453
SDB_UPDATE_PASSIVITY_COOLTIME = 10454
DBS_UPDATE_PASSIVITY_COOLTIME = 10455
SDB_UPDATE_HOLD_CHARACTER_STATUS = 10456
DBS_UPDATE_HOLD_CHARACTER_STATUS = 10457
CP_PING = 19000
PC_PONG = 19001
CP_REQUEST_LOGIN = 19002
PC_REPLY_LOGIN = 19003
CP_REQUEST_SERVER_LIST = 19004
PC_REPLY_SERVER_LIST = 19005
PA_PING = 19200
AP_PONG = 19201
AP_REGISTER = 19202
PA_REGISTERED = 19203
AP_REQUEST_ENTER_LOBBY = 19204
PA_REPLY_ENTER_LOBBY = 19205
C_CHECK_VERSION = 19900
S_CHECK_VERSION = 19901
S_DESPAWN_SHUTTLE = 20041
S_UPDATE_KUMAS_BATTLE_FIELD_TREASURE_INFO = 20066
C_BANISH_GUILD_MEMBER = 20130
C_VEHICLEEX_LOCATION = 20214
C_VISIT_NEW_SECTION = 20301
S_BYE_PET = 20326
S_RESULT_ITEM_BIDDING = 20338
S_UNION_START_EXILE_COUNT_FROM_LAWLESS_AREA = 20436
S_READY_PULL = 20443
S_FRIEND_LIST = 20457
C_PETITION_CANCEL = 20478
C_VIEW_GUILD_WAR = 20487
S_BATTLE_FIELD_RESULT = 20499
S_INGAMESHOP_PRODUCT_BEGIN = 20551
S_USER_PAPERDOLL_INFO = 20617
C_CHANGE_GUILDGROUP = 20640
C_REGIST_CUSTOMIZING_PARTS_SHAPE_ITEM = 20697
S_CANCEL_QUEST_SHARE = 20825
C_VOTE_RESET_ALL_DUNGEON = 20852
C_SEND_PARCEL = 20864
C_GROUP_DUEL_ADD_BETTING_ITEM = 20913
S_UPDATE_BIDDING_COUNT = 20917
C_ITEMSYNTHESIZER_REQUEST_ADD_MATERIAL = 20923
C_BATTLE_FIELD_BOARD_REQUEST = 20954
S_SEND_PARCEL_TAX = 21136
S_SNOW_EVENT_BATTLE_FIELD_BOARD = 21139
C_BAN_PARTY_MEMBER = 21162
C_PREPARE_WORKOBJECT = 21182
S_SOCIAL_LEARN_RESULT = 21242
S_SOCIAL_FORGET = 21258
S_QA_SET_ADMIN_LEVEL = 21266
S_USER_LEVELUP = 21287
S_ADMIN_WARNING_MESSAGE = 21316
S_UNION_TAX_WITHDRAW_INFO = 21333
C_UNION_POLITICAL_INFO = 21371
C_UNION_SHARE_MONEY = 21375
S_SKILL_LEARN_LIST = 21401
C_GAMBLE_CHANGE_BET_ITEM = 21421
S_PETITION_CHAT_GM_MESSAGE = 21422
S_INGAMESHOP_PRODUCT_DATA = 21435
C_CREATE_PRIVATE_CHANNEL = 21458
C_CHANGE_GUILD_CHIEF = 21608
S_GROUP_NPC_LOCATION = 21609
S_LEAVE_UNION = 21687
S_DEFEND_SUCCESS = 21694
S_DUNGEON_CLEAR = 21771
C_MOVE_SLOT_IN_GROUP_DUEL = 21808
S_RESULT_EVENT_SEED = 21853
S_PETITION_CHAT_END = 21900
C_BATTLE_FIELD_REWARD = 21909
C_ANS_QUEST_SHARE = 21934
S_TRADE_BROKER_INPUT_PRICE = 21943
S_GROUP_DUEL_INIT = 21997
S_CHECK_TO_READY_PARTY = 22032
S_LOGIN_ACCOUNT_INFO = 22033
C_SET_GUILDGROUP_AUTHORITY = 22055
C_CHANGE_UNION_POLICY = 22066
S_IMAGE_DATA = 22076
S_ADMIN_DELETE_QUEST = 22097
C_NOTIMELINE_SKILL = 22125
C_LEAVE_PRIVATE_CHANNEL = 22158
C_UNION_CHANGE_NOTICE = 22181
S_DARK_RIFT_CHANGE_AREA_WORLD_NOTI = 22199
S_BATTLE_FIELD_START_OCCUPATION = 22316
C_GROUP_DUEL_BETTING_MONEY = 22480
S_GUARD_PK_POLICY = 22572
S_NOTIFY_TO_FRIENDS_WALK_INTO_SAME_AREA = 22644
S_START_UNION_POST_ACTION_SCRIPT = 22665
C_ENCHANT_BOOSTER_REGISTER_ITEM = 22695
S_ARENA_FIGHT_ABNORMALITY_END = 22707
S_CHAT_REPORT = 22737
S_DONE_TEL_CAMP = 22747
C_REQUEST_RIGHT_ITEM_LIST = 22791
S_CANCEL_DELETE_USER = 22845
C_TRADE_BROKER_SUGGEST_DEAL = 22880
S_SET_WORKOBJECT = 22952
S_FIN_CANNON_BATTLE_FIELD = 23116
C_ADMIN_SPAWN_NPC = 23138
C_DIALOG = 23202
S_GACHA_END = 23241
C_SERVER_TIME = 23309
S_ACTION_STAGE = 23343
S_PREPARE_DONE_WORKOBJECT = 23359
S_DESPAWN_SERVANT = 23457
S_START_PRODUCE = 23573
C_REGISTER_VM_BUY_ITEM = 23825
S_STORE_SELL_LIST = 23834
S_UNION_CHANGE_TAXRATE = 23838
C_ADMIN_LOBBY = 23874
C_REQUEST_NONDB_ITEM_INFO = 23912
S_DUNGEON_SUMMON_PARTY = 24018
S_REMOVE_GUILD_MEMBER = 24138
C_ADD_ITEM_TO_VM_SELL_BASKET = 24145
S_OPEN_GUILD_LOGO_WINDOW = 24166
S_HANCOIN_AMOUNT = 24186
C_UPDATE_GUILD_LOGO = 24249
C_STR_EVALUATE_LIST = 24329
S_PLAYER_CHANGE_NOCTAN_COUNT = 24331
S_SET_KUMAS_BATTLE_FIELD_TREASURE_SCORE = 24356
C_BATTLE_FIELD_POINT_STORE_COMMIT = 24387
S_VIEW_UNION_INFO = 24424
S_RECV_PARCEL = 24500
C_TRADE_BROKER_REGISTER_ITEM = 24521
S_MAIN_MENU_COMMAND = 24553
C_TRADE_BAG_CLOSE = 24590
S_SERVANT_ABILITY = 24620
C_START_CUSTOMIZING_PARTS_SHAPE = 24685
S_LORD_REGISTER_INFO = 24710
S_PARTY_MATCH_LINK = 24808
C_GET_GUILD_WARE_HISTORY = 24839
S_NPC_MENU_SELECT = 24841
S_TRADE_BROKER_CALC_SOLD_ITEM = 24846
S_DESPAWN_GAMBLE_BOX = 24975
C_ADMIN_CHECK_USERNAME = 24993
S_ASK_INTER_PARTY_MAKE = 25058
S_GUILD_NAME = 25151
S_CHAT = 25153
S_BONFIRE_CHARM_BURNED = 25158
S_GUILD_LOG = 25178
S_HIDE_HP = 25252
S_BATTLE_FIELD_ADD_SCORE = 25264
S_END_USER_PROJECTILE = 25292
S_UNION_MYUNION_CONSUL_SKILL_LIST = 25305
S_SOCIAL_CANCEL = 25309
S_BANISH_GUILD_MEMBER = 25330
C_DESPAWN_BUILD_OBJECT = 25341
S_LORD_VOTE_CANDIDATE_LIST = 25345
S_RANK_POINT_STATUS = 25440
C_NOTIFY_LOCATION_IN_ACTION = 25444
C_GET_AOI_INFO = 25475
S_FAIL_CHARM_STATUS = 25483
S_PLAYER_CHANGE_STAMINA = 25537
C_PREMIUM_COMPOSE_CANCEL = 25540
S_TRADE_BROKER_BUY_IT_NOW = 25543
C_CHANGE_CHANNEL_PASSWORD = 25607
C_GAMBLE_TRY = 25676
C_VOTE_DISMISS_PARTY = 25747
C_PROMOTION_RESET = 25766
C_EXPAND_INVEN_SIZE = 25912
C_PCBANGINVENTORY_USE_SLOT = 25927
S_PREPARE_WORKOBJECT = 26040
S_NPC_LOCATION = 26088
C_ENCHANT_BOOSTER_DROP_ITEM = 26142
S_UNION_CHANGE_NOTICE = 26180
S_USER_REPORT = 26200
S_PARTY_LOOTING_METHOD = 26241
C_KICK_CHANNEL_MEMBER = 26279
S_RETURN_PARCEL = 26320
S_COMBATLOG_COMBAT_ENGAGED_MONSTER_LIST = 26333
C_UNREGISTER_VM_BUY_ITEM = 26343
C_PET_INCUBATOR_PUT = 26428
C_PETITION_CHECK_SURVEYABLE = 26434
S_WORLD_QUEST_VILLAGER_INFO = 26463
S_SEND_QUEST_ITEM_INFO = 26491
S_ADMIN_GET_USERINFO_PAPERDOLL = 26613
C_LORD_REGISTER_INFO = 26617
S_ARENA_FIGHT_ABNORMALITY_REFRESH = 26666
S_INIT_SNOW_EVENT_BATTLE_FIELD = 26670
C_GIVE_UP_GUILD_WAR = 26679
S_ADD_UNION_POST_COMMAND_MARKER = 26695
S_UPDATE_VM_SETTING_WINDOW = 26711
S_LOCKON_YOU = 26735
S_CONTENTS_TIMER = 26774
C_GROUP_DUEL_DEL_BETTING_ITEM = 26806
C_VIEW_UNION_INFO = 26864
S_SHOW_TRADE_ITEM = 26908
S_MASSTIGE_STATUS = 26923
S_UNION_SPAWN_MY_EXTRACTOR = 26979
S_LORD_OPEN_REGISTER_WINDOW = 27066
S_GUILD_WARE_HISTORY = 27111
S_CHAPTERHOUSE_QUEST_LIST = 27149
C_CHECK_NEW_GUILDNAME = 27164
S_VILLAGE_LIST_TO_TELEPORT = 27260
C_LORD_CALC_TAX = 27357
S_PETITION_COMPLETE = 27367
S_PARTY_MEMBER_INTERVAL_POS_UPDATE = 27555
S_PUT_INTO_PRISON = 27669
S_REWRITE_ITEM_STRING = 27675
S_END_PEGASUS = 27728
S_REMOVE_CHARM_STATUS = 27758
C_UNION_CONSUL_AUTHORITY_INFO = 27868
C_ADMIN_REQUEST_USERACTION = 27874
S_UNMOUNT_VEHICLE = 27906
S_PLAYER_CHANGE_ALL_PROF = 27948
S_STORE_COMMIT = 27952
S_DARK_RIFT_QUEST_INFO = 28036
S_VIEW_WARE = 28066
C_VIEW_INTER_PARTY_MATCH_DUNGEON_LIST = 28151
C_EXTEND_PARTY = 28175
S_DEL_INTER_PARTY_MATCH_POOL = 28192
S_CHANGE_MODE = 28214
C_LEAVE_PARTY = 28219
S_TEMPER_RESULT = 28261
S_MY_GUILD_INFO = 28297
C_POLITICS_POINT_STORE_BUY_DEL_BASKET = 28302
S_SHOW_CANDIDATE_LIST = 28321
S_ITEMSYNTHESIZER_ADD_MATERIAL = 28407
C_PARTY_MATCH_WINDOW_CLOSED = 28499
S_TRADE_BROKER_REQUEST_DEAL_RESULT = 28622
S_LORD_POLICY_SET = 28639
C_BATTLE_FIELD_POINT_STORE_BUY_DEL_BASKET = 28674
S_SEND_USER_PLAY_TIME = 28688
S_PARTY_MEMBER_LIST = 28712
S_UNION_SHARE_POINT_INFO = 28747
C_REQUEST_TOKEN_TARGET_ITEM = 28854
S_BOSS_GAGE_INFO = 28892
S_PARTY_MEMBER_INFO = 28904
C_RETURN_PARCEL = 28915
S_LOADING_SCREEN_CONTROL_INFO = 29015
S_BIND_ITEM_END = 29022
C_CHANGE_SERVANT_NAME = 29068
S_COUNTDOWN_GROUP_DUEL = 29085
C_ADMIN_REQUEST_CHAT_BAN = 29169
S_OTHER_USER_APPLY_PARTY = 29240
S_SHOW_ITEM_TOOLTIP = 29250
C_PREMIUM_COMPOSE_ADD_ITEM = 29291
S_DESPAWN_DARK_RIFT_CLOUD = 29295
S_LORD_OPEN_VOTE_WINDOW = 29323
S_CHECK_NEW_GUILDNAME = 29355
C_TRADE_BROKER_BOUGHT_ITEM_LIST = 29501
S_BATTLE_FIELD_POINT_STORE_BASKET = 29522
C_CHECK_UNIDENTIFY_ITEMS = 29543
C_CANCEL_DELETE_USER = 29602
C_REUQUEST_JOINED_CHANNEL_LIST = 29651
S_CLEAR_ALL_HOLDED_ABNORMALITY = 29685
C_START_CLIMBING = 29711
S_USER_CHANGE_NAME = 29715
C_GACHA_TRY = 29746
S_ENCHANT_BOOSTER_SUCCESS = 29792
C_ASK_HANCOIN_AMOUNT = 29808
C_MEDAL_STORE_BUY_DEL_BASKET = 29829
C_SHOW_TRADE_LOG = 29852
S_UNION_SHARE_MONEY = 29859
M_PDH_DATA = 29872
S_SHORTCUT_CHANGE = 29915
C_CANCEL_PREPARE_CHANGE_USER_APPEARANCE = 29922
S_ADMIN_NOTICE = 29924
S_MY_DESCRIPTION = 29941
S_FIX_VEHICLE_PROGRESS = 29957
S_UNION_CP_STORE_BASKET = 29958
S_VIEW_INTER_PARTY_MATCH_DUNGOEN_LIST = 29969
S_UPDATE_VM_SELLBUY_WINDOW = 29974
C_BOARD_ITEM_LIST = 29987
S_ABNORMALITY_RESIST = 30064
C_REQUEST_PARTY_INFO = 30104
S_CREATE_PRIVATE_CHANNEL = 30198
C_REQUEST_PARTY_MATCH_INFO_PAGE = 30231
S_DUNGEON_RANK_MESSAGE = 30245
C_REQUEST_PING = 30282
C_REQUEST_USER_PAPERDOLL_INFO = 30309
S_STRONGHOLD_OCCUPATION_BATTLE_FIELD_STRONGHOLD_INFO = 30355
S_SKILL_CHASE_EFFECT_TARGET = 30359
S_ITEMSYNTHESIZER_REQUEST_DROP_MATERIAL = 30398
S_UNION_TAX_WITHDRAW_RESULT = 30456
S_PARTY_MEMBER_ABNORMAL_ADD = 30509
S_TRADE_BROKER_DEAL_INFO_UPDATE = 30510
C_NPCGUILD_LIST = 30521
C_TRY_ITEM_BIDDING = 30585
C_REQUEST_RET_VILLAGE_INFO = 30618
S_SPAWN_NPC = 30673
S_BATTLE_FIELD_USER_LOAD_INFO = 30682
S_SET_GUILDWAR_ACCEPTABLE = 30718
S_SPAWN_DOOR = 30748
C_POINT_STORE_BUY_ADD_BASKET = 30808
C_ADMIN_CHECK_USERNAME_WITH_GAMEID = 30811
S_FIX_VEHICLE_COMPLETE = 30876
S_FIN_ROUND_PVP_BATTLE_FIELD = 30957
S_PARTY_MEMBER_ABNORMAL_REFRESH = 31060
C_START_FIX_VEHICLE = 31075
S_NOTIFY_VM_STATUS = 31113
S_GUARDTOWER_ATTACK_ALARM = 31149
S_SURVEY_QUESTION = 31161
C_EQUIP_ITEM = 31229
C_PDH_QUERY = 31231
S_SPAWN_BONFIRE = 31412
S_GUILD_HISTORY = 31421
S_END_THROUGH_ARBITER_CONTRACT = 31435
S_SHOW_PARTY_MATCH_INFO = 31449
S_GET_AOI_INFO = 31545
C_VIEW_BATTLE_FIELD_RANKING = 31563
S_USER_LOCATION = 31579
S_PARTY_MEMBER_CHANGE_STAMINA = 31609
C_CREST_DISAPPLY_ALL = 31614
C_END_MOVIE = 31686
C_LORD_VOTE_CANDIDATE_LIST = 31714
C_UPDATE_GUILD_PROMOTION = 31732
S_PREPARE_RETURN_TO_LOBBY = 31745
C_REGISTER_VM_SELL_ITEM = 31750
C_UPDATE_MY_DESCRIPTION = 31809
S_UNION_COMPETITION = 31816
C_CANCEL_LOCKON_TARGET = 31832
S_SYSTEM_MESSAGE_LOOT_SPECIAL_ITEM = 31837
S_DUNGEON_STATUS = 31882
S_SPAWN_USER = 31909
C_BATTLE_FIELD_START_OCCUPATION = 32027
S_ADMIN_GET_USERINFO_INVEN = 32071
S_LORD_ACHIEVEMENT_ACCOMPLISHED_LIST = 32082
S_END_DRIVE_AIRSHIP = 32146
C_ADMIN_GET_USER_INFO_LIST_BY_DISTANCE = 32150
S_LEAVE_GUILD = 32230
S_LOAD_CLIENT_ACCOUNT_SETTING = 32235
S_PREVIEW_ITEM = 32334
S_CHANGE_DESTPOS_PROJECTILE = 32351
C_DUNGEON_RANK_SEASON_LIST = 32371
S_DELETE_NPC_FROM_MAP = 32427
S_NPC_SITUATION = 32520
S_START_INVERSE_CAPTURE = 32573
S_SHOW_CHANGE_CHARACTER_UI = 32634
S_DELETE_USER = 32658
C_MERGE_PARTY_TO_RAID = 32718
S_LOAD_DUNGEON_SOUND_HINT = 32723
C_PRESS_SKILL = 32732
S_DESTROY_GUILD = 32770
C_INVENTORY_AUTO_SORT = 32786
C_CUSTOM_USER_CUSTOMIZING = 32798
S_DUNGEON_RANK_RECORDER = 32833
C_ITEMSYNTHESIZER_REQUEST_START = 32923
C_USE_ITEM = 32940
S_KUMAS_BATTLE_FIELD_LOOT_ITEM = 32960
C_BUY_VILLAGER_BUFF = 32975
C_MERGE_ITEM = 32996
S_COMPLETE_VOTE = 33001
S_PLAY_EVENT_SOUND = 33034
S_GUILD_APPLY_LIST = 33122
S_GROUND_EFFECT = 33129
S_VIEW_INTER_PARTY_MATCH_BATTLEFIELD_LIST = 33160
C_DUNGEON_CLEAR_COUNT_LIST = 33212
C_BAN_FROM_GROUP_DUEL = 33258
S_LOAD_TOPO = 33261
S_CANNOT_USE_CHAT_CHANNEL = 33276
S_ASK_TELEPORT = 33295
C_UNION_GET_MYHISTORY = 33328
S_ADD_GUILD_GROUP = 33433
S_VOTE_RESET_ALL_DUNGEON = 33467
C_CREATE_GROUP_DUEL = 33479
C_NOTIFY_SPIRIT_LOCATION_IN_ACTION = 33565
C_TRADE_BROKER_UNREGISTER_ITEM = 33606
C_ADMIN_REQUEST_CUSTOM_BOOKMARK = 33612
S_CHECK_EXTRACT = 33660
C_EXTRACT_UNREGISTER_ITEM = 33790
S_PARTY_LOOTING_METHOD_VOTE = 33801
S_UNION_CONSUL_AUTHORITY_INFO = 33869
S_MEDAL_STORE_SELL_LIST = 33917
C_POLITICS_POINT_STORE_BUY_ADD_BASKET = 33929
C_BROADCAST_CLIMBING = 33953
S_BAN_PARTY = 33976
C_TOGGLE_GROUP_DUEL_SLOT = 34091
S_COMBATLOG_CURRENT_AGGRO_LIST = 34126
S_UNION_START_SKILL = 34129
C_UNION_SUMMARY = 34155
S_CHANGE_LOOT_ITEM_AMOUNT = 34190
C_DEL_TRADE_BAG = 34193
S_REPLY_RET_VILLAGE_INFO = 34237
C_GUILD_APPLY_LIST = 34244
C_SAVE_CHAT_SETTING = 34280
C_MAKE_ITEM_DEPRECATED = 34293
C_GROUP_DUEL_CHANGE_REPRESENT = 34352
S_POLITICS_POINT_STORE_BASKET = 34373
S_CREST_INFO = 34411
S_DEL_TRADE_BAG = 34448
C_SET_SEND_PARCEL_MONEY = 34494
S_LORD_GUARD_INFO = 34522
S_VISITED_SECTION_LIST = 34539
C_LORD_RANK_INFO = 34574
S_SKILL_LEARN_RESULT = 34586
S_ITEM_COLORING_BAG = 34609
S_UNION_CHANGE = 34662
C_TRADE_BROKER_WAITING_ITEM_LIST_PAGE = 34718
C_CHANGE_PARTY_MANAGER = 34723
S_POST_PROCESS_MATERIAL = 34734
S_USER_AIM = 34740
C_BIND_ITEM_BEGIN_PROGRESS = 34916
S_TRADE_BOX = 34939
S_UPDATE_QUEST = 34944
S_BROADCAST_CLIMBING = 34970
S_TRADE_BAG_DONE = 35074
S_SET_RECIPE_BOOKMARK = 35076
C_REPLY_THROUGH_ARBITER_CONTRACT = 35078
C_LORD_CANDIDATE_PLEDGE = 35079
C_CHECK_USERNAME = 35090
S_MINIGAME_RANK_END_POINT = 35092
S_UNION_CP_STORE_SELL_LIST = 35125
S_POINT_STORE_SELL_LIST = 35132
S_LEAVE_PARTY = 35145
S_CANCEL_PARTY_MATCH_POOL = 35261
S_DECOMPOSE_REGISTERED_ITEM = 35276
S_UPDATE_NPCGUILD = 35352
C_CHANGE_USER_NAME = 35488
S_PARCEL_REPORT = 35543
C_ADMIN_VANISH_PET = 35569
C_END_ITEM_BIDDING = 35580
S_ARENA_END_FIGHT = 35703
C_ADMIN = 35732
C_LOAD_TOPO_FIN = 35735
C_TRADE_BROKER_CALC_BOUGHT_ITEM = 35756
C_VEHICLE_EX_ARROW_HIT = 35832
S_NPC_OCCUPIER_INFO = 35847
S_BATTLE_FIELD_USER_ASSIST_EVENT = 35906
S_START_CUSTOMIZING_PARTS_SHAPE = 35952
S_BATTLE_FIELD_STRONGHOLD_EVENT = 35968
S_PLAYER_CHANGE_DRAIN = 35982
S_INIT_STRONGHOLD_OCCUPATION_BATTLE_FIELD = 36013
S_START_CHANGE_USER_APPEARANCE = 36042
S_REPLY_NONDB_ITEM_INFO = 36118
S_PLAY_EFFECT = 36135
C_LORD_CHANGE_GREETINGS = 36166
S_SHOW_TEMPER_WINDOW = 36178
C_ADMIN_GET_USER_INFO_BY_DBID = 36209
S_FESTIVAL_LIST = 36402
C_TELEPORT_TO_VILLAGE = 36409
S_UPDATE_PRODUCE = 36421
S_PLAYER_CHANGE_EXP = 36425
S_RANDOM_PASSIVE_LOCK = 36523
C_PET_ORB_DELETE = 36533
C_REVIVE_NOW = 36542
S_WORK_WORKOBJECT = 36597
S_CANCEL_PREPARE_CHANGE_USER_APPEARANCE = 36633
S_DELETE_FRIEND = 36646
S_ACCEPT_CONTRACT = 36707
S_LOGIN = 36750
S_VOID_GUARD_INFO = 36850
S_VILLAGER_POPUP_DIALOG = 36924
S_BAN_PARTY_MEMBER = 36967
C_SKILL_LEARN_LIST = 36976
C_DIALOG_EVENT = 37005
C_SET_SEND_PARCEL_ITEM = 37071
S_PLAY_SOUND_BYNAME = 37137
S_NOTIFY_BATTLE_FIELD_NPC_DESPAWN = 37161
S_INGAMESHOP_CATEGORY_END = 37170
C_DISTRIBUTOR_ANSWER = 37327
S_PET_MANAGER_SHOW = 37349
S_REPLY_REQUEST_CONTRACT = 37355
S_START_CHAT_BAN = 37356
C_DUNGEON_RANK_RECORD_LIST = 37407
S_LIST_PARCEL = 37408
S_LOAD_CHAT_SETTING = 37424
S_RETURN_TO_LOBBY = 37496
C_ADMIN_CHAT_BAN = 37560
S_CHANGE_PK_INFO = 37793
S_CANNOT_START_SKILL = 37837
S_REMOVE_GUILD_GROUP = 37866
S_ABNORMALITY_END = 37892
C_PARTY_LOOTING_METHOD = 37930
S_TUTORIAL_PLAY_FINISHED = 37951
C_SHOW_INVEN = 37983
C_REIGN_INFO = 37999
S_ADMIN_PRIVILEGE = 38041
C_UNION_CP_STORE_BUY_DEL_BASKET = 38045
C_ENCHANT_BOOSTER_START = 38060
S_POSITION_SWAP = 38087
C_START_DRIVE_AIRSHIP = 38172
S_DARK_RIFT_PROGRESS_STEP_WORLD_NOTI = 38188
C_CHANGE_UNION_MASTERPIECE_SHOP = 38221
S_SHOW_NPC_TO_MAP = 38272
S_PARTY_MEMBER_CHARM_DEL = 38290
C_UNREGISTER_PARTY_INFO = 38328
S_POINT_STORE_BASKET = 38377
S_REMOVE_BLOCKED_USER = 38450
S_SPAWN_EVENT_SEED = 38490
S_GAMBLE_CHANGE_BET_ITEM = 38545
S_NEW_GOLD_RACE_INFO = 38552
C_RIDE_PEGASUS = 38579
C_ITEM_COLORING_ADD_ITEM = 38591
C_REGISTER_PARTY_INFO = 38602
C_GET_IN_SHUTTLE = 38659
S_COUPON_LIST = 38702
S_INSTANT_MOVE = 38765
S_SET_ITEM_BIDDING_FLAG = 38774
S_ASK_QUEST_SHARE = 38841
C_REQUEST_ARENA_BETTING_INFO = 38901
C_PAY_WAREHOUSE_COMMISION = 38908
S_BATTLE_FIELD_SCORE = 38922
C_PLAY_EXECUTE_TEMPER = 38927
S_REIGN_INFO = 38936
S_GROUP_DUEL_RECORD = 38947
S_COLLECTION_PICKEND = 38966
S_MINIGAME_END = 39028
C_JOIN_GROUP_DUEL = 39066
S_UNION_POLICY_INFO = 39084
S_REMOVE_EFFECT = 39104
S_COMBATLOG_START = 39107
S_START_PEGASUS = 39125
S_OPEN_CHANGE_CHARACTER_NAME_POPUP = 39262
C_RELEASE_FROM_PRISON = 39285
S_ROUND_RESULT = 39339
S_CREST_ASK_DISAPPLY_ALL = 39352
S_IS_LORD = 39362
S_UPDATE_FRIEND_INFO = 39384
C_ADD_TRADE_BAG = 39424
C_CAN_CREATE_USER = 39428
S_START_COOLTIME_SKILL = 39430
C_FACIAL_ATTACHMENT = 39466
C_REQUEST_CANDIDATE_LIST = 39504
C_LORD_CANDIDATE_LIST = 39557
S_DEFAULT_ANIM_CHANGE = 39644
C_TRADE_BROKER_DEAL_CONFIRM = 39684
C_DELETE_FRIEND = 39690
S_DAILY_QUEST_COMPLETE_COUNT = 39691
S_INGAMESHOP_PRODUCT_ITEMID = 39696
S_DUNGEON_RANK_END_POINT = 39743
C_CHANGE_CHARACTER = 39781
C_MOVE_WARE_POS = 39789
C_PETITION_CREATE = 39814
S_LORD_CANDIDATE_LIST = 39833
S_CANNON_BATTLE_FIELD_GUARDTOWER_STATUS = 39847
S_BATTLE_FIELD_END_OCCUPATION = 39898
S_TRADE_BROKER_CALC_BOUGHT_ITEM = 39970
C_TEL_CAMP = 39972
S_CHANGE_SERVANT_NAME = 40053
C_ADMIN_WARNING_MESSAGE = 40071
S_CHANGE_UNION_MASTERPIECE_SHOP = 40151
C_APPLY_TITLE = 40170
S_SHOW_PARCEL = 40200
S_END_CHANGE_USER_APPEARANCE = 40226
C_PET_EQUIP = 40238
S_VISIT_NEW_SECTION = 40273
C_GAMBLE_GO = 40305
S_PREPARE_CHANGE_USER_APPEARANCE = 40315
S_SKILL_PERIOD = 40367
S_UPDATE_ACHIEVEMENT_PROGRESS = 40417
S_STAGE_RESULT = 40431
C_SHOW_QUEST_INFO_DIALOG = 40444
S_CREATURE_CHANGE_HP = 40531
S_DUNGEON_RANK_SEASON_LIST = 40554
S_LIST_PARCEL_EX = 40587
C_PARTY_MARKER = 40599
S_CLOSE_VM_SETTING_WINDOW = 40619
S_POST_PROCESS = 40676
C_PET_INCUBATOR_START = 40690
S_INGAME_CHANGE_USER_APPEARANCE_CANCEL = 40731
S_AWESOMIUM_DEBUG_MODE = 40769
S_SYSTEM_MESSAGE_CUSTOM = 40778
S_PARCEL_READ_RECV_STATUS = 40843
S_CHANGE_CHARACTER = 40888
S_USER_BLOCK_LIST = 40902
S_UPDATE_EVENT_SEED_STATE = 40982
S_VIRTUAL_LATENCY = 41023
S_RESULT_CHANGE_CHARACTER_NAME = 41033
S_FIN_STRONGHOLD_OCCUPATION_BATTLE_FIELD = 41038
S_UNION_GET_MYHISTORY = 41063
C_PETITION_COMPLETE_CONFIRM = 41074
S_DARK_RIFT_JOIN_LIST = 41151
S_LORD_OPEN_CANDIDATE_WINDOW = 41264
S_REQUEST_WRITE_BOARD_RESULT = 41304
C_REMOVE_GUILDGROUP = 41336
C_BATTLE_FIELD_HELP = 41344
C_TRADE_BROKER_REJECT_SUGGEST = 41392
C_APPLY_GUILD = 41434
C_RECOMMEND_USER_GUILD = 41522
S_MY_PARTY_MATCH_INFO = 41571
S_TRADE_BROKER_CALC_NOTIFY = 41621
S_TRADE_ACCEPT = 41622
S_PETITION_CHECK_CREATABLE = 41653
S_SUGGEST_UNION_POST_PARTY_MATCHING = 41683
C_PREVIEW_ITEM = 41687
S_UNION_SUMMARY = 41697
S_HOLD_ABNORMALITY_ADD = 41781
C_CHANGE_FRIEND_MEMO = 41791
S_MINIGAME_WAIT = 41841
S_COUPON_DATA = 41848
S_RECEIVE_TOKEN_TARGET_ITEM = 41849
C_CANCEL_REVIVE = 41856
C_LORD_VOTE = 41861
S_DESPAWN_EVENT_SEED = 41884
C_TRY_LOOT_DROPITEM = 41901
S_ADMIN_GET_USERINFO_QUEST = 41928
S_EXIT = 41929
S_START_GUILD_WAR = 42010
S_END_CHAT_BAN = 42067
C_COLLECTION_PICKEND = 42092
S_REQUEST_UPDATE_CUSTOM_USER_CUSTOMIZING = 42093
S_PET_DURABILITY_CHANGE = 42137
S_COMBATLOG_ADD_VALUE = 42156
C_EQUIP_ITEM_SET = 42177
S_SELECT_CHANNEL = 42236
C_CHECK_TO_READY_PARTY_ANSWER = 42285
C_REQUEST_REFRESH_GUILD_DATA = 42301
C_SOCIAL = 42342
C_REQUEST_GUILD_LIST_SORT = 42402
C_TRADE_BAG_DONE = 42410
C_DECOMPOSITION_ITEM = 42451
S_ADMIN_CHECK_USERNAME = 42472
S_LOAD_TELEPORT_TO_POS_LIST = 42490
S_VIEW_MY_GUILD_WAR = 42549
C_POLITICS_POINT_STORE_COMMIT = 42552
C_MAIN_MENU_COMMAND = 42554
S_SHOW_TRADE_LOG = 42585
S_CANNON_BATTLE_FIELD_STRONGHOLD_INFO = 42596
S_CREATURE_LIFE = 42605
S_AVAILABLE_SOCIAL_LIST = 42612
S_BIND_ITEM_BEGIN = 42619
S_RESTORE_CUSTOMIZING_PARTS_SHAPE = 42623
S_BATTLE_FIELD_STRONGHOLD_STATE = 42650
C_ADD_FRIEND = 42715
S_VILLAGER_BUFF_INFO = 42875
C_UPDATE_CONTENTS_PLAYTIME = 42876
S_RESULT_USABLE_CHARACTER_NAME = 42931
S_LEAVE_PARTY_MEMBER = 42936
C_BATTLE_FIELD_CANCEL_OCCUPATION = 42937
C_SHOW_STYLE = 43003
S_REMAIN_PLAY_TIME = 43016
C_VIEW_BATTLE_FIELD_RANKING_SERVER_LIST = 43019
C_LIST_PARCEL = 43020
C_PET_REPAIR = 43024
S_GUILD_INFO = 43074
S_ADMIN_DEFAULT_BOOKMARK_LIST = 43131
C_BATTLE_FIELD_MAP_ALARM = 43159
C_LEAVE_GUILD = 43161
C_CANCEL_SKILL = 43200
S_NPC_TRANSLATIONZ = 43216
C_LORD_ACHIEVEMENT_ACCOMPLISHED_LIST = 43224
C_SPAWN_BUILD_OBJECT = 43244
C_ITEMSYNTHESIZER_REQUEST_DROP_MATERIAL = 43269
S_UNION_COLLECTED_EXTRACTOR_POS = 43289
S_NOTIFY_QUEST_RESTART = 43306
S_INVEN = 43312
S_DARK_RIFT_RESERVE_MAP_MARKER_WORLD_NOTI = 43391
S_ASK_BIDDING_RARE_ITEM = 43395
S_SEND_PARCEL = 43447
C_PETITION_CHAT_USER_MESSAGE = 43456
S_CREATE_GUILD_RESULT = 43475
C_EXECUTE_TEMPER = 43503
C_NPC_CONTACT = 43520
S_UNION_SHARE_POINT = 43528
S_PK_READY = 43539
S_PETITION_CHAT_BEGIN = 43555
C_GACHA_CANCEL = 43668
S_PREPARE_INGAME_CHANGE_USER_APPEARANCE = 43677
S_ABNORMALITY_BEGIN = 43713
C_GROUP_DUEL_RECORD = 43747
C_SUGGEST_DARK_RIFT_PARTY_MATCHING = 43777
C_DUNGEON_COOL_TIME_LIST = 43781
C_ITEMSYNTHESIZER_REQUEST_CANCEL = 43800
S_BOSS_BATTLE_INFO = 43841
C_START_SKILL = 43871
S_START_LEVEL_COMPENSATION = 43891
C_START_COMMANDER_SKILL = 43893
C_REQUEST_USER_PAPERDOLL_INFO_WITH_GAMEID = 43905
C_INGAME_CHANGE_USER_APPEARANCE_CANCEL = 43915
S_ADMIN_GET_USER_INFO_BY_DBID = 43976
S_BOARD_ITEM_LIST = 43994
C_SUGGEST_UNION_POST_PARTY_MATCHING = 44022
S_COMPLETE_QUEST = 44047
S_ITEMSYNTHESIZER_RESULT = 44050
C_PARTY_LOOTING_METHOD_VOTE = 44053
S_RESULT_ITEM_COLORING = 44058
S_NPC_CHANGE_MESH = 44074
S_CHANGE_SERVANT_ENERGY = 44131
S_BUY_INGAMESTORE_MONEYPRODUCT = 44141
S_INSTANT_PULL = 44168
S_ADMIN_CUSTOM_BOOKMARK_LIST = 44171
C_SHOW_ITEM_TOOLTIP = 44178
S_SYSTEM_MESSAGE = 44180
S_NPC_RESPAWN_PLAN_ALARM = 44188
S_PRODUCE_CRITICAL = 44203
C_CHANGE_VM_MODE = 44220
S_CREATURE_ROTATE = 44233
S_ARTISAN_SKILL_LIST = 44287
C_HIT_USER_PROJECTILE = 44338
C_ADD_TO_TEMPER_MATERIAL_EX = 44364
C_SET_GUILDWAR_ACCEPTABLE = 44404
S_ARENA_RESULT = 44443
S_TRADE_BROKER_WAITING_ITEM_LIST = 44458
S_NPC_TARGET_USER = 44573
C_CONFIRM_UPDATE_NOTIFICATION = 44581
S_STOP_VM = 44590
S_PARTY_MEMBER_QUEST_DATA = 44594
S_INGAMESHOP_PRODUCT_END = 44688
S_USER_ITEM_EQUIP_CHANGER = 44714
S_UPDATE_GUILD_GROUP = 44722
S_PETITION_FORCE_CREATE = 44738
C_MEDAL_STORE_BUY_ADD_BASKET = 44798
S_COMPLETED_MISSION_INFO = 44816
S_VM_BUY_BASKET_INFO = 44839
C_PING = 44848
S_DESPAWN_USER = 44855
C_REQUEST_PARTY_MATCH_INFO = 44859
S_PETITION_CREATE = 44922
S_WAITING_LIST = 44928
S_ADMIN_GM_SKILL = 44937
S_CANNOT_EQUIP_SAMEKIND = 44962
S_OP_COMMAND = 44965
S_ACCOMPLISH_ACHIEVEMENT = 44967
S_SERVER_TIME = 44971
C_ANSWER_CODE_HASH = 45001
S_SOCIAL = 45002
C_REQUEST_USABLE_CHARACTER_NAME = 45004
S_STORE_BASKET = 45009
C_PK_DECLARE = 45032
C_CREST_APPLY = 45071
S_REWARDNPC_SPAWN_ALARM = 45079
S_CHANGE_RELATION = 45154
S_EVENT_INFO = 45173
S_PLAY_ANIMATION = 45200
S_CANCEL_VOTE_RESET_ALL_DUNGEON = 45227
S_DIALOG = 45238
S_START_VM_SELL = 45245
S_LOOT_DROPITEM = 45251
C_REQUEST_COUPON_LIST = 45292
S_DESPAWN_BONFIRE = 45326
C_TRADE_BROKER_HISTORY_ITEM_LIST_PAGE = 45360
S_UPDATE_GAMBLE_BOX_STATE = 45384
S_RESULT_INGAME_CHANGE_USER_APPEARANCE = 45432
S_FINDNAME = 45444
S_GHOST = 45446
S_CHANGE_USER_NAME_RESULT = 45487
S_GROUP_DUEL_FIN = 45490
S_CANCEL_PARTY_LOOTING_METHOD_VOTE = 45588
C_CREST_APPLY_LIST = 45589
S_ADMIN_GET_USERINFO_WAREHOUSE = 45599
S_FATIGABILITY_POINT = 45609
S_GROUP_DUEL_CURRENT_BETTING_ITEM = 45622
S_PET_INCUBATOR_INFO_CHANGE = 45639
C_BLOCK_USER = 45671
S_ABNORMALITY_REFRESH = 45673
S_EMPTY_GUILD_WINDOW = 45675
S_COMPLETE_LOOP_QUEST = 45677
C_REPLY_INTER_PARTY_MAKE = 45690
C_VOTE_HISTORY = 45817
C_START_SKILL_BY_VEHICLE_EX = 45853
C_USE_RIGHT_ITEM = 45866
C_CHAT = 45890
C_LORD_CHANGE_POLICY = 45918
S_PREMIUM_COMPOSE_DEL_ITEM = 45940
S_SEND_CHANGE_REPUTATION_POINT = 45982
S_SKILL_LIST = 46000
C_MAKE_MONEY_DEPRECATED = 46001
C_TELEPORT_TO_CAMP = 46072
S_VIEW_BATTLE_FIELD_RANKING = 46091
S_NPC_SCALE = 46119
C_TRADE_BROKER_CALC_SOLD_ITEM = 46155
C_START_TARGETED_SKILL = 46185
S_MOUNT_VEHICLE = 46196
S_CREST_APPLY = 46212
C_RECOMMEND_GUILD = 46263
S_QUEST_EVENT_MESSAGE = 46278
S_PARTY_NOTIFY_MY_POSITION = 46301
S_VIEW_GUILD_WAR = 46326
S_USER_STATUS = 46331
C_PROMOTION_CANCEL = 46339
C_MOVE_INVEN_POS = 46407
S_SET_AWESOMIUM_WEB_URL = 46414
S_PREMIUM_COMPOSE_START = 46439
S_DESPAWN_DOOR = 46481
S_GET_USER_LIST = 46488
S_PK_TAG = 46492
S_CURRENT_ELECTION_STATE = 46519
S_QUEST_VILLAGER_INFO = 46533
C_WHISPER = 46547
S_CURRENT_CHANNEL = 46548
S_USER_ITEMLEVEL_INFO = 46578
C_MEDAL_STORE_COMMIT = 46582
C_REQUEST_COUPON_DATA = 46585
C_REQUEST_DICE_THROW = 46586
C_SAVE_CLIENT_ACCOUNT_SETTING = 46649
C_UNIDENTIFY_EXECUTE = 46659
S_COLLECTION_PROGRESS = 46665
C_SHOW_PARCEL_MESSAGE = 46709
S_TARGET_INFO = 46721
S_UPDATE_VM_STATUS = 46751
C_PONG = 46766
C_START_VM_BUY = 46775
S_SKILL_CATEGORY = 46829
S_WATCHED_MOVIES = 46897
S_TOKEN_POINT_STATUS = 46955
C_UNION_MYUNION_CONSUL_SKILL_LIST = 46958
S_ARENA_START_FIGHT = 46996
S_PARTY_MEMBER_ABNORMAL_DEL = 47013
C_REQUEST_WRITE_BOARD = 47082
S_TRADE_BAG_CLOSE = 47107
C_CURRENT_CHANNEL = 47112
C_MERGE_ITEM_EXECUTE = 47138
S_DESPAWN_WORKOBJECT = 47260
C_UNION_CP_STORE_COMMIT = 47294
S_END_FIX_VEHICLE = 47306
S_PLAYER_STAT_UPDATE = 47321
C_REPLY_TELEPORT_WALK_THROUGH = 47329
C_RANDOM_PASSIVE_LOCK = 47366
S_VIEW_WARE_EX = 47396
S_CUSTOM_MESSAGE = 47487
S_PARTY_MEMBER_CHANGE_HP = 47493
S_GATE_ATTACK_ALARM = 47519
C_SET_ITEM_STRING = 47679
S_END_LEVEL_COMPENSATION = 47683
S_CAN_CREATE_USER = 47687
C_GET_OUT_SHUTTLE = 47710
S_CHANGE_GUILDNAME = 47737
C_ADMIN_HOLD_CHARACTER = 47745
S_DISTRIBUTOR_DATA = 47793
S_SKILL_ATTENTION_TARGET = 47816
S_PET_INFO_CLEAR = 47825
S_DIALOG_EVENT = 47827
C_APPLY_PARTY = 47907
S_PARTY_MEMBER_CHARM_RESET = 47918
S_ADD_INTER_PARTY_MATCH_POOL = 47921
C_RESET_ALL_DUNGEON = 47928
S_PLAYER_CHANGE_EP = 47929
C_REQUEST_PARTY_MATCH_LINK = 47938
S_REQUEST_CHANNEL_INFO = 47962
S_ENCHANT_BOOSTER_DROP_ITEM = 47968
C_HARDWARE_INFO = 48042
S_CANCEL_EXIT = 48057
S_GUILD_ANNOUNCE = 48071
C_CLOSE_SEND_PARCEL = 48096
C_ADD_TELEPORT_TO_POS_LIST = 48102
C_POINT_STORE_BUY_DEL_BASKET = 48111
S_DUNGEON_COOL_TIME_LIST = 48180
S_INTEREST_INFO = 48181
S_VOTE_HISTORY = 48302
C_PLAY_TIME = 48309
S_START_COOLTIME_ITEM = 48345
S_SET_NEW_TERA_USER = 48418
C_DUEL_CANCEL = 48447
S_SHOW_AWESOMIUMWEB_SHOP = 48461
C_CHANGE_ITEM_COLORING_POTION = 48489
S_TRADE_BROKER_SOLD_ITEM_LIST = 48502
C_REWRITE_ITEM_STRING = 48536
C_DISMISS_PARTY = 48538
C_UNMOUNT_VEHICLE = 48550
S_INSTANCE_ARROW = 48596
S_PK_DECLARE_COUNT = 48621
C_JOIN_UNION = 48679
S_DIALOG_CLOSE = 48684
C_TRADE_BROKER_WAITING_ITEM_LIST_NEW = 48726
C_CANCEL_RETURN_TO_LOBBY = 48751
S_LOGOUT_PARTY_MEMBER = 48774
C_ADMIN_ADD_CUSTOM_BOOKMARK = 48787
S_BATTLE_FIELD_USER_KILL_EVENT = 48817
S_UPDATE_GUILD_MEMBER = 48820
C_SETTLE_UP_BUY_VM = 48843
S_AERO = 48853
S_ACCOUNT_BENEFIT_LIST = 48886
C_COMPLETE_QUEST = 48940
C_START_COMBO_INSTANT_SKILL = 48956
C_RETURN_TO_LOBBY = 49007
S_RESULT_BIDDING_DICE_THROW = 49048
S_SYNC_PEGASUS_TIME = 49060
S_GET_OUT_SHUTTLE = 49063
S_TOGGLE_TASK_INFO_WINDOW = 49104
S_PREMIUM_COMPOSE_RESULT = 49109
C_SKILL_LEARN_REQUEST = 49117
C_PET_UNEQUIP = 49142
S_PRIVATE_CHAT = 49148
S_ENCHANT_SCROLL_RESULT = 49151
C_DECOMPOSE_UNREGISTER_ITEM = 49171
S_DESPAWN_PET = 49197
C_REPLY_TELEPORT = 49222
S_INGAMESHOP_CATEGORY_DATA = 49227
C_UNION_SHARE_MONEY_CONFIRM = 49234
S_VIEW_COMBINE_BATTLE_FIELD_RANKING = 49261
S_FACIAL_ATTACHMENT_BROADCAST = 49264
S_END_CUSTOMIZING_PARTS_SHAPE = 49268
S_TEMPER_MATERIALS = 49277
S_ARTISAN_RECIPE_LIST = 49301
S_SPAWN_SHUTTLE = 49303
S_REMOVE_SOUND_BYNAME = 49306
S_PK_END = 49372
S_OPEN_VM_SELLBUY_WINDOW = 49383
C_START_INSTANCE_SKILL = 49403
C_PARCEL_REPORT = 49449
C_CHECK_EXTRACT = 49463
S_EMITTER = 49465
S_ITEM_IDENTIFY_RESULT = 49488
S_SHOW_ARTISAN_MENU = 49502
S_SPAWN_PET = 49545
C_LEAVE_TELEPORTTERRITORY = 49568
S_BATTLE_FIELD_NPC_KILL_EVENT = 49616
S_INSTANT_DASH = 49650
S_CAMERA_SHAKE = 49676
C_VIEW_INTER_PARTY_MATCH_BATTLEFIELD_LIST = 49780
S_SKILL_TARGETING_AREA = 49788
S_QUEST_INFO = 49807
S_RESET_SKILL = 49811
C_CANCEL_TEMPER = 49824
C_QUERY_COIN = 49858
C_STORE_SELL_DEL_BASKET = 49879
C_DELETE_PARCEL = 49905
S_VM_SELL_BASKET_INFO = 49922
S_ROUND_PVP_BATTLE_FIELD_BOARD = 49923
S_UNION_POLITICAL_INFO = 49940
S_INGAME_CHANGE_USER_APPEARANCE_START = 49947
S_LORD_CANDIDATE_PLEDGE = 49982
C_SETTLE_UP_SELL_VM = 49988
C_SET_TARGET_INFO = 49998
S_ITEM_EXTRACT = 50016
S_MOUNT_VEHICLE_EX = 50050
C_STORE_SELL_ADD_BASKET = 50082
S_ROUND_PVP_BATTLE_FIELD_RESULT = 50103
S_CHANGE_NAME_STRING = 50121
C_REQUEST_MY_PARTY_MATCH_INFO = 50165
C_ADD_INTER_PARTY_MATCH_POOL = 50181
C_ACCEPT_CONTRACT = 50196
C_POINT_STORE_COMMIT = 50246
S_ADD_GUILD_MEMBER = 50292
S_UPDATE_PARTY_MEMBER_QUEST_DATA = 50310
C_REQUEST_ACHIEVEMENT_LIST = 50345
C_LOGIN_WORLD = 50367
C_PUT_INTO_PRISON = 50371
C_SELECT_CHANNEL = 50394
S_UNION_PRE_CONSUL_LIST = 50413
C_PROMOTION_START = 50477
C_REQUEST_INGAMESTORE_PRODUCT_DETAIL = 50495
S_START_ACTION_SCRIPT = 50513
S_JOIN_PRIVATE_CHANNEL = 50575
S_UNION_SHARE_MONEY_INFO = 50583
S_UNMOUNT_VEHICLE_EX = 50608
S_PARTY_MEMBER_STAT_UPDATE = 50649
S_SET_ITEM_STRING = 50689
C_USER_AIM = 50693
S_FEARMOVE_END = 50748
S_DUEL_END = 50762
C_PREMIUM_COMPOSE_DEL_ITEM = 50781
S_MY_CONDITION = 50815
S_LORD_RANK_INFO = 50817
S_SET_SEND_PARCEL_ITEM = 50822
S_FIN_INTER_PARTY_MATCH = 50955
S_CAN_LOCKON_TARGET = 50968
S_PROMOTION_INFO = 51050
C_CHANGE_PARTY_MEMBER_AUTHORITY = 51064
S_ENABLE_DISABLE_SELLABLE_ITEM_LIST = 51076
S_ASK_CODE_HASH = 51136
S_BATTLE_FIELD_MAP_ALARM = 51140
C_REQUEST_COOLTIME_TO_JOIN_GUILD = 51160
S_SHOW_HP = 51168
S_CANNON_BATTLE_FIELD_BOARD = 51226
S_OPEN_GUARD_INFO_WINDOW = 51286
C_SHOW_AWESOMIUMWEB_SHOP = 51291
C_PET_USE_ORB = 51296
C_CANCEL_CHANGE_USER_APPEARANCE = 51318
C_STORE_BUY_ADD_BASKET = 51339
S_UNION_PK = 51368
C_ENTER_TELEPORTTERRITORY = 51399
S_PLAY_MOVIE = 51422
S_SHOW_DEAD_UI = 51488
C_CANCEL_QUEST = 51510
S_GAMBLE_RESULT = 51520
S_DELETE_QUEST = 51526
S_FEUDAL_LORD_FLAG_INFO = 51536
C_AWESOMIUM_WEB_COUNTING = 51562
S_BETTING_INFO = 51583
S_TRADE_BROKER_DEAL_SUGGESTED = 51607
C_REQUEST_UPDATE_INTRODUCE = 51628
C_UNION_COMPETITION = 51798
S_SPAWN_WORKOBJECT = 51850
C_CHECK_TO_READY_PARTY = 51857
C_TRADE_BROKER_CLOSE = 51867
C_BIND_ITEM_EXECUTE = 51950
C_SET_RECIPE_BOOKMARK = 51977
C_UPDATE_FRIEND_INFO = 51983
C_WATCHED_MOVIES = 52007
C_UNION_SHARE_POINT = 52025
S_INIT_CANNON_BATTLE_FIELD = 52188
C_CREATE_USER = 52205
C_PETITION_CHECK_CREATABLE = 52233
S_SNOW_EVENT_BATTLE_FIELD_RESULT = 52238
C_EXIT = 52258
S_START_USER_PROJECTILE = 52269
S_LOCKON_ARROW = 52344
C_SET_VISIBLE_RANGE = 52384
C_ADMIN_KILL_NPC = 52399
S_CONTROL_DOOR = 52451
S_LOGIN_ARBITER = 52497
S_TRADE_MESSAGE = 52524
C_VIEW_BATTLE_FIELD_RESULT = 52531
S_CREST_MESSAGE = 52584
S_PK_DECLARE = 52653
S_INVEN_CHANGEDSLOT = 52754
C_SLASH_COMMAND = 52764
C_COMBATLOG_USER_INFO_RESET = 52769
S_CANCEL_CONTRACT = 52846
S_COLLECTION_PICKSTART = 52911
S_PLAYER_CHANGE_PROF = 53103
S_NPCGUILD_LIST = 53107
S_DARK_RIFT_CLEAR_MAP_MARKER_WORLD_NOTI = 53154
C_PUT_WARE_ITEM = 53193
S_PLAYER_AUTOPILOT = 53202
C_TRADE_BROKER_BUY_IT_NOW = 53203
S_LEAVE_PRIVATE_CHANNEL = 53223
C_GAMBLE_CANCEL = 53267
S_PARTY_INFO = 53286
S_STAGE_START = 53339
C_CANCEL_SELECT_CHANNEL = 53366
C_CREATE_GUILDGROUP = 53370
S_ABNORMALITY_PC_SCALE_UP = 53387
C_UNION_CP_STORE_BUY_ADD_BASKET = 53389
S_PARTY_MEMBER_BUFF_UPDATE = 53390
C_REQUEST_GUILD_LIST_PAGE = 53399
C_UNION_CHANGE_TAXRATE = 53443
S_NEED_WAREHOUSE_COMMISION = 53470
S_ARENA_FIGHT_ABNORMALITY_BEGIN = 53586
S_SPAWN_DARK_RIFT_CLOUD = 53611
C_GROUP_DUEL_BETTING = 53614
C_TRADE_BROKER_HISTORY_ITEM_LIST_NEW = 53651
C_LORD_GUARD_INFO = 53667
C_REQUEST_GUILD_LIST = 53711
C_PET_INCUBATOR_TAKEALL = 53716
C_DEL_INTER_PARTY_MATCH_POOL = 53746
S_CANCEL_SELECT_CHANNEL = 53782
S_LOAD_ACHIEVEMENT_LIST = 53787
C_DELETE_COUPON = 53798
C_MOUNT_VEHICLE_EX = 53843
S_ENCHANT_BOOSTER_STATUS = 53893
C_SET_SEND_PARCEL_TYPE = 53951
C_CHANGE_MODE = 53959
S_ARENA_FIGHTER_CHANGE_HP = 53968
C_START_DECOMPOSE = 53980
S_ADD_TRADE_BAG = 54026
C_COMMIT_VM_TRADE = 54035
S_ADD_BLOCKED_USER = 54052
S_LIST_CHANNEL = 54082
S_GET_IN_SHUTTLE = 54135
S_REQUEST_CONTRACT = 54145
S_TRADE_BROKER_HISTORY_ITEM_LIST = 54146
S_DARK_RIFT_DESPAWN_WORLD_NOTI = 54167
S_TELEPORT_TO_CAMP = 54172
S_ADMIN_GET_USER_INFO_LIST_BY_DISTANCE = 54194
C_ENTER_DUNGEON = 54209
S_PLAYER_CHANGE_MP = 54218
S_PCBANGINVENTORY_DATALIST = 54268
S_MOVE_DISTANCE_DELTA = 54291
C_REQUEST_IMAGE_DATA = 54342
S_ASK_BANNING_PARTY_MEMBER = 54359
S_SPAWN_ME = 54377
C_EXTRACT_REGISTER_ITEM = 54383
C_UNEQUIP_ITEM = 54417
C_SURVEY_ANSWER = 54432
C_ADMIN_GM_MAPTELEPORT = 54433
S_APPLY_TITLE = 54486
S_BATTLE_FIELD_CHANGE_NPC_HP_EVENT = 54508
S_PK_POINT = 54554
S_DESPAWN_COLLECTION = 54559
C_WRITE_BOARD = 54628
S_DECOMPOSITION_ITEM_RESULT = 54651
S_PARTY_MEMBER_CHARM_ADD = 54676
S_KUMAS_BATTLE_FIELD_RESULT = 54713
S_NPC_AI_EVENT = 54731
C_ADMIN_REQUEST_USERINFO = 54733
S_STR_EVALUATE_LIST = 54744
S_ACCOUNT_PACKAGE_LIST = 54850
S_BONFIRE_STATUS = 54857
S_SHOW_PARCEL_MESSAGE = 54874
S_PET_STOP_ALERT = 54878
C_FINDNAME = 54927
C_START_VM_SELL = 54947
S_ANNOUNCE_UPDATE_NOTIFICATION = 54953
S_USER_SITUATION = 54956
C_ADMIN_GM_TELEPORT = 54988
S_BATTLE_FIELD_TEAM_MEMBERS_POS_INFO = 55005
C_ITEM_COLORING_REMOVE_ITEM = 55039
C_DECOMPOSE_REGISTER_ITEM = 55116
S_END_GUILD_WAR = 55137
C_COMMIT_CHANGE_USER_APPEARANCE = 55159
S_RENAME_ITEMSTRING_START = 55169
S_NOTIFY_BATTLE_FIELD_NPC_SPAWN = 55184
C_DEL_ITEM = 55235
S_PREMIUM_COMPOSE_ADD_ITEM = 55256
S_USE_RIGHT_ITEM = 55288
S_RESPONSE_PONG = 55356
S_PREPARE_SELECT_CHANNEL = 55364
C_CANCEL_EXIT = 55395
S_CANCEL_RETURN_TO_LOBBY = 55431
C_CANCEL_CONTRACT = 55472
S_DUNGEON_CLEAR_COUNT_LIST = 55497
C_BUY_INGAMESTORE_TCATPRODUCT = 55530
C_PARTY_NOTIFY_MY_POSITION = 55554
S_START_CLIMBING = 55592
S_SET_SEND_PARCEL_MONEY = 55596
S_UNION_SHARE_MONEY_CONFIRM = 55614
C_UNMOUNT_VEHICLE_EX = 55626
C_UNREGIST_CUSTOMIZING_PARTS_SHAPE_ITEM = 55640
S_EQUIP_ITEM_SET = 55647
S_SNOW_EVENT_BATTLE_FIELD_SPAWN_USER = 55648
S_VEHICLE_EX_ARROW = 55662
S_BATTLE_FIELD_STRONGHOLD_NONE_STATE = 55691
C_ANSWER_BANNING_PARTY_MEMBER = 55700
S_USE_CHRONOSCROLL_RESULT = 55724
C_PET_ORB_ATTACH = 55758
C_LEAVE_GROUP_DUEL = 55833
S_VIEW_BATTLE_FIELD_RESULT = 55839
S_PETITION_CHECK_SURVEYABLE = 55886
S_USER_APPEARANCE_CHANGE = 55893
S_CHECK_USERNAME = 55939
S_INITIALIZE_AWESOMIUM = 55947
C_CHECK_CHANGE_GUILDNAME = 55992
C_BIND_ITEM_CANCEL = 56061
S_CANNON_BATTLE_FIELD_CRASH_DOOR = 56093
C_VIEW_COMBINE_BATTLE_FIELD_RANKING = 56161
C_REQUEST_LATEST_UPDATE_NOTIFICATION = 56196
S_ADMIN_HOLD_CHARACTER = 56226
C_TRADE_BROKER_HISTORY_ITEM_LIST_SORT = 56235
S_F2P_PremiumUser_Permission = 56243
C_USE_COUPON = 56348
S_DUEL_START = 56388
C_ITEM_COLORING_SET_COLOR = 56448
S_COMBATLOG_USER_INFO = 56582
S_FIN_KUMAS_BATTLE_FIELD = 56625
S_CLEAR_WORLD_QUEST_VILLAGER_INFO = 56629
S_FAIL_LOOT_NON_OWNERSHIP = 56643
S_UNION_STATE_UPDATE = 56676
C_UNION_CHANGE_POLICYINFO = 56678
S_MODIFY_INTER_PARTY_MATCH_POOL = 56704
S_TRADE_BROKER_HIGHEST_ITEM_LEVEL = 56706
S_PETITION_CANCEL = 56728
S_MATERIAL_CHANGE = 56734
S_SPAWN_DROPITEM = 56740
C_START_GUILD_WAR = 56749
S_BATTLE_FIELD_CANCEL_OCCUPATION = 56875
S_USER_EFFECT = 56884
S_SUGGEST_DARK_RIFT_PARTY_MATCHING = 56969
C_INGAME_CHANGE_USER_APPEARANCE_TRY = 56981
S_PING = 57002
S_TRADE_BROKER_SUGGEST_DEAL = 57028
S_MATERIAL_PARAM_CHANGE = 57047
C_REQUEST_SHARE_QUEST = 57077
S_PET_INFO_CHANGE = 57127
S_PET_INCUBATOR_SHOW = 57175
S_PUT_WARE_ITEM = 57277
S_BATTLE_FIELD_POINT_STORE_SELL_LIST = 57312
C_SWAP_PARTY = 57376
C_USER_REPORT = 57385
S_START_DRIVE_AIRSHIP = 57398
S_PK_START = 57455
S_MOVE_SHUTTLE = 57488
S_END_RESTORE_CUSTOMIZING_PARTS_SHAPE = 57524
S_STRONGHOLD_OCCUPATION_BATTLE_FIELD_BOARD = 57527
S_ITEM_DECOMPOSE = 57535
S_DUNGEON_RANK_RECORD_LIST = 57555
S_FEARMOVE_STAGE = 57573
C_ADMIN_REMOVE_NPC = 57574
S_ADD_FRIEND = 57591
S_ITEM_RESET_RESULT = 57631
S_SPAWN_SERVANT = 57670
C_PROMOTION_INFO = 57682
C_BUY_INGAMESTORE_MONEYPRODUCT = 57687
S_PLAYER_CUSTOM_ITEM_SLOT = 57764
S_SEND_CHANGE_REPUTATION_EXP = 57792
C_SET_GUILD_JOIN_ACCEPT = 57837
S_ITEMSYNTHESIZER_START = 57847
S_PETITION_INFO = 57865
C_GET_WARE_ITEM = 57893
S_DARK_RIFT_SPAWN_WORLD_NOTI = 57908
S_GRANT_SKILL = 57945
S_NOTIFY_DISCONNECT_BY_LEVEL_LIMIT = 58016
S_MEDAL_STORE_BASKET = 58035
S_SELECT_USER = 58061
C_OP_COMMAND = 58077
S_PARTY_MARKER = 58093
C_TOGGLE_GROUP_DUEL_READY = 58123
S_UNION_STATE_INFO = 58255
S_BATTLE_FIELD_STATE = 58257
C_CHANGE_GROUP_DUEL_SETTING = 58267
S_SUCCESS_COUNTER = 58288
S_EQUIP_ITEM = 58319
S_BOSS_GAGE_STACK_INFO = 58347
S_SYSTEM_MESSAGE_LOOT_ITEM = 58403
S_OPEN_CREST_WINDOW = 58408
C_PREMIUM_COMPOSE_RESET = 58431
S_MERGE_PARTY_TO_RAID = 58464
C_CHECK_TO_START_GUILD_WAR = 58497
S_LORD_TAX_SET = 58507
S_ABNORMALITY_EXTRA = 58509
S_UNIDENTIFY_EXECUTE = 58530
S_DARK_RIFT_AVAILABLE_QUEST_USER_COUNT = 58532
C_SERVANT_ABILITY = 58590
C_END_CUSTOMIZING_PARTS_SHAPE = 58624
S_ENEMY_BATTLE_FIELD_COMMANDER_CHANGED = 58648
C_SHOW_ITEM_TOOLTIP_EX = 58669
S_ABNORMALITY_FAIL = 58703
S_SWITCH_INFO = 58778
S_PLAY_SOUND = 58794
S_REQUEST_COOLTIME_TO_JOIN_GUILD = 58807
C_ADD_ITEM_TO_VM_BUY_BASKET = 58817
C_REQUEST_PERF = 58911
S_ENCHANT_BOOSTER_REGISTER_ITEM = 58922
S_EXTRACT_REGISTERED_ITEM = 58945
C_UNION_TAX_WITHDRAW = 58974
S_BATTLE_FIELD_JACKPOT_EVENT_START = 59083
S_MINIGAME_START = 59085
S_ARENA_OPTIMIZATION = 59092
S_FREENAMED_STATUS = 59128
S_SYS_PARTY_INFO = 59147
S_QUEST_BALLOON = 59155
C_VIEW_WARE = 59280
C_CANCEL_FIX_VEHICLE = 59296
S_CHECK_UNIDENTIFY_ITEMS = 59302
S_NPC_STATUS = 59353
C_REMOVE_ITEM_FROM_VM_BUY_BASKET = 59354
C_RECV_PARCEL = 59410
S_WHISPER = 59443
C_ACCEPT_GUILD_APPLY = 59460
S_DESPAWN_BUILD_OBJECT = 59524
S_UNION_POST_BATTLE_INFO = 59572
C_UNION_START_SKILL = 59602
S_ENABLE_CHARM_STATUS = 59606
C_RENAME_TELEPORT_TO_POS_LIST = 59618
C_STORE_COMMIT = 59662
S_MINIGAME_FAIL = 59671
C_TRADE_BROKER_DEAL_PRICE_UPDATE = 59674
S_BATTLE_FIELD_ENTRANCE_INFO = 59679
C_GET_USER_LIST = 59715
S_CANNON_BATTLE_FIELD_RESULT = 59753
S_BONFIRE_CHARM_ADDED = 59762
S_DUNGEON_RANK_END_TIME = 59777
C_STOP_VM = 59797
S_LOAD_HINT = 59807
C_PLAYER_LOCATION = 59847
C_REQUEST_CONTRACT = 59907
S_OPEN_VM_SETTING_WINDOW = 59939
S_ROUND_START = 59945
S_PLAY_MAGNETIC = 59957
S_CHECK_CHANGE_GUILDNAME = 59959
S_CHECK_TO_START_GUILD_WAR = 59996
S_SPAWN_PROJECTILE = 60069
S_VOTE_DISMISS_PARTY = 60134
S_CHANGE_GUILD_CHIEF = 60137
C_PETITION_FEEDBACK = 60139
C_REQUEST_USER_ITEMLEVEL_INFO = 60158
S_GUILD_LEVELUP = 60189
S_SHOW_REVIVE_UI = 60205
C_SET_POS = 60218
C_VIEW_MY_GUILD_WAR = 60222
S_CHANGE_PARTY_MANAGER = 60239
C_REJECT_CONTRACT = 60294
C_UPDATE_GUILD_TITLE = 60302
C_LEAVE_UNION = 60308
C_PET_INCUBATOR_GET = 60403
S_DUEL_TAG = 60414
S_START_FIX_VEHICLE = 60439
S_TIMEOVER_CONTRACT = 60443
S_PARTY_MEMBER_ABNORMAL_CLEAR = 60460
S_GACHA_CANCEL = 60467
C_REMOVE_BLOCKED_USER = 60479
S_DESPAWN_NPC = 60496
S_PARTY_MEMBER_CHARM_ENABLE = 60497
S_ITEM_CUSTOM_STRING = 60615
C_START_EXTRACT = 60666
S_TOTAL_GUILD_WAR_DATA = 60673
S_DUEL_TIME = 60693
S_LOAD_CLIENT_USER_SETTING = 60723
S_ADD_CHARM_STATUS = 60748
C_LOGIN_ARBITER = 60751
S_CANCEL_VOTE_DISMISS_PARTY = 60813
S_CHECK_TO_READY_PARTY_FIN = 60822
S_REQUEST_JOINED_CHANNEL_LIST = 60879
S_DUNGEON_TIMER = 60897
S_TRANSFER_KUMAS_BATTLE_FIELD_TREASURE = 60934
C_STORE_BUY_DEL_BASKET = 60959
C_TRADE_BROKER_INPUT_PRICE = 61037
S_GAMBLE_END = 61091
S_GAMBLE_BEGIN = 61092
C_SAVE_CLIENT_USER_SETTING = 61093
S_DELETE_PARCEL = 61103
C_CANCEL_PENDING = 61159
C_GAMBLE_STOP = 61208
C_CLEAR_SEND_PARCEL = 61226
S_VISIT_NEW_TEL_CAMP = 61249
S_VIEW_VM_SETTING_WINDOW = 61335
S_REJECT_CONTRACT = 61348
C_TRADE_BROKER_WAITING_ITEM_LIST_SORT = 61375
S_COUPON_NOTIFY = 61389
S_RELEASE_FROM_PRISON = 61439
S_PLAY_TIME = 61460
S_SPAWN_GAMBLE_BOX = 61541
S_CUSTOMIZING_PARTS_SHAPE_ITEM_LIST = 61562
C_REQUEST_ADD_UNION_POST_COMMAND_MARKER = 61569
S_DELETE_COUPON = 61578
S_PREPARE_EXIT = 61599
S_VERSION_INFO = 61653
S_HOLD_ABNORMALITY_REMOVE = 61671
C_COLLECTION_PICKSTART = 61698
C_GET_GUILD_HISTORY = 61718
S_RANK_MESSAGE = 61741
C_ASK_INTERACTIVE = 61754
S_START_COMMANDER_SKILL = 61820
S_UNION_POST_BATTLE_RESULT = 61849
C_LORD_REGISTER = 61852
S_SHOW_PEGASUS_MAP = 61857
C_TOGGLE_TASK_INFO_WINDOW = 61937
C_GUILD_LEVELUP_CHANGE = 61950
S_IS_NOT_LORD = 61965
C_REQUEST_UPDATE_NOTICE = 62074
C_UNION_MYUNION = 62077
S_PROMOTION_PROCESS = 62111
S_SKILL_FORGET = 62129
C_REQUEST_ITEM_COLORING_VALUE = 62140
S_PROMOTION_SUCCESS = 62147
S_UNION_POST_CHANGE_PK_CP = 62184
S_DUNGEON_NEWBIE = 62197
C_START_PRODUCE = 62247
S_VIEW_BATTLE_FIELD_RANKING_SERVER_LIST = 62249
S_ITEM_UNIDENTIFY_RESULT = 62254
S_KUMAS_BATTLE_FIELD_BOARD = 62324
C_TRADE_BROKER_REGISTERED_ITEM_LIST = 62360
S_CREATE_USER = 62373
S_ACTION_END = 62387
C_ENTER_BATTLE_FIELD = 62551
C_REQUEST_CHANGE_CHARACTER_NAME = 62579
S_STEER_DEBUG_COMMAND = 62597
C_PARCEL_READ_RECV_STATUS = 62605
S_WELCOME_PET_OWNER = 62621
S_DESPAWN_DROPITEM = 62637
C_DELETE_USER = 62695
S_UNION_MYUNION = 62732
S_SPAWN_COLLECTION = 62737
S_NOTIFY_CHANGE_CLASS_AND_ELITE = 62782
S_ASK_EXPAND_INVEN_SIZE = 62783
S_PLAYER_CHANGE_UNION_SKILL_COUNT = 62898
C_RESTORE_CUSTOMIZING_PARTS_SHAPE = 62929
C_COMMIT_INGAME_CHANGE_USER_APPEARANCE = 62951
S_TRADE_BROKER_REGISTERED_ITEM_LIST = 62970
S_REQUEST_GUILD_INFO_BEFORE_APPLY_GUILD = 62982
S_DESPAWN_PROJECTILE = 62998
S_BATTLE_FIELD_HELP = 63000
S_EACH_SKILL_RESULT = 63009
C_DUNGEON_SUMMON_PARTY = 63011
C_DEL_FROM_TEMPER_MATERIAL = 63018
S_INGAMESHOP_CATEGORY_BEGIN = 63022
C_DELETE_TELEPORT_TO_POS_LIST = 63055
C_SIMPLE_TIP_REPEAT_CHECK = 63070
M_PONG = 63137
S_PREMIUM_COMPOSE_UI_INFO = 63160
C_GUARD_PK_POLICY = 63222
C_SHOW_PETMANAGER = 63229
S_SET_GUILD_JOIN_ACCEPT = 63258
C_BATTLE_FIELD_POINT_STORE_BUY_ADD_BASKET = 63316
C_CAN_LOCKON_TARGET = 63365
S_POLITICS_POINT_STORE_SELL_LIST = 63370
C_CHAT_REPORT = 63386
C_TRADE_BROKER_HIGHEST_ITEM_LEVEL = 63410
S_BETTING_START = 63420
S_GUILD_MEMBER_LIST = 63429
C_EDIT_BLOCKED_USER_MEMO = 63484
C_END_RESTORE_CUSTOMIZING_PARTS_SHAPE = 63504
S_UNION_ATTACKED_FORCE_STONE_POS = 63552
S_ANSWER_INTERACTIVE = 63569
S_EMITTER_SET_Z = 63602
C_BETTING_TRY = 63624
C_LORD_TAX_SET = 63686
S_KNOCK_BACK = 63745
S_SIMPLE_TIP_REPEAT_CHECK = 63802
S_SET_VISIBLE = 63815
S_CANCEL_PARTY_MEMBER_BAN = 63919
C_SELECT_USER = 63935
C_SHOW_TRADE_ITEM = 64007
S_INIT_KUMAS_BATTLE_FIELD = 64098
C_REQUEST_CHANNEL_INFO = 64116
S_REQUEST_INGAMESTORE_PRODUCT_DETAIL = 64141
C_REQUEST_UNION_POST_BATTLE_RESULT = 64142
C_PARTY_APPLICATION_DENIED = 64201
S_BATTLE_FIELD_SEASON_RANKER = 64222
C_CHANGE_GUILDNAME = 64250
S_RIGHT_ITEM_LIST = 64265
S_START_VM_BUY = 64278
C_ADMIN_REQUEST_DEFAULT_BOOKMARK = 64311
S_MUTE = 64320
C_REQUEST_GUILD_INFO_BEFORE_APPLY_GUILD = 64338
S_PREMIUM_COMPOSE_RESET = 64349
S_SHOW_CREST_LEARN = 64360
S_USER_EXTERNAL_CHANGE = 64393
S_JOIN_UNION = 64400
C_LIST_CHANNEL = 64403
S_PET_ATTACKED = 64433
S_INGAMESHOP_PRODUCT_TAG = 64444
C_JOIN_PRIVATE_CHANNEL = 64483
S_ADMIN_GET_USERINFO_SKILL = 64500
C_DESTROY_GUILD = 64503
S_GACHA_START = 64532
C_REMOVE_COLORING_POTION = 64567
S_PET_INCUBATOR_PROGRESS = 64617
S_CLEAR_QUEST_INFO = 64645
S_GET_WARE_ITEM = 64651
S_INIT_ROUND_PVP_BATTLE_FIELD = 64660
C_TELEPORT_TO_POS = 64678
S_SET_POS = 64699
C_END_CLIMBING = 64722
C_ADMIN_REMOVE_CUSTOM_BOOKMARK = 64738
S_FIN_SNOW_EVENT_BATTLE_FIELD = 64743
S_BEGIN_THROUGH_ARBITER_CONTRACT = 64750
S_OBTAIN_TOKEN_ITEM = 64759
C_TRADE_BROKER_SOLD_ITEM_LIST = 64785
C_UNION_PRE_CONSUL_LIST = 64817
S_SPAWN_BUILD_OBJECT = 64840
C_CLOSE_VM = 64869
C_UNREGISTER_VM_SELL_ITEM = 64910
S_RESET_CHARM_STATUS = 64926
C_REMOVE_ITEM_FROM_VM_SELL_BASKET = 65012
S_USE_COUPON = 65023
S_OPEN_BOARD = 65037
S_CHANGE_PARTY_MEMBER_AUTHORITY = 65049
C_ROLLBACK_QUEST = 65064
S_CREST_CHANGE_FAIL = 65088
S_UNEQUIP_ITEM = 65136
S_PLAYER_AVATAR_STAT_UPDATE = 65174
S_ADD_TO_TEMPER_MATERIAL_EX = 65195
S_INGAMESHOP_PRODUCT_SUBPROD = 65206
C_ADMIN_GM_SKILL = 65226
S_TRADE_BROKER_BOUGHT_ITEM_LIST = 65249
S_ABNORMALITY_DAMAGE_ABSORB = 65303
C_REQUEST_GAMESTAT_PING = 65337
C_PREMIUM_COMPOSE_TRY = 65393
S_PARTY_MEMBER_CHANGE_MP = 65399
S_RESPONSE_GAMESTAT_PONG = 65407
C_MAIN_MENU_COMMAND_EXEC = 65414
S_REPLY_GUILD_LIST = 65436